[1.128s] Invoking command in '/home/rai-m/robosys/src/fight': PYTHONPATH=/home/rai-m/robosys/build/fight/prefix_override:/usr/lib/python3/dist-packages/colcon_core/task/python/colcon_distutils_commands:/home/rai-m/robosys/install/fight/lib/python3.10/site-packages:${PYTHONPATH} /usr/bin/python3 -W ignore:setup.py install is deprecated -W ignore:easy_install command is deprecated setup.py egg_info --egg-base ../../build/fight build --build-base /home/rai-m/robosys/build/fight/build install --record /home/rai-m/robosys/build/fight/install.log --single-version-externally-managed install_data
[1.411s] running egg_info
[1.412s] writing ../../build/fight/fight.egg-info/PKG-INFO
[1.414s] writing dependency_links to ../../build/fight/fight.egg-info/dependency_links.txt
[1.416s] writing entry points to ../../build/fight/fight.egg-info/entry_points.txt
[1.416s] writing requirements to ../../build/fight/fight.egg-info/requires.txt
[1.416s] writing top-level names to ../../build/fight/fight.egg-info/top_level.txt
[1.418s] reading manifest file '../../build/fight/fight.egg-info/SOURCES.txt'
[1.419s] adding license file 'LICENSE'
[1.419s] writing manifest file '../../build/fight/fight.egg-info/SOURCES.txt'
[1.419s] running build
[1.419s] running build_py
[1.420s] running install
[1.421s] running install_lib
[1.423s] running install_data
[1.423s] copying package.xml -> /home/rai-m/robosys/install/fight/share/fight
[1.423s] running install_egg_info
[1.427s] removing '/home/rai-m/robosys/install/fight/lib/python3.10/site-packages/fight-0.0.0-py3.10.egg-info' (and everything under it)
[1.427s] Copying ../../build/fight/fight.egg-info to /home/rai-m/robosys/install/fight/lib/python3.10/site-packages/fight-0.0.0-py3.10.egg-info
[1.427s] running install_scripts
[1.461s] Installing fightCli script to /home/rai-m/robosys/install/fight/lib/fight
[1.462s] Installing fightGui script to /home/rai-m/robosys/install/fight/lib/fight
[1.462s] Installing fightSv script to /home/rai-m/robosys/install/fight/lib/fight
[1.463s] writing list of installed files to '/home/rai-m/robosys/build/fight/install.log'
[1.497s] Invoked command in '/home/rai-m/robosys/src/fight' returned '0': PYTHONPATH=/home/rai-m/robosys/build/fight/prefix_override:/usr/lib/python3/dist-packages/colcon_core/task/python/colcon_distutils_commands:/home/rai-m/robosys/install/fight/lib/python3.10/site-packages:${PYTHONPATH} /usr/bin/python3 -W ignore:setup.py install is deprecated -W ignore:easy_install command is deprecated setup.py egg_info --egg-base ../../build/fight build --build-base /home/rai-m/robosys/build/fight/build install --record /home/rai-m/robosys/build/fight/install.log --single-version-externally-managed install_data
