[0.480s] Invoking command in '/home/rai-m/robosys/src/fight': PYTHONPATH=/home/rai-m/robosys/build/fight/prefix_override:/usr/lib/python3/dist-packages/colcon_core/task/python/colcon_distutils_commands:/home/rai-m/robosys/install/fight/lib/python3.10/site-packages:${PYTHONPATH} /usr/bin/python3 -W ignore:setup.py install is deprecated -W ignore:easy_install command is deprecated setup.py egg_info --egg-base ../../build/fight build --build-base /home/rai-m/robosys/build/fight/build install --record /home/rai-m/robosys/build/fight/install.log --single-version-externally-managed install_data
[0.641s] running egg_info
[0.643s] writing ../../build/fight/fight.egg-info/PKG-INFO
[0.643s] writing dependency_links to ../../build/fight/fight.egg-info/dependency_links.txt
[0.644s] writing entry points to ../../build/fight/fight.egg-info/entry_points.txt
[0.644s] writing requirements to ../../build/fight/fight.egg-info/requires.txt
[0.644s] writing top-level names to ../../build/fight/fight.egg-info/top_level.txt
[0.645s] reading manifest file '../../build/fight/fight.egg-info/SOURCES.txt'
[0.645s] adding license file 'LICENSE'
[0.646s] writing manifest file '../../build/fight/fight.egg-info/SOURCES.txt'
[0.646s] running build
[0.646s] running build_py
[0.646s] copying fight/fightClientK.py -> /home/rai-m/robosys/build/fight/build/lib/fight
[0.646s] running install
[0.646s] running install_lib
[0.646s] copying /home/rai-m/robosys/build/fight/build/lib/fight/fightClientK.py -> /home/rai-m/robosys/install/fight/lib/python3.10/site-packages/fight
[0.647s] byte-compiling /home/rai-m/robosys/install/fight/lib/python3.10/site-packages/fight/fightClientK.py to fightClientK.cpython-310.pyc
[0.648s] running install_data
[0.648s] running install_egg_info
[0.654s] removing '/home/rai-m/robosys/install/fight/lib/python3.10/site-packages/fight-0.0.0-py3.10.egg-info' (and everything under it)
[0.654s] Copying ../../build/fight/fight.egg-info to /home/rai-m/robosys/install/fight/lib/python3.10/site-packages/fight-0.0.0-py3.10.egg-info
[0.655s] running install_scripts
[0.665s] Installing fightCli script to /home/rai-m/robosys/install/fight/lib/fight
[0.665s] Installing fightGui script to /home/rai-m/robosys/install/fight/lib/fight
[0.665s] Installing fightSv script to /home/rai-m/robosys/install/fight/lib/fight
[0.665s] writing list of installed files to '/home/rai-m/robosys/build/fight/install.log'
[0.682s] Invoked command in '/home/rai-m/robosys/src/fight' returned '0': PYTHONPATH=/home/rai-m/robosys/build/fight/prefix_override:/usr/lib/python3/dist-packages/colcon_core/task/python/colcon_distutils_commands:/home/rai-m/robosys/install/fight/lib/python3.10/site-packages:${PYTHONPATH} /usr/bin/python3 -W ignore:setup.py install is deprecated -W ignore:easy_install command is deprecated setup.py egg_info --egg-base ../../build/fight build --build-base /home/rai-m/robosys/build/fight/build install --record /home/rai-m/robosys/build/fight/install.log --single-version-externally-managed install_data
