[0.011s] Invoking command in '/home/rai-m/robosys/build/rsysmsg': CMAKE_PREFIX_PATH=${CMAKE_PREFIX_PATH}:/home/rai-m/robosys/install/fight:/home/rai-m/mlr01_ws/install/lp01:/home/rai-m/test1_ws/install/robo02:/home/rai-m/test1_ws/install/robo01:/home/rai-m/test1_ws/install/py_pubsub:/home/rai-m/test1_ws/install/my_package2:/home/rai-m/test1_ws/install/my_package:/home/rai-m/test1_ws/install/multi01:/opt/ros/humble /usr/bin/cmake --build /home/rai-m/robosys/build/rsysmsg -- -j22 -l22
[0.036s] -- Found ament_cmake: 1.3.12 (/opt/ros/humble/share/ament_cmake/cmake)
[0.141s] -- Found geometry_msgs: 4.9.0 (/opt/ros/humble/share/geometry_msgs/cmake)
[0.250s] -- Found rosidl_generator_c: 3.1.7 (/opt/ros/humble/share/rosidl_generator_c/cmake)
[0.251s] -- Found rosidl_adapter: 3.1.7 (/opt/ros/humble/share/rosidl_adapter/cmake)
[0.257s] -- Found rosidl_generator_cpp: 3.1.7 (/opt/ros/humble/share/rosidl_generator_cpp/cmake)
[0.263s] -- Using all available rosidl_typesupport_c: rosidl_typesupport_fastrtps_c;rosidl_typesupport_introspection_c
[0.270s] -- Using all available rosidl_typesupport_cpp: rosidl_typesupport_fastrtps_cpp;rosidl_typesupport_introspection_cpp
[0.295s] -- Found rosidl_default_generators: 1.2.0 (/opt/ros/humble/share/rosidl_default_generators/cmake)
[0.520s] -- Found ament_cmake_ros: 0.10.0 (/opt/ros/humble/share/ament_cmake_ros/cmake)
[0.758s] -- Using all available rosidl_typesupport_c: rosidl_typesupport_fastrtps_c;rosidl_typesupport_introspection_c
[0.852s] -- Using all available rosidl_typesupport_cpp: rosidl_typesupport_fastrtps_cpp;rosidl_typesupport_introspection_cpp
[0.874s] -- Found python_cmake_module: 0.10.0 (/opt/ros/humble/share/python_cmake_module/cmake)
[0.892s] -- Using PYTHON_EXECUTABLE: /usr/bin/python3
[0.892s] -- Using PYTHON_INCLUDE_DIRS: /usr/include/python3.10
[0.892s] -- Using PYTHON_LIBRARIES: /usr/lib/x86_64-linux-gnu/libpython3.10.so
[0.901s] -- Found ament_lint_auto: 0.12.14 (/opt/ros/humble/share/ament_lint_auto/cmake)
[0.910s] -- Added test 'lint_cmake' to check CMake code style
[0.911s] -- Added test 'xmllint' to check XML markup files
[0.912s] -- Configuring done
[0.939s] -- Generating done
[0.947s] -- Build files have been written to: /home/rai-m/robosys/build/rsysmsg
[0.974s] [  5%] [34m[1mGenerating C code for ROS interfaces[0m
[0.974s] [  5%] [34m[1mGenerating C++ code for ROS interfaces[0m
[0.990s] [  5%] Built target ament_cmake_python_copy_rsysmsg
[1.187s] running egg_info
[1.188s] writing rsysmsg.egg-info/PKG-INFO
[1.188s] writing dependency_links to rsysmsg.egg-info/dependency_links.txt
[1.188s] writing top-level names to rsysmsg.egg-info/top_level.txt
[1.188s] reading manifest file 'rsysmsg.egg-info/SOURCES.txt'
[1.188s] writing manifest file 'rsysmsg.egg-info/SOURCES.txt'
[1.210s] [  5%] Built target rsysmsg__cpp
[1.216s] [  5%] Built target ament_cmake_python_build_rsysmsg_egg
[1.216s] [  7%] [34m[1mGenerating C++ type support dispatch for ROS interfaces[0m
[1.219s] [ 10%] [34m[1mGenerating C++ type support for eProsima Fast-RTPS[0m
[1.222s] [ 12%] [34m[1mGenerating C++ introspection for ROS interfaces[0m
[1.222s] [ 15%] [32mBuilding C object CMakeFiles/rsysmsg__rosidl_generator_c.dir/rosidl_generator_c/rsysmsg/msg/detail/num__functions.c.o[0m
[1.224s] [ 17%] [32mBuilding C object CMakeFiles/rsysmsg__rosidl_generator_c.dir/rosidl_generator_c/rsysmsg/srv/detail/name__functions.c.o[0m
[1.274s] [ 20%] [32m[1mLinking C shared library librsysmsg__rosidl_generator_c.so[0m
[1.336s] [ 20%] Built target rsysmsg__rosidl_generator_c
[1.343s] [ 23%] [34m[1mGenerating C introspection for ROS interfaces[0m
[1.343s] [ 25%] [34m[1mGenerating C type support for eProsima Fast-RTPS[0m
[1.346s] [ 28%] [34m[1mGenerating C type support dispatch for ROS interfaces[0m
[1.394s] [ 30%] [32mBuilding CXX object CMakeFiles/rsysmsg__rosidl_typesupport_cpp.dir/rosidl_typesupport_cpp/rsysmsg/msg/num__type_support.cpp.o[0m
[1.394s] [ 33%] [32mBuilding CXX object CMakeFiles/rsysmsg__rosidl_typesupport_cpp.dir/rosidl_typesupport_cpp/rsysmsg/srv/name__type_support.cpp.o[0m
[1.416s] [ 35%] [32mBuilding CXX object CMakeFiles/rsysmsg__rosidl_typesupport_introspection_cpp.dir/rosidl_typesupport_introspection_cpp/rsysmsg/srv/detail/name__type_support.cpp.o[0m
[1.416s] [ 38%] [32mBuilding CXX object CMakeFiles/rsysmsg__rosidl_typesupport_introspection_cpp.dir/rosidl_typesupport_introspection_cpp/rsysmsg/msg/detail/num__type_support.cpp.o[0m
[1.447s] [ 41%] [32mBuilding CXX object CMakeFiles/rsysmsg__rosidl_typesupport_fastrtps_cpp.dir/rosidl_typesupport_fastrtps_cpp/rsysmsg/srv/detail/dds_fastrtps/name__type_support.cpp.o[0m
[1.459s] [ 43%] [32mBuilding CXX object CMakeFiles/rsysmsg__rosidl_typesupport_fastrtps_cpp.dir/rosidl_typesupport_fastrtps_cpp/rsysmsg/msg/detail/dds_fastrtps/num__type_support.cpp.o[0m
[1.573s] [ 46%] [32mBuilding CXX object CMakeFiles/rsysmsg__rosidl_typesupport_c.dir/rosidl_typesupport_c/rsysmsg/srv/name__type_support.cpp.o[0m
[1.576s] [ 48%] [32mBuilding CXX object CMakeFiles/rsysmsg__rosidl_typesupport_c.dir/rosidl_typesupport_c/rsysmsg/msg/num__type_support.cpp.o[0m
[1.611s] [ 51%] [32mBuilding CXX object CMakeFiles/rsysmsg__rosidl_typesupport_fastrtps_c.dir/rosidl_typesupport_fastrtps_c/rsysmsg/msg/detail/num__type_support_c.cpp.o[0m
[1.611s] [ 53%] [32m[1mLinking CXX shared library librsysmsg__rosidl_typesupport_c.so[0m
[1.614s] [ 56%] [32mBuilding CXX object CMakeFiles/rsysmsg__rosidl_typesupport_fastrtps_c.dir/rosidl_typesupport_fastrtps_c/rsysmsg/srv/detail/name__type_support_c.cpp.o[0m
[1.667s] [ 58%] [32m[1mLinking CXX shared library librsysmsg__rosidl_typesupport_cpp.so[0m
[1.724s] [ 61%] [32mBuilding C object CMakeFiles/rsysmsg__rosidl_typesupport_introspection_c.dir/rosidl_typesupport_introspection_c/rsysmsg/srv/detail/name__type_support.c.o[0m
[1.724s] [ 64%] [32mBuilding C object CMakeFiles/rsysmsg__rosidl_typesupport_introspection_c.dir/rosidl_typesupport_introspection_c/rsysmsg/msg/detail/num__type_support.c.o[0m
[1.755s] [ 69%] [32m[1mLinking CXX shared library librsysmsg__rosidl_typesupport_introspection_cpp.so[0m
[1.755s] [ 69%] [32m[1mLinking C shared library librsysmsg__rosidl_typesupport_introspection_c.so[0m
[1.802s] [ 69%] Built target rsysmsg__rosidl_typesupport_c
[1.803s] [ 69%] Built target rsysmsg__rosidl_typesupport_cpp
[1.825s] [ 69%] Built target rsysmsg__rosidl_typesupport_introspection_c
[1.852s] [ 69%] Built target rsysmsg__rosidl_typesupport_introspection_cpp
[1.862s] [ 71%] [32m[1mLinking CXX shared library librsysmsg__rosidl_typesupport_fastrtps_cpp.so[0m
[1.873s] [ 74%] [32m[1mLinking CXX shared library librsysmsg__rosidl_typesupport_fastrtps_c.so[0m
[1.969s] [ 74%] Built target rsysmsg__rosidl_typesupport_fastrtps_cpp
[1.972s] [ 74%] Built target rsysmsg__rosidl_typesupport_fastrtps_c
[1.986s] [ 74%] Built target rsysmsg
[2.003s] [ 76%] [34m[1mGenerating Python code for ROS interfaces[0m
[2.313s] [ 76%] Built target rsysmsg__py
[2.327s] [ 82%] [32mBuilding C object CMakeFiles/rsysmsg__rosidl_generator_py.dir/rosidl_generator_py/rsysmsg/srv/_name_s.c.o[0m
[2.327s] [ 82%] [32mBuilding C object CMakeFiles/rsysmsg__rosidl_generator_py.dir/rosidl_generator_py/rsysmsg/msg/_num_s.c.o[0m
[2.442s] [ 84%] [32m[1mLinking C shared library rosidl_generator_py/rsysmsg/librsysmsg__rosidl_generator_py.so[0m
[2.507s] [ 84%] Built target rsysmsg__rosidl_generator_py
[2.521s] [ 87%] [32mBuilding C object CMakeFiles/rsysmsg__rosidl_typesupport_c__pyext.dir/rosidl_generator_py/rsysmsg/_rsysmsg_s.ep.rosidl_typesupport_c.c.o[0m
[2.526s] [ 89%] [32mBuilding C object CMakeFiles/rsysmsg__rosidl_typesupport_introspection_c__pyext.dir/rosidl_generator_py/rsysmsg/_rsysmsg_s.ep.rosidl_typesupport_introspection_c.c.o[0m
[2.527s] [ 92%] [32mBuilding C object CMakeFiles/rsysmsg__rosidl_typesupport_fastrtps_c__pyext.dir/rosidl_generator_py/rsysmsg/_rsysmsg_s.ep.rosidl_typesupport_fastrtps_c.c.o[0m
[2.583s] [ 94%] [32m[1mLinking C shared library rosidl_generator_py/rsysmsg/rsysmsg_s__rosidl_typesupport_c.cpython-310-x86_64-linux-gnu.so[0m
[2.591s] [ 97%] [32m[1mLinking C shared library rosidl_generator_py/rsysmsg/rsysmsg_s__rosidl_typesupport_fastrtps_c.cpython-310-x86_64-linux-gnu.so[0m
[2.598s] [100%] [32m[1mLinking C shared library rosidl_generator_py/rsysmsg/rsysmsg_s__rosidl_typesupport_introspection_c.cpython-310-x86_64-linux-gnu.so[0m
[2.650s] [100%] Built target rsysmsg__rosidl_typesupport_introspection_c__pyext
[2.650s] [100%] Built target rsysmsg__rosidl_typesupport_fastrtps_c__pyext
[2.650s] [100%] Built target rsysmsg__rosidl_typesupport_c__pyext
[2.657s] Invoked command in '/home/rai-m/robosys/build/rsysmsg' returned '0': CMAKE_PREFIX_PATH=${CMAKE_PREFIX_PATH}:/home/rai-m/robosys/install/fight:/home/rai-m/mlr01_ws/install/lp01:/home/rai-m/test1_ws/install/robo02:/home/rai-m/test1_ws/install/robo01:/home/rai-m/test1_ws/install/py_pubsub:/home/rai-m/test1_ws/install/my_package2:/home/rai-m/test1_ws/install/my_package:/home/rai-m/test1_ws/install/multi01:/opt/ros/humble /usr/bin/cmake --build /home/rai-m/robosys/build/rsysmsg -- -j22 -l22
[2.664s] Invoking command in '/home/rai-m/robosys/build/rsysmsg': CMAKE_PREFIX_PATH=${CMAKE_PREFIX_PATH}:/home/rai-m/robosys/install/fight:/home/rai-m/mlr01_ws/install/lp01:/home/rai-m/test1_ws/install/robo02:/home/rai-m/test1_ws/install/robo01:/home/rai-m/test1_ws/install/py_pubsub:/home/rai-m/test1_ws/install/my_package2:/home/rai-m/test1_ws/install/my_package:/home/rai-m/test1_ws/install/multi01:/opt/ros/humble /usr/bin/cmake --install /home/rai-m/robosys/build/rsysmsg
[2.669s] -- Install configuration: ""
[2.670s] -- Installing: /home/rai-m/robosys/install/rsysmsg/share/ament_index/resource_index/rosidl_interfaces/rsysmsg
[2.670s] -- Installing: /home/rai-m/robosys/install/rsysmsg/include/rsysmsg/rsysmsg
[2.670s] -- Installing: /home/rai-m/robosys/install/rsysmsg/include/rsysmsg/rsysmsg/msg
[2.670s] -- Installing: /home/rai-m/robosys/install/rsysmsg/include/rsysmsg/rsysmsg/msg/rosidl_generator_c__visibility_control.h
[2.670s] -- Installing: /home/rai-m/robosys/install/rsysmsg/include/rsysmsg/rsysmsg/msg/detail
[2.671s] -- Installing: /home/rai-m/robosys/install/rsysmsg/include/rsysmsg/rsysmsg/msg/detail/num__functions.h
[2.671s] -- Installing: /home/rai-m/robosys/install/rsysmsg/include/rsysmsg/rsysmsg/msg/detail/num__functions.c
[2.671s] -- Installing: /home/rai-m/robosys/install/rsysmsg/include/rsysmsg/rsysmsg/msg/detail/num__struct.h
[2.671s] -- Installing: /home/rai-m/robosys/install/rsysmsg/include/rsysmsg/rsysmsg/msg/detail/num__type_support.h
[2.671s] -- Installing: /home/rai-m/robosys/install/rsysmsg/include/rsysmsg/rsysmsg/msg/num.h
[2.671s] -- Installing: /home/rai-m/robosys/install/rsysmsg/include/rsysmsg/rsysmsg/srv
[2.671s] -- Installing: /home/rai-m/robosys/install/rsysmsg/include/rsysmsg/rsysmsg/srv/detail
[2.671s] -- Installing: /home/rai-m/robosys/install/rsysmsg/include/rsysmsg/rsysmsg/srv/detail/name__functions.h
[2.671s] -- Installing: /home/rai-m/robosys/install/rsysmsg/include/rsysmsg/rsysmsg/srv/detail/name__type_support.h
[2.671s] -- Installing: /home/rai-m/robosys/install/rsysmsg/include/rsysmsg/rsysmsg/srv/detail/name__functions.c
[2.671s] -- Installing: /home/rai-m/robosys/install/rsysmsg/include/rsysmsg/rsysmsg/srv/detail/name__struct.h
[2.671s] -- Installing: /home/rai-m/robosys/install/rsysmsg/include/rsysmsg/rsysmsg/srv/name.h
[2.671s] -- Installing: /home/rai-m/robosys/install/rsysmsg/share/rsysmsg/environment/library_path.sh
[2.672s] -- Installing: /home/rai-m/robosys/install/rsysmsg/share/rsysmsg/environment/library_path.dsv
[2.672s] -- Installing: /home/rai-m/robosys/install/rsysmsg/lib/librsysmsg__rosidl_generator_c.so
[2.672s] -- Set runtime path of "/home/rai-m/robosys/install/rsysmsg/lib/librsysmsg__rosidl_generator_c.so" to ""
[2.672s] -- Up-to-date: /home/rai-m/robosys/install/rsysmsg/include/rsysmsg/rsysmsg
[2.672s] -- Up-to-date: /home/rai-m/robosys/install/rsysmsg/include/rsysmsg/rsysmsg/msg
[2.673s] -- Installing: /home/rai-m/robosys/install/rsysmsg/include/rsysmsg/rsysmsg/msg/rosidl_typesupport_fastrtps_c__visibility_control.h
[2.673s] -- Up-to-date: /home/rai-m/robosys/install/rsysmsg/include/rsysmsg/rsysmsg/msg/detail
[2.673s] -- Installing: /home/rai-m/robosys/install/rsysmsg/include/rsysmsg/rsysmsg/msg/detail/num__rosidl_typesupport_fastrtps_c.h
[2.673s] -- Up-to-date: /home/rai-m/robosys/install/rsysmsg/include/rsysmsg/rsysmsg/srv
[2.673s] -- Up-to-date: /home/rai-m/robosys/install/rsysmsg/include/rsysmsg/rsysmsg/srv/detail
[2.673s] -- Installing: /home/rai-m/robosys/install/rsysmsg/include/rsysmsg/rsysmsg/srv/detail/name__rosidl_typesupport_fastrtps_c.h
[2.673s] -- Installing: /home/rai-m/robosys/install/rsysmsg/lib/librsysmsg__rosidl_typesupport_fastrtps_c.so
[2.673s] -- Set runtime path of "/home/rai-m/robosys/install/rsysmsg/lib/librsysmsg__rosidl_typesupport_fastrtps_c.so" to ""
[2.673s] -- Up-to-date: /home/rai-m/robosys/install/rsysmsg/include/rsysmsg/rsysmsg
[2.673s] -- Up-to-date: /home/rai-m/robosys/install/rsysmsg/include/rsysmsg/rsysmsg/msg
[2.673s] -- Installing: /home/rai-m/robosys/install/rsysmsg/include/rsysmsg/rsysmsg/msg/num.hpp
[2.674s] -- Up-to-date: /home/rai-m/robosys/install/rsysmsg/include/rsysmsg/rsysmsg/msg/detail
[2.674s] -- Installing: /home/rai-m/robosys/install/rsysmsg/include/rsysmsg/rsysmsg/msg/detail/num__type_support.hpp
[2.674s] -- Installing: /home/rai-m/robosys/install/rsysmsg/include/rsysmsg/rsysmsg/msg/detail/num__traits.hpp
[2.674s] -- Installing: /home/rai-m/robosys/install/rsysmsg/include/rsysmsg/rsysmsg/msg/detail/num__struct.hpp
[2.674s] -- Installing: /home/rai-m/robosys/install/rsysmsg/include/rsysmsg/rsysmsg/msg/detail/num__builder.hpp
[2.674s] -- Installing: /home/rai-m/robosys/install/rsysmsg/include/rsysmsg/rsysmsg/msg/rosidl_generator_cpp__visibility_control.hpp
[2.674s] -- Up-to-date: /home/rai-m/robosys/install/rsysmsg/include/rsysmsg/rsysmsg/srv
[2.674s] -- Installing: /home/rai-m/robosys/install/rsysmsg/include/rsysmsg/rsysmsg/srv/name.hpp
[2.674s] -- Up-to-date: /home/rai-m/robosys/install/rsysmsg/include/rsysmsg/rsysmsg/srv/detail
[2.674s] -- Installing: /home/rai-m/robosys/install/rsysmsg/include/rsysmsg/rsysmsg/srv/detail/name__type_support.hpp
[2.674s] -- Installing: /home/rai-m/robosys/install/rsysmsg/include/rsysmsg/rsysmsg/srv/detail/name__traits.hpp
[2.674s] -- Installing: /home/rai-m/robosys/install/rsysmsg/include/rsysmsg/rsysmsg/srv/detail/name__builder.hpp
[2.675s] -- Installing: /home/rai-m/robosys/install/rsysmsg/include/rsysmsg/rsysmsg/srv/detail/name__struct.hpp
[2.675s] -- Up-to-date: /home/rai-m/robosys/install/rsysmsg/include/rsysmsg/rsysmsg
[2.675s] -- Up-to-date: /home/rai-m/robosys/install/rsysmsg/include/rsysmsg/rsysmsg/msg
[2.675s] -- Installing: /home/rai-m/robosys/install/rsysmsg/include/rsysmsg/rsysmsg/msg/rosidl_typesupport_fastrtps_cpp__visibility_control.h
[2.675s] -- Up-to-date: /home/rai-m/robosys/install/rsysmsg/include/rsysmsg/rsysmsg/msg/detail
[2.675s] -- Installing: /home/rai-m/robosys/install/rsysmsg/include/rsysmsg/rsysmsg/msg/detail/dds_fastrtps
[2.675s] -- Installing: /home/rai-m/robosys/install/rsysmsg/include/rsysmsg/rsysmsg/msg/detail/num__rosidl_typesupport_fastrtps_cpp.hpp
[2.675s] -- Up-to-date: /home/rai-m/robosys/install/rsysmsg/include/rsysmsg/rsysmsg/srv
[2.675s] -- Up-to-date: /home/rai-m/robosys/install/rsysmsg/include/rsysmsg/rsysmsg/srv/detail
[2.675s] -- Installing: /home/rai-m/robosys/install/rsysmsg/include/rsysmsg/rsysmsg/srv/detail/name__rosidl_typesupport_fastrtps_cpp.hpp
[2.675s] -- Installing: /home/rai-m/robosys/install/rsysmsg/include/rsysmsg/rsysmsg/srv/detail/dds_fastrtps
[2.675s] -- Installing: /home/rai-m/robosys/install/rsysmsg/lib/librsysmsg__rosidl_typesupport_fastrtps_cpp.so
[2.675s] -- Set runtime path of "/home/rai-m/robosys/install/rsysmsg/lib/librsysmsg__rosidl_typesupport_fastrtps_cpp.so" to ""
[2.675s] -- Up-to-date: /home/rai-m/robosys/install/rsysmsg/include/rsysmsg/rsysmsg
[2.676s] -- Up-to-date: /home/rai-m/robosys/install/rsysmsg/include/rsysmsg/rsysmsg/msg
[2.676s] -- Installing: /home/rai-m/robosys/install/rsysmsg/include/rsysmsg/rsysmsg/msg/rosidl_typesupport_introspection_c__visibility_control.h
[2.676s] -- Up-to-date: /home/rai-m/robosys/install/rsysmsg/include/rsysmsg/rsysmsg/msg/detail
[2.676s] -- Installing: /home/rai-m/robosys/install/rsysmsg/include/rsysmsg/rsysmsg/msg/detail/num__type_support.c
[2.676s] -- Installing: /home/rai-m/robosys/install/rsysmsg/include/rsysmsg/rsysmsg/msg/detail/num__rosidl_typesupport_introspection_c.h
[2.676s] -- Up-to-date: /home/rai-m/robosys/install/rsysmsg/include/rsysmsg/rsysmsg/srv
[2.676s] -- Up-to-date: /home/rai-m/robosys/install/rsysmsg/include/rsysmsg/rsysmsg/srv/detail
[2.676s] -- Installing: /home/rai-m/robosys/install/rsysmsg/include/rsysmsg/rsysmsg/srv/detail/name__type_support.c
[2.676s] -- Installing: /home/rai-m/robosys/install/rsysmsg/include/rsysmsg/rsysmsg/srv/detail/name__rosidl_typesupport_introspection_c.h
[2.676s] -- Installing: /home/rai-m/robosys/install/rsysmsg/lib/librsysmsg__rosidl_typesupport_introspection_c.so
[2.676s] -- Set runtime path of "/home/rai-m/robosys/install/rsysmsg/lib/librsysmsg__rosidl_typesupport_introspection_c.so" to ""
[2.676s] -- Installing: /home/rai-m/robosys/install/rsysmsg/lib/librsysmsg__rosidl_typesupport_c.so
[2.676s] -- Set runtime path of "/home/rai-m/robosys/install/rsysmsg/lib/librsysmsg__rosidl_typesupport_c.so" to ""
[2.676s] -- Up-to-date: /home/rai-m/robosys/install/rsysmsg/include/rsysmsg/rsysmsg
[2.676s] -- Up-to-date: /home/rai-m/robosys/install/rsysmsg/include/rsysmsg/rsysmsg/msg
[2.676s] -- Up-to-date: /home/rai-m/robosys/install/rsysmsg/include/rsysmsg/rsysmsg/msg/detail
[2.676s] -- Installing: /home/rai-m/robosys/install/rsysmsg/include/rsysmsg/rsysmsg/msg/detail/num__rosidl_typesupport_introspection_cpp.hpp
[2.676s] -- Installing: /home/rai-m/robosys/install/rsysmsg/include/rsysmsg/rsysmsg/msg/detail/num__type_support.cpp
[2.677s] -- Up-to-date: /home/rai-m/robosys/install/rsysmsg/include/rsysmsg/rsysmsg/srv
[2.677s] -- Up-to-date: /home/rai-m/robosys/install/rsysmsg/include/rsysmsg/rsysmsg/srv/detail
[2.677s] -- Installing: /home/rai-m/robosys/install/rsysmsg/include/rsysmsg/rsysmsg/srv/detail/name__type_support.cpp
[2.677s] -- Installing: /home/rai-m/robosys/install/rsysmsg/include/rsysmsg/rsysmsg/srv/detail/name__rosidl_typesupport_introspection_cpp.hpp
[2.677s] -- Installing: /home/rai-m/robosys/install/rsysmsg/lib/librsysmsg__rosidl_typesupport_introspection_cpp.so
[2.677s] -- Set runtime path of "/home/rai-m/robosys/install/rsysmsg/lib/librsysmsg__rosidl_typesupport_introspection_cpp.so" to ""
[2.677s] -- Installing: /home/rai-m/robosys/install/rsysmsg/lib/librsysmsg__rosidl_typesupport_cpp.so
[2.677s] -- Set runtime path of "/home/rai-m/robosys/install/rsysmsg/lib/librsysmsg__rosidl_typesupport_cpp.so" to ""
[2.678s] -- Installing: /home/rai-m/robosys/install/rsysmsg/share/rsysmsg/environment/pythonpath.sh
[2.678s] -- Installing: /home/rai-m/robosys/install/rsysmsg/share/rsysmsg/environment/pythonpath.dsv
[2.678s] -- Installing: /home/rai-m/robosys/install/rsysmsg/local/lib/python3.10/dist-packages/rsysmsg-0.0.0-py3.10.egg-info
[2.678s] -- Installing: /home/rai-m/robosys/install/rsysmsg/local/lib/python3.10/dist-packages/rsysmsg-0.0.0-py3.10.egg-info/SOURCES.txt
[2.679s] -- Installing: /home/rai-m/robosys/install/rsysmsg/local/lib/python3.10/dist-packages/rsysmsg-0.0.0-py3.10.egg-info/dependency_links.txt
[2.679s] -- Installing: /home/rai-m/robosys/install/rsysmsg/local/lib/python3.10/dist-packages/rsysmsg-0.0.0-py3.10.egg-info/top_level.txt
[2.679s] -- Installing: /home/rai-m/robosys/install/rsysmsg/local/lib/python3.10/dist-packages/rsysmsg-0.0.0-py3.10.egg-info/PKG-INFO
[2.680s] -- Installing: /home/rai-m/robosys/install/rsysmsg/local/lib/python3.10/dist-packages/rsysmsg
[2.681s] -- Installing: /home/rai-m/robosys/install/rsysmsg/local/lib/python3.10/dist-packages/rsysmsg/msg
[2.681s] -- Installing: /home/rai-m/robosys/install/rsysmsg/local/lib/python3.10/dist-packages/rsysmsg/msg/_num.py
[2.681s] -- Installing: /home/rai-m/robosys/install/rsysmsg/local/lib/python3.10/dist-packages/rsysmsg/msg/_num_s.c
[2.681s] -- Installing: /home/rai-m/robosys/install/rsysmsg/local/lib/python3.10/dist-packages/rsysmsg/msg/__init__.py
[2.681s] -- Installing: /home/rai-m/robosys/install/rsysmsg/local/lib/python3.10/dist-packages/rsysmsg/librsysmsg__rosidl_generator_py.so
[2.681s] -- Installing: /home/rai-m/robosys/install/rsysmsg/local/lib/python3.10/dist-packages/rsysmsg/srv
[2.682s] -- Installing: /home/rai-m/robosys/install/rsysmsg/local/lib/python3.10/dist-packages/rsysmsg/srv/_name.py
[2.682s] -- Installing: /home/rai-m/robosys/install/rsysmsg/local/lib/python3.10/dist-packages/rsysmsg/srv/_name_s.c
[2.682s] -- Installing: /home/rai-m/robosys/install/rsysmsg/local/lib/python3.10/dist-packages/rsysmsg/srv/__init__.py
[2.682s] -- Installing: /home/rai-m/robosys/install/rsysmsg/local/lib/python3.10/dist-packages/rsysmsg/_rsysmsg_s.ep.rosidl_typesupport_introspection_c.c
[2.682s] -- Installing: /home/rai-m/robosys/install/rsysmsg/local/lib/python3.10/dist-packages/rsysmsg/rsysmsg_s__rosidl_typesupport_fastrtps_c.cpython-310-x86_64-linux-gnu.so
[2.682s] -- Installing: /home/rai-m/robosys/install/rsysmsg/local/lib/python3.10/dist-packages/rsysmsg/rsysmsg_s__rosidl_typesupport_c.cpython-310-x86_64-linux-gnu.so
[2.682s] -- Installing: /home/rai-m/robosys/install/rsysmsg/local/lib/python3.10/dist-packages/rsysmsg/_rsysmsg_s.ep.rosidl_typesupport_c.c
[2.682s] -- Installing: /home/rai-m/robosys/install/rsysmsg/local/lib/python3.10/dist-packages/rsysmsg/_rsysmsg_s.ep.rosidl_typesupport_fastrtps_c.c
[2.682s] -- Installing: /home/rai-m/robosys/install/rsysmsg/local/lib/python3.10/dist-packages/rsysmsg/__init__.py
[2.682s] -- Installing: /home/rai-m/robosys/install/rsysmsg/local/lib/python3.10/dist-packages/rsysmsg/rsysmsg_s__rosidl_typesupport_introspection_c.cpython-310-x86_64-linux-gnu.so
[2.713s] Listing '/home/rai-m/robosys/install/rsysmsg/local/lib/python3.10/dist-packages/rsysmsg'...
[2.713s] Compiling '/home/rai-m/robosys/install/rsysmsg/local/lib/python3.10/dist-packages/rsysmsg/__init__.py'...
[2.713s] Listing '/home/rai-m/robosys/install/rsysmsg/local/lib/python3.10/dist-packages/rsysmsg/msg'...
[2.713s] Compiling '/home/rai-m/robosys/install/rsysmsg/local/lib/python3.10/dist-packages/rsysmsg/msg/__init__.py'...
[2.713s] Compiling '/home/rai-m/robosys/install/rsysmsg/local/lib/python3.10/dist-packages/rsysmsg/msg/_num.py'...
[2.713s] Listing '/home/rai-m/robosys/install/rsysmsg/local/lib/python3.10/dist-packages/rsysmsg/srv'...
[2.713s] Compiling '/home/rai-m/robosys/install/rsysmsg/local/lib/python3.10/dist-packages/rsysmsg/srv/__init__.py'...
[2.713s] Compiling '/home/rai-m/robosys/install/rsysmsg/local/lib/python3.10/dist-packages/rsysmsg/srv/_name.py'...
[2.717s] -- Installing: /home/rai-m/robosys/install/rsysmsg/local/lib/python3.10/dist-packages/rsysmsg/rsysmsg_s__rosidl_typesupport_fastrtps_c.cpython-310-x86_64-linux-gnu.so
[2.717s] -- Set runtime path of "/home/rai-m/robosys/install/rsysmsg/local/lib/python3.10/dist-packages/rsysmsg/rsysmsg_s__rosidl_typesupport_fastrtps_c.cpython-310-x86_64-linux-gnu.so" to ""
[2.717s] -- Installing: /home/rai-m/robosys/install/rsysmsg/local/lib/python3.10/dist-packages/rsysmsg/rsysmsg_s__rosidl_typesupport_introspection_c.cpython-310-x86_64-linux-gnu.so
[2.717s] -- Set runtime path of "/home/rai-m/robosys/install/rsysmsg/local/lib/python3.10/dist-packages/rsysmsg/rsysmsg_s__rosidl_typesupport_introspection_c.cpython-310-x86_64-linux-gnu.so" to ""
[2.717s] -- Installing: /home/rai-m/robosys/install/rsysmsg/local/lib/python3.10/dist-packages/rsysmsg/rsysmsg_s__rosidl_typesupport_c.cpython-310-x86_64-linux-gnu.so
[2.717s] -- Set runtime path of "/home/rai-m/robosys/install/rsysmsg/local/lib/python3.10/dist-packages/rsysmsg/rsysmsg_s__rosidl_typesupport_c.cpython-310-x86_64-linux-gnu.so" to ""
[2.717s] -- Installing: /home/rai-m/robosys/install/rsysmsg/lib/librsysmsg__rosidl_generator_py.so
[2.718s] -- Set runtime path of "/home/rai-m/robosys/install/rsysmsg/lib/librsysmsg__rosidl_generator_py.so" to ""
[2.718s] -- Installing: /home/rai-m/robosys/install/rsysmsg/share/rsysmsg/msg/Num.idl
[2.718s] -- Installing: /home/rai-m/robosys/install/rsysmsg/share/rsysmsg/srv/Name.idl
[2.718s] -- Installing: /home/rai-m/robosys/install/rsysmsg/share/rsysmsg/msg/Num.msg
[2.718s] -- Installing: /home/rai-m/robosys/install/rsysmsg/share/rsysmsg/srv/Name.srv
[2.719s] -- Installing: /home/rai-m/robosys/install/rsysmsg/share/rsysmsg/srv/Name_Request.msg
[2.719s] -- Installing: /home/rai-m/robosys/install/rsysmsg/share/rsysmsg/srv/Name_Response.msg
[2.719s] -- Installing: /home/rai-m/robosys/install/rsysmsg/share/ament_index/resource_index/package_run_dependencies/rsysmsg
[2.719s] -- Installing: /home/rai-m/robosys/install/rsysmsg/share/ament_index/resource_index/parent_prefix_path/rsysmsg
[2.719s] -- Installing: /home/rai-m/robosys/install/rsysmsg/share/rsysmsg/environment/ament_prefix_path.sh
[2.719s] -- Installing: /home/rai-m/robosys/install/rsysmsg/share/rsysmsg/environment/ament_prefix_path.dsv
[2.719s] -- Installing: /home/rai-m/robosys/install/rsysmsg/share/rsysmsg/environment/path.sh
[2.720s] -- Installing: /home/rai-m/robosys/install/rsysmsg/share/rsysmsg/environment/path.dsv
[2.720s] -- Installing: /home/rai-m/robosys/install/rsysmsg/share/rsysmsg/local_setup.bash
[2.720s] -- Installing: /home/rai-m/robosys/install/rsysmsg/share/rsysmsg/local_setup.sh
[2.720s] -- Installing: /home/rai-m/robosys/install/rsysmsg/share/rsysmsg/local_setup.zsh
[2.720s] -- Installing: /home/rai-m/robosys/install/rsysmsg/share/rsysmsg/local_setup.dsv
[2.720s] -- Installing: /home/rai-m/robosys/install/rsysmsg/share/rsysmsg/package.dsv
[2.720s] -- Installing: /home/rai-m/robosys/install/rsysmsg/share/ament_index/resource_index/packages/rsysmsg
[2.720s] -- Installing: /home/rai-m/robosys/install/rsysmsg/share/rsysmsg/cmake/export_rsysmsg__rosidl_generator_cExport.cmake
[2.721s] -- Installing: /home/rai-m/robosys/install/rsysmsg/share/rsysmsg/cmake/export_rsysmsg__rosidl_generator_cExport-noconfig.cmake
[2.721s] -- Installing: /home/rai-m/robosys/install/rsysmsg/share/rsysmsg/cmake/export_rsysmsg__rosidl_typesupport_fastrtps_cExport.cmake
[2.721s] -- Installing: /home/rai-m/robosys/install/rsysmsg/share/rsysmsg/cmake/export_rsysmsg__rosidl_typesupport_fastrtps_cExport-noconfig.cmake
[2.721s] -- Installing: /home/rai-m/robosys/install/rsysmsg/share/rsysmsg/cmake/export_rsysmsg__rosidl_generator_cppExport.cmake
[2.721s] -- Installing: /home/rai-m/robosys/install/rsysmsg/share/rsysmsg/cmake/export_rsysmsg__rosidl_typesupport_fastrtps_cppExport.cmake
[2.722s] -- Installing: /home/rai-m/robosys/install/rsysmsg/share/rsysmsg/cmake/export_rsysmsg__rosidl_typesupport_fastrtps_cppExport-noconfig.cmake
[2.722s] -- Installing: /home/rai-m/robosys/install/rsysmsg/share/rsysmsg/cmake/rsysmsg__rosidl_typesupport_introspection_cExport.cmake
[2.722s] -- Installing: /home/rai-m/robosys/install/rsysmsg/share/rsysmsg/cmake/rsysmsg__rosidl_typesupport_introspection_cExport-noconfig.cmake
[2.722s] -- Installing: /home/rai-m/robosys/install/rsysmsg/share/rsysmsg/cmake/rsysmsg__rosidl_typesupport_cExport.cmake
[2.722s] -- Installing: /home/rai-m/robosys/install/rsysmsg/share/rsysmsg/cmake/rsysmsg__rosidl_typesupport_cExport-noconfig.cmake
[2.722s] -- Installing: /home/rai-m/robosys/install/rsysmsg/share/rsysmsg/cmake/rsysmsg__rosidl_typesupport_introspection_cppExport.cmake
[2.722s] -- Installing: /home/rai-m/robosys/install/rsysmsg/share/rsysmsg/cmake/rsysmsg__rosidl_typesupport_introspection_cppExport-noconfig.cmake
[2.722s] -- Installing: /home/rai-m/robosys/install/rsysmsg/share/rsysmsg/cmake/rsysmsg__rosidl_typesupport_cppExport.cmake
[2.722s] -- Installing: /home/rai-m/robosys/install/rsysmsg/share/rsysmsg/cmake/rsysmsg__rosidl_typesupport_cppExport-noconfig.cmake
[2.723s] -- Installing: /home/rai-m/robosys/install/rsysmsg/share/rsysmsg/cmake/export_rsysmsg__rosidl_generator_pyExport.cmake
[2.723s] -- Installing: /home/rai-m/robosys/install/rsysmsg/share/rsysmsg/cmake/export_rsysmsg__rosidl_generator_pyExport-noconfig.cmake
[2.723s] -- Installing: /home/rai-m/robosys/install/rsysmsg/share/rsysmsg/cmake/rosidl_cmake-extras.cmake
[2.723s] -- Installing: /home/rai-m/robosys/install/rsysmsg/share/rsysmsg/cmake/ament_cmake_export_include_directories-extras.cmake
[2.723s] -- Installing: /home/rai-m/robosys/install/rsysmsg/share/rsysmsg/cmake/ament_cmake_export_libraries-extras.cmake
[2.723s] -- Installing: /home/rai-m/robosys/install/rsysmsg/share/rsysmsg/cmake/ament_cmake_export_targets-extras.cmake
[2.723s] -- Installing: /home/rai-m/robosys/install/rsysmsg/share/rsysmsg/cmake/rosidl_cmake_export_typesupport_targets-extras.cmake
[2.723s] -- Installing: /home/rai-m/robosys/install/rsysmsg/share/rsysmsg/cmake/ament_cmake_export_dependencies-extras.cmake
[2.723s] -- Installing: /home/rai-m/robosys/install/rsysmsg/share/rsysmsg/cmake/rosidl_cmake_export_typesupport_libraries-extras.cmake
[2.723s] -- Installing: /home/rai-m/robosys/install/rsysmsg/share/rsysmsg/cmake/rsysmsgConfig.cmake
[2.724s] -- Installing: /home/rai-m/robosys/install/rsysmsg/share/rsysmsg/cmake/rsysmsgConfig-version.cmake
[2.724s] -- Installing: /home/rai-m/robosys/install/rsysmsg/share/rsysmsg/package.xml
[2.726s] Invoked command in '/home/rai-m/robosys/build/rsysmsg' returned '0': CMAKE_PREFIX_PATH=${CMAKE_PREFIX_PATH}:/home/rai-m/robosys/install/fight:/home/rai-m/mlr01_ws/install/lp01:/home/rai-m/test1_ws/install/robo02:/home/rai-m/test1_ws/install/robo01:/home/rai-m/test1_ws/install/py_pubsub:/home/rai-m/test1_ws/install/my_package2:/home/rai-m/test1_ws/install/my_package:/home/rai-m/test1_ws/install/multi01:/opt/ros/humble /usr/bin/cmake --install /home/rai-m/robosys/build/rsysmsg
