[0.944s] Invoking command in '/home/rai-m/robosys/src/fight': PYTHONPATH=/home/rai-m/robosys/build/fight/prefix_override:/usr/lib/python3/dist-packages/colcon_core/task/python/colcon_distutils_commands:/home/rai-m/robosys/install/fight/lib/python3.10/site-packages:${PYTHONPATH} /usr/bin/python3 -W ignore:setup.py install is deprecated -W ignore:easy_install command is deprecated setup.py egg_info --egg-base ../../build/fight build --build-base /home/rai-m/robosys/build/fight/build install --record /home/rai-m/robosys/build/fight/install.log --single-version-externally-managed install_data
[1.223s] running egg_info
[1.224s] writing ../../build/fight/fight.egg-info/PKG-INFO
[1.224s] writing dependency_links to ../../build/fight/fight.egg-info/dependency_links.txt
[1.225s] writing entry points to ../../build/fight/fight.egg-info/entry_points.txt
[1.225s] writing requirements to ../../build/fight/fight.egg-info/requires.txt
[1.225s] writing top-level names to ../../build/fight/fight.egg-info/top_level.txt
[1.226s] reading manifest file '../../build/fight/fight.egg-info/SOURCES.txt'
[1.229s] adding license file 'LICENSE'
[1.229s] writing manifest file '../../build/fight/fight.egg-info/SOURCES.txt'
[1.229s] running build
[1.229s] running build_py
[1.229s] copying fight/class001.py -> /home/rai-m/robosys/build/fight/build/lib/fight
[1.230s] running install
[1.231s] running install_lib
[1.232s] copying /home/rai-m/robosys/build/fight/build/lib/fight/class001.py -> /home/rai-m/robosys/install/fight/lib/python3.10/site-packages/fight
[1.233s] byte-compiling /home/rai-m/robosys/install/fight/lib/python3.10/site-packages/fight/fightServer2.py to fightServer2.cpython-310.pyc
[1.234s] Sorry: IndentationError: unexpected indent (fightServer2.py, line 38)
[1.234s] byte-compiling /home/rai-m/robosys/install/fight/lib/python3.10/site-packages/fight/fighterClient.py to fighterClient.cpython-310.pyc
[1.235s] byte-compiling /home/rai-m/robosys/install/fight/lib/python3.10/site-packages/fight/fighter.py to fighter.cpython-310.pyc
[1.235s] byte-compiling /home/rai-m/robosys/install/fight/lib/python3.10/site-packages/fight/class001.py to class001.cpython-310.pyc
[1.235s] Sorry: IndentationError: expected an indented block after function definition on line 14 (fighterClient.py, line 18)
[1.236s]   File "/home/rai-m/robosys/install/fight/lib/python3.10/site-packages/fight/fighter.py", line 21
[1.236s]     class 
[1.236s]           ^
[1.236s] SyntaxError: invalid syntax
[1.236s] 
[1.236s] running install_data
[1.237s] running install_egg_info
[1.239s] removing '/home/rai-m/robosys/install/fight/lib/python3.10/site-packages/fight-0.0.0-py3.10.egg-info' (and everything under it)
[1.242s] Copying ../../build/fight/fight.egg-info to /home/rai-m/robosys/install/fight/lib/python3.10/site-packages/fight-0.0.0-py3.10.egg-info
[1.242s] running install_scripts
[1.265s] Installing fightCli script to /home/rai-m/robosys/install/fight/lib/fight
[1.266s] Installing fightGui script to /home/rai-m/robosys/install/fight/lib/fight
[1.269s] Installing fightSv script to /home/rai-m/robosys/install/fight/lib/fight
[1.271s] writing list of installed files to '/home/rai-m/robosys/build/fight/install.log'
[1.295s] Invoked command in '/home/rai-m/robosys/src/fight' returned '0': PYTHONPATH=/home/rai-m/robosys/build/fight/prefix_override:/usr/lib/python3/dist-packages/colcon_core/task/python/colcon_distutils_commands:/home/rai-m/robosys/install/fight/lib/python3.10/site-packages:${PYTHONPATH} /usr/bin/python3 -W ignore:setup.py install is deprecated -W ignore:easy_install command is deprecated setup.py egg_info --egg-base ../../build/fight build --build-base /home/rai-m/robosys/build/fight/build install --record /home/rai-m/robosys/build/fight/install.log --single-version-externally-managed install_data
