[1.199s] Invoking command in '/home/rai-m/robosys/src/fight': PYTHONPATH=/home/rai-m/robosys/build/fight/prefix_override:/usr/lib/python3/dist-packages/colcon_core/task/python/colcon_distutils_commands:/home/rai-m/robosys/install/fight/lib/python3.10/site-packages:${PYTHONPATH} /usr/bin/python3 -W ignore:setup.py install is deprecated -W ignore:easy_install command is deprecated setup.py egg_info --egg-base ../../build/fight build --build-base /home/rai-m/robosys/build/fight/build install --record /home/rai-m/robosys/build/fight/install.log --single-version-externally-managed install_data
[1.490s] running egg_info
[1.494s] writing ../../build/fight/fight.egg-info/PKG-INFO
[1.495s] writing dependency_links to ../../build/fight/fight.egg-info/dependency_links.txt
[1.496s] writing entry points to ../../build/fight/fight.egg-info/entry_points.txt
[1.496s] writing requirements to ../../build/fight/fight.egg-info/requires.txt
[1.496s] writing top-level names to ../../build/fight/fight.egg-info/top_level.txt
[1.500s] reading manifest file '../../build/fight/fight.egg-info/SOURCES.txt'
[1.500s] adding license file 'LICENSE'
[1.501s] writing manifest file '../../build/fight/fight.egg-info/SOURCES.txt'
[1.501s] running build
[1.501s] running build_py
[1.501s] copying fight/fightClientK.py -> /home/rai-m/robosys/build/fight/build/lib/fight
[1.502s] running install
[1.503s] running install_lib
[1.504s] copying /home/rai-m/robosys/build/fight/build/lib/fight/fightClientK.py -> /home/rai-m/robosys/install/fight/lib/python3.10/site-packages/fight
[1.504s] byte-compiling /home/rai-m/robosys/install/fight/lib/python3.10/site-packages/fight/fightClientK.py to fightClientK.cpython-310.pyc
[1.506s] byte-compiling /home/rai-m/robosys/install/fight/lib/python3.10/site-packages/fight/fighterClient.py to fighterClient.cpython-310.pyc
[1.506s] Sorry: IndentationError: expected an indented block after function definition on line 14 (fighterClient.py, line 18)
[1.506s] running install_data
[1.507s] running install_egg_info
[1.508s] removing '/home/rai-m/robosys/install/fight/lib/python3.10/site-packages/fight-0.0.0-py3.10.egg-info' (and everything under it)
[1.513s] Copying ../../build/fight/fight.egg-info to /home/rai-m/robosys/install/fight/lib/python3.10/site-packages/fight-0.0.0-py3.10.egg-info
[1.514s] running install_scripts
[1.548s] Installing fightCli script to /home/rai-m/robosys/install/fight/lib/fight
[1.548s] Installing fightGui script to /home/rai-m/robosys/install/fight/lib/fight
[1.549s] Installing fightSv script to /home/rai-m/robosys/install/fight/lib/fight
[1.549s] writing list of installed files to '/home/rai-m/robosys/build/fight/install.log'
[1.582s] Invoked command in '/home/rai-m/robosys/src/fight' returned '0': PYTHONPATH=/home/rai-m/robosys/build/fight/prefix_override:/usr/lib/python3/dist-packages/colcon_core/task/python/colcon_distutils_commands:/home/rai-m/robosys/install/fight/lib/python3.10/site-packages:${PYTHONPATH} /usr/bin/python3 -W ignore:setup.py install is deprecated -W ignore:easy_install command is deprecated setup.py egg_info --egg-base ../../build/fight build --build-base /home/rai-m/robosys/build/fight/build install --record /home/rai-m/robosys/build/fight/install.log --single-version-externally-managed install_data
