-- Found ament_cmake: 1.3.12 (/opt/ros/humble/share/ament_cmake/cmake)
-- Found rosidl_default_generators: 1.2.0 (/opt/ros/humble/share/rosidl_default_generators/cmake)
-- Using all available rosidl_typesupport_c: rosidl_typesupport_fastrtps_c;rosidl_typesupport_introspection_c
-- Found rosidl_adapter: 3.1.7 (/opt/ros/humble/share/rosidl_adapter/cmake)
-- Using all available rosidl_typesupport_cpp: rosidl_typesupport_fastrtps_cpp;rosidl_typesupport_introspection_cpp
-- Found ament_cmake_ros: 0.10.0 (/opt/ros/humble/share/ament_cmake_ros/cmake)
-- Using all available rosidl_typesupport_c: rosidl_typesupport_fastrtps_c;rosidl_typesupport_introspection_c
-- Using all available rosidl_typesupport_cpp: rosidl_typesupport_fastrtps_cpp;rosidl_typesupport_introspection_cpp
-- Found PythonInterp: /usr/bin/python3 (found suitable version "3.10.12", minimum required is "3.6") 
-- Found python_cmake_module: 0.10.0 (/opt/ros/humble/share/python_cmake_module/cmake)
-- Found PythonLibs: /usr/lib/x86_64-linux-gnu/libpython3.10.so (found suitable version "3.10.12", minimum required is "3.5") 
-- Using PYTHON_EXECUTABLE: /usr/bin/python3
-- Using PYTHON_INCLUDE_DIRS: /usr/include/python3.10
-- Using PYTHON_LIBRARIES: /usr/lib/x86_64-linux-gnu/libpython3.10.so
-- Found PythonExtra: .so  
-- Found ament_lint_auto: 0.12.14 (/opt/ros/humble/share/ament_lint_auto/cmake)
-- Added test 'lint_cmake' to check CMake code style
-- Added test 'xmllint' to check XML markup files
-- Configuring done
-- Generating done
-- Build files have been written to: /home/rai-m/robosys/build/rsysmsg
[  3%] [34m[1mGenerating C code for ROS interfaces[0m
[  6%] [34m[1mGenerating C++ code for ROS interfaces[0m
[  6%] Built target ament_cmake_python_copy_rsysmsg
running egg_info
creating rsysmsg.egg-info
writing rsysmsg.egg-info/PKG-INFO
writing dependency_links to rsysmsg.egg-info/dependency_links.txt
writing top-level names to rsysmsg.egg-info/top_level.txt
writing manifest file 'rsysmsg.egg-info/SOURCES.txt'
reading manifest file 'rsysmsg.egg-info/SOURCES.txt'
writing manifest file 'rsysmsg.egg-info/SOURCES.txt'
[  9%] [32mBuilding C object CMakeFiles/rsysmsg__rosidl_generator_c.dir/rosidl_generator_c/rsysmsg/srv/detail/name__functions.c.o[0m
[  9%] Built target rsysmsg__cpp
[ 19%] [34m[1mGenerating C++ type support dispatch for ROS interfaces[0m
[ 19%] [34m[1mGenerating C++ introspection for ROS interfaces[0m
[ 19%] [34m[1mGenerating C++ type support for eProsima Fast-RTPS[0m
In file included from [01m[K/home/rai-m/robosys/build/rsysmsg/rosidl_generator_c/rsysmsg/srv/detail/name__functions.h:19[m[K,
                 from [01m[K/home/rai-m/robosys/build/rsysmsg/rosidl_generator_c/rsysmsg/srv/detail/name__functions.c:4[m[K:
[01m[K/home/rai-m/robosys/build/rsysmsg/rosidl_generator_c/rsysmsg/srv/detail/name__struct.h:22:10:[m[K [01;31m[Kfatal error: [m[Krsysmsg/msg/detail/string__struct.h: No such file or directory
   22 | #include [01;31m[K"rsysmsg/msg/detail/string__struct.h"[m[K
      |          [01;31m[K^~~~~~~~~~~~~~~~~~~~~~~~~~~~~~~~~~~~~[m[K
compilation terminated.
gmake[2]: *** [CMakeFiles/rsysmsg__rosidl_generator_c.dir/build.make:105: CMakeFiles/rsysmsg__rosidl_generator_c.dir/rosidl_generator_c/rsysmsg/srv/detail/name__functions.c.o] Error 1
gmake[1]: *** [CMakeFiles/Makefile2:213: CMakeFiles/rsysmsg__rosidl_generator_c.dir/all] Error 2
gmake[1]: *** Waiting for unfinished jobs....
[ 19%] Built target ament_cmake_python_build_rsysmsg_egg
[ 25%] [32mBuilding CXX object CMakeFiles/rsysmsg__rosidl_typesupport_cpp.dir/rosidl_typesupport_cpp/rsysmsg/srv/name__type_support.cpp.o[0m
[ 25%] [32mBuilding CXX object CMakeFiles/rsysmsg__rosidl_typesupport_introspection_cpp.dir/rosidl_typesupport_introspection_cpp/rsysmsg/srv/detail/name__type_support.cpp.o[0m
[ 29%] [32mBuilding CXX object CMakeFiles/rsysmsg__rosidl_typesupport_fastrtps_cpp.dir/rosidl_typesupport_fastrtps_cpp/rsysmsg/srv/detail/dds_fastrtps/name__type_support.cpp.o[0m
In file included from [01m[K/home/rai-m/robosys/build/rsysmsg/rosidl_typesupport_cpp/rsysmsg/srv/name__type_support.cpp:7[m[K:
[01m[K/home/rai-m/robosys/build/rsysmsg/rosidl_generator_cpp/rsysmsg/srv/detail/name__struct.hpp:20:10:[m[K [01;31m[Kfatal error: [m[Krsysmsg/msg/detail/string__struct.hpp: No such file or directory
   20 | #include [01;31m[K"rsysmsg/msg/detail/string__struct.hpp"[m[K
      |          [01;31m[K^~~~~~~~~~~~~~~~~~~~~~~~~~~~~~~~~~~~~~~[m[K
compilation terminated.
In file included from [01m[K/home/rai-m/robosys/build/rsysmsg/rosidl_typesupport_introspection_cpp/rsysmsg/srv/detail/name__type_support.cpp:12[m[K:
[01m[K/home/rai-m/robosys/build/rsysmsg/rosidl_generator_cpp/rsysmsg/srv/detail/name__struct.hpp:20:10:[m[K [01;31m[Kfatal error: [m[Krsysmsg/msg/detail/string__struct.hpp: No such file or directory
   20 | #include [01;31m[K"rsysmsg/msg/detail/string__struct.hpp"[m[K
      |          [01;31m[K^~~~~~~~~~~~~~~~~~~~~~~~~~~~~~~~~~~~~~~[m[K
compilation terminated.
gmake[2]: *** [CMakeFiles/rsysmsg__rosidl_typesupport_cpp.dir/build.make:86: CMakeFiles/rsysmsg__rosidl_typesupport_cpp.dir/rosidl_typesupport_cpp/rsysmsg/srv/name__type_support.cpp.o] Error 1
gmake[1]: *** [CMakeFiles/Makefile2:395: CMakeFiles/rsysmsg__rosidl_typesupport_cpp.dir/all] Error 2
gmake[2]: *** [CMakeFiles/rsysmsg__rosidl_typesupport_introspection_cpp.dir/build.make:91: CMakeFiles/rsysmsg__rosidl_typesupport_introspection_cpp.dir/rosidl_typesupport_introspection_cpp/rsysmsg/srv/detail/name__type_support.cpp.o] Error 1
gmake[1]: *** [CMakeFiles/Makefile2:369: CMakeFiles/rsysmsg__rosidl_typesupport_introspection_cpp.dir/all] Error 2
In file included from [01m[K/home/rai-m/robosys/build/rsysmsg/rosidl_typesupport_fastrtps_cpp/rsysmsg/srv/detail/name__rosidl_typesupport_fastrtps_cpp.hpp:11[m[K,
                 from [01m[K/home/rai-m/robosys/build/rsysmsg/rosidl_typesupport_fastrtps_cpp/rsysmsg/srv/detail/dds_fastrtps/name__type_support.cpp:4[m[K:
[01m[K/home/rai-m/robosys/build/rsysmsg/rosidl_generator_cpp/rsysmsg/srv/detail/name__struct.hpp:20:10:[m[K [01;31m[Kfatal error: [m[Krsysmsg/msg/detail/string__struct.hpp: No such file or directory
   20 | #include [01;31m[K"rsysmsg/msg/detail/string__struct.hpp"[m[K
      |          [01;31m[K^~~~~~~~~~~~~~~~~~~~~~~~~~~~~~~~~~~~~~~[m[K
compilation terminated.
gmake[2]: *** [CMakeFiles/rsysmsg__rosidl_typesupport_fastrtps_cpp.dir/build.make:91: CMakeFiles/rsysmsg__rosidl_typesupport_fastrtps_cpp.dir/rosidl_typesupport_fastrtps_cpp/rsysmsg/srv/detail/dds_fastrtps/name__type_support.cpp.o] Error 1
gmake[1]: *** [CMakeFiles/Makefile2:343: CMakeFiles/rsysmsg__rosidl_typesupport_fastrtps_cpp.dir/all] Error 2
gmake: *** [Makefile:146: all] Error 2
