[0.641s] Invoking command in '/home/rai-m/robosys/src/fight': PYTHONPATH=/home/rai-m/robosys/build/fight/prefix_override:/usr/lib/python3/dist-packages/colcon_core/task/python/colcon_distutils_commands:/home/rai-m/robosys/install/fight/lib/python3.10/site-packages:${PYTHONPATH} /usr/bin/python3 -W ignore:setup.py install is deprecated -W ignore:easy_install command is deprecated setup.py egg_info --egg-base ../../build/fight build --build-base /home/rai-m/robosys/build/fight/build install --record /home/rai-m/robosys/build/fight/install.log --single-version-externally-managed install_data
[0.801s] running egg_info
[0.802s] writing ../../build/fight/fight.egg-info/PKG-INFO
[0.802s] writing dependency_links to ../../build/fight/fight.egg-info/dependency_links.txt
[0.802s] writing entry points to ../../build/fight/fight.egg-info/entry_points.txt
[0.802s] writing requirements to ../../build/fight/fight.egg-info/requires.txt
[0.803s] writing top-level names to ../../build/fight/fight.egg-info/top_level.txt
[0.804s] reading manifest file '../../build/fight/fight.egg-info/SOURCES.txt'
[0.804s] adding license file 'LICENSE'
[0.804s] writing manifest file '../../build/fight/fight.egg-info/SOURCES.txt'
[0.805s] running build
[0.805s] running build_py
[0.805s] copying fight/fightServerK.py -> /home/rai-m/robosys/build/fight/build/lib/fight
[0.805s] running install
[0.805s] running install_lib
[0.805s] copying /home/rai-m/robosys/build/fight/build/lib/fight/fightServerK.py -> /home/rai-m/robosys/install/fight/lib/python3.10/site-packages/fight
[0.806s] byte-compiling /home/rai-m/robosys/install/fight/lib/python3.10/site-packages/fight/fightServerK.py to fightServerK.cpython-310.pyc
[0.808s] running install_data
[0.809s] running install_egg_info
[0.810s] removing '/home/rai-m/robosys/install/fight/lib/python3.10/site-packages/fight-0.0.0-py3.10.egg-info' (and everything under it)
[0.810s] Copying ../../build/fight/fight.egg-info to /home/rai-m/robosys/install/fight/lib/python3.10/site-packages/fight-0.0.0-py3.10.egg-info
[0.811s] running install_scripts
[0.823s] Installing fightCli script to /home/rai-m/robosys/install/fight/lib/fight
[0.824s] Installing fightGui script to /home/rai-m/robosys/install/fight/lib/fight
[0.824s] Installing fightSv script to /home/rai-m/robosys/install/fight/lib/fight
[0.824s] writing list of installed files to '/home/rai-m/robosys/build/fight/install.log'
[0.837s] Invoked command in '/home/rai-m/robosys/src/fight' returned '0': PYTHONPATH=/home/rai-m/robosys/build/fight/prefix_override:/usr/lib/python3/dist-packages/colcon_core/task/python/colcon_distutils_commands:/home/rai-m/robosys/install/fight/lib/python3.10/site-packages:${PYTHONPATH} /usr/bin/python3 -W ignore:setup.py install is deprecated -W ignore:easy_install command is deprecated setup.py egg_info --egg-base ../../build/fight build --build-base /home/rai-m/robosys/build/fight/build install --record /home/rai-m/robosys/build/fight/install.log --single-version-externally-managed install_data
