[0.671s] Invoking command in '/home/rai-m/robosys/src/fight': AMENT_PREFIX_PATH=/home/rai-m/robosys/install/rsysmsg:${AMENT_PREFIX_PATH} CMAKE_PREFIX_PATH=/home/rai-m/robosys/install/rsysmsg:${CMAKE_PREFIX_PATH} LD_LIBRARY_PATH=/home/rai-m/robosys/install/rsysmsg/lib:${LD_LIBRARY_PATH} PYTHONPATH=/home/rai-m/robosys/build/fight/prefix_override:/usr/lib/python3/dist-packages/colcon_core/task/python/colcon_distutils_commands:/home/rai-m/robosys/install/fight/lib/python3.10/site-packages:/home/rai-m/robosys/install/rsysmsg/local/lib/python3.10/dist-packages:${PYTHONPATH} /usr/bin/python3 -W ignore:setup.py install is deprecated -W ignore:easy_install command is deprecated setup.py egg_info --egg-base ../../build/fight build --build-base /home/rai-m/robosys/build/fight/build install --record /home/rai-m/robosys/build/fight/install.log --single-version-externally-managed install_data
[0.810s] running egg_info
[0.811s] writing ../../build/fight/fight.egg-info/PKG-INFO
[0.811s] writing dependency_links to ../../build/fight/fight.egg-info/dependency_links.txt
[0.811s] writing entry points to ../../build/fight/fight.egg-info/entry_points.txt
[0.812s] writing requirements to ../../build/fight/fight.egg-info/requires.txt
[0.812s] writing top-level names to ../../build/fight/fight.egg-info/top_level.txt
[0.814s] reading manifest file '../../build/fight/fight.egg-info/SOURCES.txt'
[0.815s] adding license file 'LICENSE'
[0.816s] writing manifest file '../../build/fight/fight.egg-info/SOURCES.txt'
[0.816s] running build
[0.817s] running build_py
[0.817s] copying fight/fighter.py -> /home/rai-m/robosys/build/fight/build/lib/fight
[0.817s] running install
[0.818s] running install_lib
[0.818s] copying /home/rai-m/robosys/build/fight/build/lib/fight/fighter.py -> /home/rai-m/robosys/install/fight/lib/python3.10/site-packages/fight
[0.820s] byte-compiling /home/rai-m/robosys/install/fight/lib/python3.10/site-packages/fight/fighter.py to fighter.cpython-310.pyc
[0.822s] running install_data
[0.822s] copying package.xml -> /home/rai-m/robosys/install/fight/share/fight
[0.824s] running install_egg_info
[0.825s] removing '/home/rai-m/robosys/install/fight/lib/python3.10/site-packages/fight-0.0.0-py3.10.egg-info' (and everything under it)
[0.826s] Copying ../../build/fight/fight.egg-info to /home/rai-m/robosys/install/fight/lib/python3.10/site-packages/fight-0.0.0-py3.10.egg-info
[0.827s] running install_scripts
[0.841s] Installing fightSv script to /home/rai-m/robosys/install/fight/lib/fight
[0.842s] Installing fighter script to /home/rai-m/robosys/install/fight/lib/fight
[0.843s] writing list of installed files to '/home/rai-m/robosys/build/fight/install.log'
[0.856s] Invoked command in '/home/rai-m/robosys/src/fight' returned '0': AMENT_PREFIX_PATH=/home/rai-m/robosys/install/rsysmsg:${AMENT_PREFIX_PATH} CMAKE_PREFIX_PATH=/home/rai-m/robosys/install/rsysmsg:${CMAKE_PREFIX_PATH} LD_LIBRARY_PATH=/home/rai-m/robosys/install/rsysmsg/lib:${LD_LIBRARY_PATH} PYTHONPATH=/home/rai-m/robosys/build/fight/prefix_override:/usr/lib/python3/dist-packages/colcon_core/task/python/colcon_distutils_commands:/home/rai-m/robosys/install/fight/lib/python3.10/site-packages:/home/rai-m/robosys/install/rsysmsg/local/lib/python3.10/dist-packages:${PYTHONPATH} /usr/bin/python3 -W ignore:setup.py install is deprecated -W ignore:easy_install command is deprecated setup.py egg_info --egg-base ../../build/fight build --build-base /home/rai-m/robosys/build/fight/build install --record /home/rai-m/robosys/build/fight/install.log --single-version-externally-managed install_data
