[0.997s] Invoking command in '/home/rai-m/robosys/src/fight': PYTHONPATH=/home/rai-m/robosys/build/fight/prefix_override:/usr/lib/python3/dist-packages/colcon_core/task/python/colcon_distutils_commands:/home/rai-m/robosys/install/fight/lib/python3.10/site-packages:${PYTHONPATH} /usr/bin/python3 -W ignore:setup.py install is deprecated -W ignore:easy_install command is deprecated setup.py egg_info --egg-base ../../build/fight build --build-base /home/rai-m/robosys/build/fight/build install --record /home/rai-m/robosys/build/fight/install.log --single-version-externally-managed install_data
[1.271s] running egg_info
[1.272s] writing ../../build/fight/fight.egg-info/PKG-INFO
[1.272s] writing dependency_links to ../../build/fight/fight.egg-info/dependency_links.txt
[1.272s] writing entry points to ../../build/fight/fight.egg-info/entry_points.txt
[1.272s] writing requirements to ../../build/fight/fight.egg-info/requires.txt
[1.272s] writing top-level names to ../../build/fight/fight.egg-info/top_level.txt
[1.276s] reading manifest file '../../build/fight/fight.egg-info/SOURCES.txt'
[1.276s] adding license file 'LICENSE'
[1.277s] writing manifest file '../../build/fight/fight.egg-info/SOURCES.txt'
[1.278s] running build
[1.278s] running build_py
[1.279s] copying fight/fightServerK.py -> /home/rai-m/robosys/build/fight/build/lib/fight
[1.280s] running install
[1.281s] running install_lib
[1.282s] copying /home/rai-m/robosys/build/fight/build/lib/fight/fightServerK.py -> /home/rai-m/robosys/install/fight/lib/python3.10/site-packages/fight
[1.284s] byte-compiling /home/rai-m/robosys/install/fight/lib/python3.10/site-packages/fight/fightServerK.py to fightServerK.cpython-310.pyc
[1.288s] running install_data
[1.288s] running install_egg_info
[1.288s] removing '/home/rai-m/robosys/install/fight/lib/python3.10/site-packages/fight-0.0.0-py3.10.egg-info' (and everything under it)
[1.289s] Copying ../../build/fight/fight.egg-info to /home/rai-m/robosys/install/fight/lib/python3.10/site-packages/fight-0.0.0-py3.10.egg-info
[1.291s] running install_scripts
[1.319s] Installing fightCli script to /home/rai-m/robosys/install/fight/lib/fight
[1.320s] Installing fightGui script to /home/rai-m/robosys/install/fight/lib/fight
[1.320s] Installing fightSv script to /home/rai-m/robosys/install/fight/lib/fight
[1.321s] writing list of installed files to '/home/rai-m/robosys/build/fight/install.log'
[1.349s] Invoked command in '/home/rai-m/robosys/src/fight' returned '0': PYTHONPATH=/home/rai-m/robosys/build/fight/prefix_override:/usr/lib/python3/dist-packages/colcon_core/task/python/colcon_distutils_commands:/home/rai-m/robosys/install/fight/lib/python3.10/site-packages:${PYTHONPATH} /usr/bin/python3 -W ignore:setup.py install is deprecated -W ignore:easy_install command is deprecated setup.py egg_info --egg-base ../../build/fight build --build-base /home/rai-m/robosys/build/fight/build install --record /home/rai-m/robosys/build/fight/install.log --single-version-externally-managed install_data
