[1.219s] Invoking command in '/home/rai-m/robosys/src/fight': PYTHONPATH=/home/rai-m/robosys/build/fight/prefix_override:/usr/lib/python3/dist-packages/colcon_core/task/python/colcon_distutils_commands:/home/rai-m/robosys/install/fight/lib/python3.10/site-packages:${PYTHONPATH} /usr/bin/python3 -W ignore:setup.py install is deprecated -W ignore:easy_install command is deprecated setup.py egg_info --egg-base ../../build/fight build --build-base /home/rai-m/robosys/build/fight/build install --record /home/rai-m/robosys/build/fight/install.log --single-version-externally-managed install_data
[1.508s] running egg_info
[1.509s] writing ../../build/fight/fight.egg-info/PKG-INFO
[1.509s] writing dependency_links to ../../build/fight/fight.egg-info/dependency_links.txt
[1.510s] writing entry points to ../../build/fight/fight.egg-info/entry_points.txt
[1.510s] writing requirements to ../../build/fight/fight.egg-info/requires.txt
[1.510s] writing top-level names to ../../build/fight/fight.egg-info/top_level.txt
[1.512s] reading manifest file '../../build/fight/fight.egg-info/SOURCES.txt'
[1.512s] adding license file 'LICENSE'
[1.513s] writing manifest file '../../build/fight/fight.egg-info/SOURCES.txt'
[1.513s] running build
[1.513s] running build_py
[1.513s] copying fight/fightServer2.py -> /home/rai-m/robosys/build/fight/build/lib/fight
[1.514s] running install
[1.515s] running install_lib
[1.516s] copying /home/rai-m/robosys/build/fight/build/lib/fight/fightServer2.py -> /home/rai-m/robosys/install/fight/lib/python3.10/site-packages/fight
[1.518s] byte-compiling /home/rai-m/robosys/install/fight/lib/python3.10/site-packages/fight/fightServer2.py to fightServer2.cpython-310.pyc
[1.520s] byte-compiling /home/rai-m/robosys/install/fight/lib/python3.10/site-packages/fight/fighterClient.py to fighterClient.cpython-310.pyc
[1.521s] Sorry: IndentationError: expected an indented block after function definition on line 14 (fighterClient.py, line 18)
[1.521s] running install_data
[1.521s] running install_egg_info
[1.527s] removing '/home/rai-m/robosys/install/fight/lib/python3.10/site-packages/fight-0.0.0-py3.10.egg-info' (and everything under it)
[1.528s] Copying ../../build/fight/fight.egg-info to /home/rai-m/robosys/install/fight/lib/python3.10/site-packages/fight-0.0.0-py3.10.egg-info
[1.528s] running install_scripts
[1.562s] Installing fightCli script to /home/rai-m/robosys/install/fight/lib/fight
[1.563s] Installing fightGui script to /home/rai-m/robosys/install/fight/lib/fight
[1.563s] Installing fightSv script to /home/rai-m/robosys/install/fight/lib/fight
[1.564s] writing list of installed files to '/home/rai-m/robosys/build/fight/install.log'
[1.594s] Invoked command in '/home/rai-m/robosys/src/fight' returned '0': PYTHONPATH=/home/rai-m/robosys/build/fight/prefix_override:/usr/lib/python3/dist-packages/colcon_core/task/python/colcon_distutils_commands:/home/rai-m/robosys/install/fight/lib/python3.10/site-packages:${PYTHONPATH} /usr/bin/python3 -W ignore:setup.py install is deprecated -W ignore:easy_install command is deprecated setup.py egg_info --egg-base ../../build/fight build --build-base /home/rai-m/robosys/build/fight/build install --record /home/rai-m/robosys/build/fight/install.log --single-version-externally-managed install_data
