[0.452s] Invoking command in '/home/rai-m/robosys/src/fight': PYTHONPATH=/home/rai-m/robosys/build/fight/prefix_override:/usr/lib/python3/dist-packages/colcon_core/task/python/colcon_distutils_commands:/home/rai-m/robosys/install/fight/lib/python3.10/site-packages:${PYTHONPATH} /usr/bin/python3 -W ignore:setup.py install is deprecated -W ignore:easy_install command is deprecated setup.py egg_info --egg-base ../../build/fight build --build-base /home/rai-m/robosys/build/fight/build install --record /home/rai-m/robosys/build/fight/install.log --single-version-externally-managed install_data
[0.607s] running egg_info
[0.608s] writing ../../build/fight/fight.egg-info/PKG-INFO
[0.608s] writing dependency_links to ../../build/fight/fight.egg-info/dependency_links.txt
[0.608s] writing entry points to ../../build/fight/fight.egg-info/entry_points.txt
[0.608s] writing requirements to ../../build/fight/fight.egg-info/requires.txt
[0.608s] writing top-level names to ../../build/fight/fight.egg-info/top_level.txt
[0.610s] reading manifest file '../../build/fight/fight.egg-info/SOURCES.txt'
[0.610s] adding license file 'LICENSE'
[0.611s] writing manifest file '../../build/fight/fight.egg-info/SOURCES.txt'
[0.611s] running build
[0.611s] running build_py
[0.611s] copying fight/fightServer.py -> /home/rai-m/robosys/build/fight/build/lib/fight
[0.611s] running install
[0.612s] running install_lib
[0.613s] copying /home/rai-m/robosys/build/fight/build/lib/fight/fightServer.py -> /home/rai-m/robosys/install/fight/lib/python3.10/site-packages/fight
[0.614s] byte-compiling /home/rai-m/robosys/install/fight/lib/python3.10/site-packages/fight/fightServer.py to fightServer.cpython-310.pyc
[0.614s] running install_data
[0.614s] running install_egg_info
[0.616s] removing '/home/rai-m/robosys/install/fight/lib/python3.10/site-packages/fight-0.0.0-py3.10.egg-info' (and everything under it)
[0.616s] Copying ../../build/fight/fight.egg-info to /home/rai-m/robosys/install/fight/lib/python3.10/site-packages/fight-0.0.0-py3.10.egg-info
[0.617s] running install_scripts
[0.638s] Installing fightSv script to /home/rai-m/robosys/install/fight/lib/fight
[0.638s] Installing fighter script to /home/rai-m/robosys/install/fight/lib/fight
[0.638s] writing list of installed files to '/home/rai-m/robosys/build/fight/install.log'
[0.656s] Invoked command in '/home/rai-m/robosys/src/fight' returned '0': PYTHONPATH=/home/rai-m/robosys/build/fight/prefix_override:/usr/lib/python3/dist-packages/colcon_core/task/python/colcon_distutils_commands:/home/rai-m/robosys/install/fight/lib/python3.10/site-packages:${PYTHONPATH} /usr/bin/python3 -W ignore:setup.py install is deprecated -W ignore:easy_install command is deprecated setup.py egg_info --egg-base ../../build/fight build --build-base /home/rai-m/robosys/build/fight/build install --record /home/rai-m/robosys/build/fight/install.log --single-version-externally-managed install_data
