[1.290s] Invoking command in '/home/rai-m/robosys/src/fight': PYTHONPATH=/home/rai-m/robosys/build/fight/prefix_override:/usr/lib/python3/dist-packages/colcon_core/task/python/colcon_distutils_commands:/home/rai-m/robosys/install/fight/lib/python3.10/site-packages:${PYTHONPATH} /usr/bin/python3 -W ignore:setup.py install is deprecated -W ignore:easy_install command is deprecated setup.py egg_info --egg-base ../../build/fight build --build-base /home/rai-m/robosys/build/fight/build install --record /home/rai-m/robosys/build/fight/install.log --single-version-externally-managed install_data
[1.577s] running egg_info
[1.579s] writing ../../build/fight/fight.egg-info/PKG-INFO
[1.583s] writing dependency_links to ../../build/fight/fight.egg-info/dependency_links.txt
[1.585s] writing entry points to ../../build/fight/fight.egg-info/entry_points.txt
[1.585s] writing requirements to ../../build/fight/fight.egg-info/requires.txt
[1.585s] writing top-level names to ../../build/fight/fight.egg-info/top_level.txt
[1.585s] reading manifest file '../../build/fight/fight.egg-info/SOURCES.txt'
[1.585s] adding license file 'LICENSE'
[1.586s] writing manifest file '../../build/fight/fight.egg-info/SOURCES.txt'
[1.587s] running build
[1.587s] running build_py
[1.587s] copying fight/fightClient.py -> /home/rai-m/robosys/build/fight/build/lib/fight
[1.587s] copying fight/fighter.py -> /home/rai-m/robosys/build/fight/build/lib/fight
[1.588s] running install
[1.588s] running install_lib
[1.590s] copying /home/rai-m/robosys/build/fight/build/lib/fight/fightClient.py -> /home/rai-m/robosys/install/fight/lib/python3.10/site-packages/fight
[1.590s] copying /home/rai-m/robosys/build/fight/build/lib/fight/fighter.py -> /home/rai-m/robosys/install/fight/lib/python3.10/site-packages/fight
[1.592s] byte-compiling /home/rai-m/robosys/install/fight/lib/python3.10/site-packages/fight/fightServer2.py to fightServer2.cpython-310.pyc
[1.596s] Sorry: IndentationError: expected an indented block after 'if' statement on line 116 (fightServer2.py, line 122)
[1.596s] byte-compiling /home/rai-m/robosys/install/fight/lib/python3.10/site-packages/fight/fightClient.py to fightClient.cpython-310.pyc
[1.598s] byte-compiling /home/rai-m/robosys/install/fight/lib/python3.10/site-packages/fight/fighterClient.py to fighterClient.cpython-310.pyc
[1.599s] byte-compiling /home/rai-m/robosys/install/fight/lib/python3.10/site-packages/fight/fighter.py to fighter.cpython-310.pyc
[1.600s] Sorry: IndentationError: expected an indented block after function definition on line 14 (fighterClient.py, line 18)
[1.602s] running install_data
[1.603s] running install_egg_info
[1.604s] removing '/home/rai-m/robosys/install/fight/lib/python3.10/site-packages/fight-0.0.0-py3.10.egg-info' (and everything under it)
[1.605s] Copying ../../build/fight/fight.egg-info to /home/rai-m/robosys/install/fight/lib/python3.10/site-packages/fight-0.0.0-py3.10.egg-info
[1.610s] running install_scripts
[1.641s] Installing fightCli script to /home/rai-m/robosys/install/fight/lib/fight
[1.642s] Installing fightGui script to /home/rai-m/robosys/install/fight/lib/fight
[1.642s] Installing fightSv script to /home/rai-m/robosys/install/fight/lib/fight
[1.642s] writing list of installed files to '/home/rai-m/robosys/build/fight/install.log'
[1.675s] Invoked command in '/home/rai-m/robosys/src/fight' returned '0': PYTHONPATH=/home/rai-m/robosys/build/fight/prefix_override:/usr/lib/python3/dist-packages/colcon_core/task/python/colcon_distutils_commands:/home/rai-m/robosys/install/fight/lib/python3.10/site-packages:${PYTHONPATH} /usr/bin/python3 -W ignore:setup.py install is deprecated -W ignore:easy_install command is deprecated setup.py egg_info --egg-base ../../build/fight build --build-base /home/rai-m/robosys/build/fight/build install --record /home/rai-m/robosys/build/fight/install.log --single-version-externally-managed install_data
