[0.340s] DEBUG:colcon:Command line arguments: ['/usr/bin/colcon', 'build']
[0.341s] DEBUG:colcon:Parsed command line arguments: Namespace(log_base=None, log_level=None, verb_name='build', build_base='build', install_base='install', merge_install=False, symlink_install=False, test_result_base=None, continue_on_error=False, executor='parallel', parallel_workers=22, event_handlers=None, ignore_user_meta=False, metas=['./colcon.meta'], base_paths=['.'], packages_ignore=None, packages_ignore_regex=None, paths=None, packages_up_to=None, packages_up_to_regex=None, packages_above=None, packages_above_and_dependencies=None, packages_above_depth=None, packages_select_by_dep=None, packages_skip_by_dep=None, packages_skip_up_to=None, packages_select_build_failed=False, packages_skip_build_finished=False, packages_select_test_failures=False, packages_skip_test_passed=False, packages_select=None, packages_skip=None, packages_select_regex=None, packages_skip_regex=None, packages_start=None, packages_end=None, allow_overriding=[], cmake_args=None, cmake_target=None, cmake_target_skip_unavailable=False, cmake_clean_cache=False, cmake_clean_first=False, cmake_force_configure=False, ament_cmake_args=None, catkin_cmake_args=None, catkin_skip_building_tests=False, verb_parser=<colcon_defaults.argument_parser.defaults.DefaultArgumentsDecorator object at 0x70a4e7755d20>, verb_extension=<colcon_core.verb.build.BuildVerb object at 0x70a4e7755810>, main=<bound method BuildVerb.main of <colcon_core.verb.build.BuildVerb object at 0x70a4e7755810>>)
[0.531s] Level 1:colcon.colcon_core.package_discovery:discover_packages(colcon_meta) check parameters
[0.532s] Level 1:colcon.colcon_core.package_discovery:discover_packages(recursive) check parameters
[0.532s] Level 1:colcon.colcon_core.package_discovery:discover_packages(ignore) check parameters
[0.532s] Level 1:colcon.colcon_core.package_discovery:discover_packages(path) check parameters
[0.532s] Level 1:colcon.colcon_core.package_discovery:discover_packages(colcon_meta) discover
[0.532s] Level 1:colcon.colcon_core.package_discovery:discover_packages(recursive) discover
[0.532s] INFO:colcon.colcon_core.package_discovery:Crawling recursively for packages in '/home/rai-m/robosys'
[0.532s] Level 1:colcon.colcon_core.package_identification:_identify(.) by extensions ['ignore', 'ignore_ament_install']
[0.532s] Level 1:colcon.colcon_core.package_identification:_identify(.) by extension 'ignore'
[0.532s] Level 1:colcon.colcon_core.package_identification:_identify(.) by extension 'ignore_ament_install'
[0.533s] Level 1:colcon.colcon_core.package_identification:_identify(.) by extensions ['colcon_pkg']
[0.533s] Level 1:colcon.colcon_core.package_identification:_identify(.) by extension 'colcon_pkg'
[0.533s] Level 1:colcon.colcon_core.package_identification:_identify(.) by extensions ['colcon_meta']
[0.533s] Level 1:colcon.colcon_core.package_identification:_identify(.) by extension 'colcon_meta'
[0.533s] Level 1:colcon.colcon_core.package_identification:_identify(.) by extensions ['ros']
[0.533s] Level 1:colcon.colcon_core.package_identification:_identify(.) by extension 'ros'
[0.547s] Level 1:colcon.colcon_core.package_identification:_identify(.) by extensions ['cmake', 'python']
[0.548s] Level 1:colcon.colcon_core.package_identification:_identify(.) by extension 'cmake'
[0.549s] Level 1:colcon.colcon_core.package_identification:_identify(.) by extension 'python'
[0.549s] Level 1:colcon.colcon_core.package_identification:_identify(.) by extensions ['python_setup_py']
[0.549s] Level 1:colcon.colcon_core.package_identification:_identify(.) by extension 'python_setup_py'
[0.550s] Level 1:colcon.colcon_core.package_identification:_identify(build) by extensions ['ignore', 'ignore_ament_install']
[0.550s] Level 1:colcon.colcon_core.package_identification:_identify(build) by extension 'ignore'
[0.550s] Level 1:colcon.colcon_core.package_identification:_identify(build) ignored
[0.552s] Level 1:colcon.colcon_core.package_identification:_identify(install) by extensions ['ignore', 'ignore_ament_install']
[0.552s] Level 1:colcon.colcon_core.package_identification:_identify(install) by extension 'ignore'
[0.552s] Level 1:colcon.colcon_core.package_identification:_identify(install) ignored
[0.552s] Level 1:colcon.colcon_core.package_identification:_identify(log) by extensions ['ignore', 'ignore_ament_install']
[0.553s] Level 1:colcon.colcon_core.package_identification:_identify(log) by extension 'ignore'
[0.553s] Level 1:colcon.colcon_core.package_identification:_identify(log) ignored
[0.553s] Level 1:colcon.colcon_core.package_identification:_identify(src) by extensions ['ignore', 'ignore_ament_install']
[0.553s] Level 1:colcon.colcon_core.package_identification:_identify(src) by extension 'ignore'
[0.553s] Level 1:colcon.colcon_core.package_identification:_identify(src) by extension 'ignore_ament_install'
[0.553s] Level 1:colcon.colcon_core.package_identification:_identify(src) by extensions ['colcon_pkg']
[0.553s] Level 1:colcon.colcon_core.package_identification:_identify(src) by extension 'colcon_pkg'
[0.553s] Level 1:colcon.colcon_core.package_identification:_identify(src) by extensions ['colcon_meta']
[0.553s] Level 1:colcon.colcon_core.package_identification:_identify(src) by extension 'colcon_meta'
[0.553s] Level 1:colcon.colcon_core.package_identification:_identify(src) by extensions ['ros']
[0.553s] Level 1:colcon.colcon_core.package_identification:_identify(src) by extension 'ros'
[0.553s] Level 1:colcon.colcon_core.package_identification:_identify(src) by extensions ['cmake', 'python']
[0.553s] Level 1:colcon.colcon_core.package_identification:_identify(src) by extension 'cmake'
[0.553s] Level 1:colcon.colcon_core.package_identification:_identify(src) by extension 'python'
[0.553s] Level 1:colcon.colcon_core.package_identification:_identify(src) by extensions ['python_setup_py']
[0.553s] Level 1:colcon.colcon_core.package_identification:_identify(src) by extension 'python_setup_py'
[0.553s] Level 1:colcon.colcon_core.package_identification:_identify(src/fight) by extensions ['ignore', 'ignore_ament_install']
[0.554s] Level 1:colcon.colcon_core.package_identification:_identify(src/fight) by extension 'ignore'
[0.554s] Level 1:colcon.colcon_core.package_identification:_identify(src/fight) by extension 'ignore_ament_install'
[0.554s] Level 1:colcon.colcon_core.package_identification:_identify(src/fight) by extensions ['colcon_pkg']
[0.554s] Level 1:colcon.colcon_core.package_identification:_identify(src/fight) by extension 'colcon_pkg'
[0.554s] Level 1:colcon.colcon_core.package_identification:_identify(src/fight) by extensions ['colcon_meta']
[0.554s] Level 1:colcon.colcon_core.package_identification:_identify(src/fight) by extension 'colcon_meta'
[0.554s] Level 1:colcon.colcon_core.package_identification:_identify(src/fight) by extensions ['ros']
[0.554s] Level 1:colcon.colcon_core.package_identification:_identify(src/fight) by extension 'ros'
[0.557s] DEBUG:colcon.colcon_core.package_identification:Package 'src/fight' with type 'ros.ament_python' and name 'fight'
[0.557s] Level 1:colcon.colcon_core.package_identification:_identify(src/rsysmsg) by extensions ['ignore', 'ignore_ament_install']
[0.558s] Level 1:colcon.colcon_core.package_identification:_identify(src/rsysmsg) by extension 'ignore'
[0.558s] Level 1:colcon.colcon_core.package_identification:_identify(src/rsysmsg) by extension 'ignore_ament_install'
[0.558s] Level 1:colcon.colcon_core.package_identification:_identify(src/rsysmsg) by extensions ['colcon_pkg']
[0.558s] Level 1:colcon.colcon_core.package_identification:_identify(src/rsysmsg) by extension 'colcon_pkg'
[0.558s] Level 1:colcon.colcon_core.package_identification:_identify(src/rsysmsg) by extensions ['colcon_meta']
[0.558s] Level 1:colcon.colcon_core.package_identification:_identify(src/rsysmsg) by extension 'colcon_meta'
[0.558s] Level 1:colcon.colcon_core.package_identification:_identify(src/rsysmsg) by extensions ['ros']
[0.558s] Level 1:colcon.colcon_core.package_identification:_identify(src/rsysmsg) by extension 'ros'
[0.560s] DEBUG:colcon.colcon_core.package_identification:Package 'src/rsysmsg' with type 'ros.ament_cmake' and name 'rsysmsg'
[0.560s] Level 1:colcon.colcon_core.package_discovery:discover_packages(recursive) using defaults
[0.560s] Level 1:colcon.colcon_core.package_discovery:discover_packages(ignore) discover
[0.560s] Level 1:colcon.colcon_core.package_discovery:discover_packages(ignore) using defaults
[0.561s] Level 1:colcon.colcon_core.package_discovery:discover_packages(path) discover
[0.561s] Level 1:colcon.colcon_core.package_discovery:discover_packages(path) using defaults
[0.597s] Level 1:colcon.colcon_core.package_discovery:discover_packages(prefix_path) check parameters
[0.597s] Level 1:colcon.colcon_core.package_discovery:discover_packages(prefix_path) discover
[0.599s] DEBUG:colcon.colcon_installed_package_information.package_discovery:Found 2 installed packages in /home/rai-m/robosys/install
[0.600s] DEBUG:colcon.colcon_installed_package_information.package_discovery:Found 1 installed packages in /home/rai-m/mlr01_ws/install
[0.601s] DEBUG:colcon.colcon_installed_package_information.package_discovery:Found 11 installed packages in /home/rai-m/test1_ws/install
[0.603s] DEBUG:colcon.colcon_installed_package_information.package_discovery:Found 271 installed packages in /opt/ros/humble
[0.620s] Level 1:colcon.colcon_core.package_discovery:discover_packages(prefix_path) using defaults
[0.661s] Level 5:colcon.colcon_core.verb:set package 'rsysmsg' build argument 'cmake_args' from command line to 'None'
[0.661s] Level 5:colcon.colcon_core.verb:set package 'rsysmsg' build argument 'cmake_target' from command line to 'None'
[0.661s] Level 5:colcon.colcon_core.verb:set package 'rsysmsg' build argument 'cmake_target_skip_unavailable' from command line to 'False'
[0.661s] Level 5:colcon.colcon_core.verb:set package 'rsysmsg' build argument 'cmake_clean_cache' from command line to 'False'
[0.661s] Level 5:colcon.colcon_core.verb:set package 'rsysmsg' build argument 'cmake_clean_first' from command line to 'False'
[0.661s] Level 5:colcon.colcon_core.verb:set package 'rsysmsg' build argument 'cmake_force_configure' from command line to 'False'
[0.661s] Level 5:colcon.colcon_core.verb:set package 'rsysmsg' build argument 'ament_cmake_args' from command line to 'None'
[0.661s] Level 5:colcon.colcon_core.verb:set package 'rsysmsg' build argument 'catkin_cmake_args' from command line to 'None'
[0.661s] Level 5:colcon.colcon_core.verb:set package 'rsysmsg' build argument 'catkin_skip_building_tests' from command line to 'False'
[0.661s] DEBUG:colcon.colcon_core.verb:Building package 'rsysmsg' with the following arguments: {'ament_cmake_args': None, 'build_base': '/home/rai-m/robosys/build/rsysmsg', 'catkin_cmake_args': None, 'catkin_skip_building_tests': False, 'cmake_args': None, 'cmake_clean_cache': False, 'cmake_clean_first': False, 'cmake_force_configure': False, 'cmake_target': None, 'cmake_target_skip_unavailable': False, 'install_base': '/home/rai-m/robosys/install/rsysmsg', 'merge_install': False, 'path': '/home/rai-m/robosys/src/rsysmsg', 'symlink_install': False, 'test_result_base': None}
[0.661s] Level 5:colcon.colcon_core.verb:set package 'fight' build argument 'cmake_args' from command line to 'None'
[0.661s] Level 5:colcon.colcon_core.verb:set package 'fight' build argument 'cmake_target' from command line to 'None'
[0.661s] Level 5:colcon.colcon_core.verb:set package 'fight' build argument 'cmake_target_skip_unavailable' from command line to 'False'
[0.661s] Level 5:colcon.colcon_core.verb:set package 'fight' build argument 'cmake_clean_cache' from command line to 'False'
[0.662s] Level 5:colcon.colcon_core.verb:set package 'fight' build argument 'cmake_clean_first' from command line to 'False'
[0.662s] Level 5:colcon.colcon_core.verb:set package 'fight' build argument 'cmake_force_configure' from command line to 'False'
[0.662s] Level 5:colcon.colcon_core.verb:set package 'fight' build argument 'ament_cmake_args' from command line to 'None'
[0.662s] Level 5:colcon.colcon_core.verb:set package 'fight' build argument 'catkin_cmake_args' from command line to 'None'
[0.662s] Level 5:colcon.colcon_core.verb:set package 'fight' build argument 'catkin_skip_building_tests' from command line to 'False'
[0.662s] DEBUG:colcon.colcon_core.verb:Building package 'fight' with the following arguments: {'ament_cmake_args': None, 'build_base': '/home/rai-m/robosys/build/fight', 'catkin_cmake_args': None, 'catkin_skip_building_tests': False, 'cmake_args': None, 'cmake_clean_cache': False, 'cmake_clean_first': False, 'cmake_force_configure': False, 'cmake_target': None, 'cmake_target_skip_unavailable': False, 'install_base': '/home/rai-m/robosys/install/fight', 'merge_install': False, 'path': '/home/rai-m/robosys/src/fight', 'symlink_install': False, 'test_result_base': None}
[0.662s] INFO:colcon.colcon_core.executor:Executing jobs using 'parallel' executor
[0.664s] DEBUG:colcon.colcon_parallel_executor.executor.parallel:run_until_complete
[0.664s] INFO:colcon.colcon_ros.task.ament_cmake.build:Building ROS package in '/home/rai-m/robosys/src/rsysmsg' with build type 'ament_cmake'
[0.664s] INFO:colcon.colcon_cmake.task.cmake.build:Building CMake package in '/home/rai-m/robosys/src/rsysmsg'
[0.668s] INFO:colcon.colcon_core.plugin_system:Skipping extension 'colcon_core.shell.bat': Not used on non-Windows systems
[0.668s] INFO:colcon.colcon_core.shell:Skip shell extension 'powershell' for command environment: Not usable outside of PowerShell
[0.668s] DEBUG:colcon.colcon_core.shell:Skip shell extension 'dsv' for command environment
[0.684s] DEBUG:colcon.colcon_core.event_handler.log_command:Invoking command in '/home/rai-m/robosys/build/rsysmsg': CMAKE_PREFIX_PATH=${CMAKE_PREFIX_PATH}:/home/rai-m/robosys/install/fight:/home/rai-m/mlr01_ws/install/lp01:/home/rai-m/test1_ws/install/robo02:/home/rai-m/test1_ws/install/robo01:/home/rai-m/test1_ws/install/py_pubsub:/home/rai-m/test1_ws/install/my_package2:/home/rai-m/test1_ws/install/my_package:/home/rai-m/test1_ws/install/multi01:/opt/ros/humble /usr/bin/cmake --build /home/rai-m/robosys/build/rsysmsg -- -j22 -l22
[1.162s] DEBUG:colcon.colcon_core.event_handler.log_command:Invoked command in '/home/rai-m/robosys/build/rsysmsg' returned '0': CMAKE_PREFIX_PATH=${CMAKE_PREFIX_PATH}:/home/rai-m/robosys/install/fight:/home/rai-m/mlr01_ws/install/lp01:/home/rai-m/test1_ws/install/robo02:/home/rai-m/test1_ws/install/robo01:/home/rai-m/test1_ws/install/py_pubsub:/home/rai-m/test1_ws/install/my_package2:/home/rai-m/test1_ws/install/my_package:/home/rai-m/test1_ws/install/multi01:/opt/ros/humble /usr/bin/cmake --build /home/rai-m/robosys/build/rsysmsg -- -j22 -l22
[1.175s] DEBUG:colcon.colcon_core.event_handler.log_command:Invoking command in '/home/rai-m/robosys/build/rsysmsg': CMAKE_PREFIX_PATH=${CMAKE_PREFIX_PATH}:/home/rai-m/robosys/install/fight:/home/rai-m/mlr01_ws/install/lp01:/home/rai-m/test1_ws/install/robo02:/home/rai-m/test1_ws/install/robo01:/home/rai-m/test1_ws/install/py_pubsub:/home/rai-m/test1_ws/install/my_package2:/home/rai-m/test1_ws/install/my_package:/home/rai-m/test1_ws/install/multi01:/opt/ros/humble /usr/bin/cmake --install /home/rai-m/robosys/build/rsysmsg
[1.252s] Level 1:colcon.colcon_core.environment:create_environment_scripts_only(rsysmsg)
[1.254s] DEBUG:colcon.colcon_core.event_handler.log_command:Invoked command in '/home/rai-m/robosys/build/rsysmsg' returned '0': CMAKE_PREFIX_PATH=${CMAKE_PREFIX_PATH}:/home/rai-m/robosys/install/fight:/home/rai-m/mlr01_ws/install/lp01:/home/rai-m/test1_ws/install/robo02:/home/rai-m/test1_ws/install/robo01:/home/rai-m/test1_ws/install/py_pubsub:/home/rai-m/test1_ws/install/my_package2:/home/rai-m/test1_ws/install/my_package:/home/rai-m/test1_ws/install/multi01:/opt/ros/humble /usr/bin/cmake --install /home/rai-m/robosys/build/rsysmsg
[1.256s] Level 1:colcon.colcon_core.environment:checking '/home/rai-m/robosys/install/rsysmsg' for CMake module files
[1.256s] Level 1:colcon.colcon_core.environment:checking '/home/rai-m/robosys/install/rsysmsg' for CMake config files
[1.257s] Level 1:colcon.colcon_core.shell:create_environment_hook('rsysmsg', 'cmake_prefix_path')
[1.257s] INFO:colcon.colcon_core.shell:Creating environment hook '/home/rai-m/robosys/install/rsysmsg/share/rsysmsg/hook/cmake_prefix_path.ps1'
[1.258s] INFO:colcon.colcon_core.shell:Creating environment descriptor '/home/rai-m/robosys/install/rsysmsg/share/rsysmsg/hook/cmake_prefix_path.dsv'
[1.259s] INFO:colcon.colcon_core.shell:Creating environment hook '/home/rai-m/robosys/install/rsysmsg/share/rsysmsg/hook/cmake_prefix_path.sh'
[1.260s] Level 1:colcon.colcon_core.environment:checking '/home/rai-m/robosys/install/rsysmsg/lib'
[1.260s] Level 1:colcon.colcon_core.shell:create_environment_hook('rsysmsg', 'ld_library_path_lib')
[1.260s] INFO:colcon.colcon_core.shell:Creating environment hook '/home/rai-m/robosys/install/rsysmsg/share/rsysmsg/hook/ld_library_path_lib.ps1'
[1.261s] INFO:colcon.colcon_core.shell:Creating environment descriptor '/home/rai-m/robosys/install/rsysmsg/share/rsysmsg/hook/ld_library_path_lib.dsv'
[1.262s] INFO:colcon.colcon_core.shell:Creating environment hook '/home/rai-m/robosys/install/rsysmsg/share/rsysmsg/hook/ld_library_path_lib.sh'
[1.263s] Level 1:colcon.colcon_core.environment:checking '/home/rai-m/robosys/install/rsysmsg/bin'
[1.263s] Level 1:colcon.colcon_core.environment:checking '/home/rai-m/robosys/install/rsysmsg/lib/pkgconfig/rsysmsg.pc'
[1.263s] Level 1:colcon.colcon_core.environment:checking '/home/rai-m/robosys/install/rsysmsg/lib/python3.10/site-packages'
[1.264s] Level 1:colcon.colcon_core.environment:checking '/home/rai-m/robosys/install/rsysmsg/bin'
[1.264s] INFO:colcon.colcon_core.shell:Creating package script '/home/rai-m/robosys/install/rsysmsg/share/rsysmsg/package.ps1'
[1.265s] INFO:colcon.colcon_core.shell:Creating package descriptor '/home/rai-m/robosys/install/rsysmsg/share/rsysmsg/package.dsv'
[1.266s] INFO:colcon.colcon_core.shell:Creating package script '/home/rai-m/robosys/install/rsysmsg/share/rsysmsg/package.sh'
[1.267s] INFO:colcon.colcon_core.shell:Creating package script '/home/rai-m/robosys/install/rsysmsg/share/rsysmsg/package.bash'
[1.268s] INFO:colcon.colcon_core.shell:Creating package script '/home/rai-m/robosys/install/rsysmsg/share/rsysmsg/package.zsh'
[1.269s] Level 1:colcon.colcon_core.environment:create_file_with_runtime_dependencies(/home/rai-m/robosys/install/rsysmsg/share/colcon-core/packages/rsysmsg)
[1.270s] Level 1:colcon.colcon_core.environment:create_environment_scripts_only(rsysmsg)
[1.271s] Level 1:colcon.colcon_core.environment:checking '/home/rai-m/robosys/install/rsysmsg' for CMake module files
[1.271s] Level 1:colcon.colcon_core.environment:checking '/home/rai-m/robosys/install/rsysmsg' for CMake config files
[1.272s] Level 1:colcon.colcon_core.shell:create_environment_hook('rsysmsg', 'cmake_prefix_path')
[1.272s] INFO:colcon.colcon_core.shell:Creating environment hook '/home/rai-m/robosys/install/rsysmsg/share/rsysmsg/hook/cmake_prefix_path.ps1'
[1.273s] INFO:colcon.colcon_core.shell:Creating environment descriptor '/home/rai-m/robosys/install/rsysmsg/share/rsysmsg/hook/cmake_prefix_path.dsv'
[1.273s] INFO:colcon.colcon_core.shell:Creating environment hook '/home/rai-m/robosys/install/rsysmsg/share/rsysmsg/hook/cmake_prefix_path.sh'
[1.274s] Level 1:colcon.colcon_core.environment:checking '/home/rai-m/robosys/install/rsysmsg/lib'
[1.274s] Level 1:colcon.colcon_core.shell:create_environment_hook('rsysmsg', 'ld_library_path_lib')
[1.274s] INFO:colcon.colcon_core.shell:Creating environment hook '/home/rai-m/robosys/install/rsysmsg/share/rsysmsg/hook/ld_library_path_lib.ps1'
[1.274s] INFO:colcon.colcon_core.shell:Creating environment descriptor '/home/rai-m/robosys/install/rsysmsg/share/rsysmsg/hook/ld_library_path_lib.dsv'
[1.275s] INFO:colcon.colcon_core.shell:Creating environment hook '/home/rai-m/robosys/install/rsysmsg/share/rsysmsg/hook/ld_library_path_lib.sh'
[1.275s] Level 1:colcon.colcon_core.environment:checking '/home/rai-m/robosys/install/rsysmsg/bin'
[1.275s] Level 1:colcon.colcon_core.environment:checking '/home/rai-m/robosys/install/rsysmsg/lib/pkgconfig/rsysmsg.pc'
[1.276s] Level 1:colcon.colcon_core.environment:checking '/home/rai-m/robosys/install/rsysmsg/lib/python3.10/site-packages'
[1.276s] Level 1:colcon.colcon_core.environment:checking '/home/rai-m/robosys/install/rsysmsg/bin'
[1.276s] INFO:colcon.colcon_core.shell:Creating package script '/home/rai-m/robosys/install/rsysmsg/share/rsysmsg/package.ps1'
[1.277s] INFO:colcon.colcon_core.shell:Creating package descriptor '/home/rai-m/robosys/install/rsysmsg/share/rsysmsg/package.dsv'
[1.278s] INFO:colcon.colcon_core.shell:Creating package script '/home/rai-m/robosys/install/rsysmsg/share/rsysmsg/package.sh'
[1.278s] INFO:colcon.colcon_core.shell:Creating package script '/home/rai-m/robosys/install/rsysmsg/share/rsysmsg/package.bash'
[1.279s] INFO:colcon.colcon_core.shell:Creating package script '/home/rai-m/robosys/install/rsysmsg/share/rsysmsg/package.zsh'
[1.279s] Level 1:colcon.colcon_core.environment:create_file_with_runtime_dependencies(/home/rai-m/robosys/install/rsysmsg/share/colcon-core/packages/rsysmsg)
[1.280s] INFO:colcon.colcon_ros.task.ament_python.build:Building ROS package in '/home/rai-m/robosys/src/fight' with build type 'ament_python'
[1.280s] Level 1:colcon.colcon_core.shell:create_environment_hook('fight', 'ament_prefix_path')
[1.280s] INFO:colcon.colcon_core.shell:Creating environment hook '/home/rai-m/robosys/install/fight/share/fight/hook/ament_prefix_path.ps1'
[1.282s] INFO:colcon.colcon_core.shell:Creating environment descriptor '/home/rai-m/robosys/install/fight/share/fight/hook/ament_prefix_path.dsv'
[1.283s] INFO:colcon.colcon_core.shell:Creating environment hook '/home/rai-m/robosys/install/fight/share/fight/hook/ament_prefix_path.sh'
[1.283s] INFO:colcon.colcon_core.shell:Skip shell extension 'powershell' for command environment: Not usable outside of PowerShell
[1.283s] DEBUG:colcon.colcon_core.shell:Skip shell extension 'dsv' for command environment
[1.730s] INFO:colcon.colcon_core.task.python.build:Building Python package in '/home/rai-m/robosys/src/fight'
[1.731s] INFO:colcon.colcon_core.shell:Skip shell extension 'powershell' for command environment: Not usable outside of PowerShell
[1.731s] DEBUG:colcon.colcon_core.shell:Skip shell extension 'dsv' for command environment
[2.340s] DEBUG:colcon.colcon_core.event_handler.log_command:Invoking command in '/home/rai-m/robosys/src/fight': PYTHONPATH=/home/rai-m/robosys/build/fight/prefix_override:/usr/lib/python3/dist-packages/colcon_core/task/python/colcon_distutils_commands:/home/rai-m/robosys/install/fight/lib/python3.10/site-packages:${PYTHONPATH} /usr/bin/python3 -W ignore:setup.py install is deprecated -W ignore:easy_install command is deprecated setup.py egg_info --egg-base ../../build/fight build --build-base /home/rai-m/robosys/build/fight/build install --record /home/rai-m/robosys/build/fight/install.log --single-version-externally-managed install_data
[2.720s] Level 1:colcon.colcon_core.environment:checking '/home/rai-m/robosys/install/fight' for CMake module files
[2.721s] Level 1:colcon.colcon_core.environment:checking '/home/rai-m/robosys/install/fight' for CMake config files
[2.722s] DEBUG:colcon.colcon_core.event_handler.log_command:Invoked command in '/home/rai-m/robosys/src/fight' returned '0': PYTHONPATH=/home/rai-m/robosys/build/fight/prefix_override:/usr/lib/python3/dist-packages/colcon_core/task/python/colcon_distutils_commands:/home/rai-m/robosys/install/fight/lib/python3.10/site-packages:${PYTHONPATH} /usr/bin/python3 -W ignore:setup.py install is deprecated -W ignore:easy_install command is deprecated setup.py egg_info --egg-base ../../build/fight build --build-base /home/rai-m/robosys/build/fight/build install --record /home/rai-m/robosys/build/fight/install.log --single-version-externally-managed install_data
[2.722s] Level 1:colcon.colcon_core.environment:checking '/home/rai-m/robosys/install/fight/lib'
[2.723s] Level 1:colcon.colcon_core.environment:checking '/home/rai-m/robosys/install/fight/bin'
[2.723s] Level 1:colcon.colcon_core.environment:checking '/home/rai-m/robosys/install/fight/lib/pkgconfig/fight.pc'
[2.723s] Level 1:colcon.colcon_core.environment:checking '/home/rai-m/robosys/install/fight/lib/python3.10/site-packages'
[2.723s] Level 1:colcon.colcon_core.shell:create_environment_hook('fight', 'pythonpath')
[2.723s] INFO:colcon.colcon_core.shell:Creating environment hook '/home/rai-m/robosys/install/fight/share/fight/hook/pythonpath.ps1'
[2.725s] INFO:colcon.colcon_core.shell:Creating environment descriptor '/home/rai-m/robosys/install/fight/share/fight/hook/pythonpath.dsv'
[2.726s] INFO:colcon.colcon_core.shell:Creating environment hook '/home/rai-m/robosys/install/fight/share/fight/hook/pythonpath.sh'
[2.733s] Level 1:colcon.colcon_core.environment:checking '/home/rai-m/robosys/install/fight/bin'
[2.734s] Level 1:colcon.colcon_core.environment:create_environment_scripts_only(fight)
[2.735s] INFO:colcon.colcon_core.shell:Creating package script '/home/rai-m/robosys/install/fight/share/fight/package.ps1'
[2.737s] INFO:colcon.colcon_core.shell:Creating package descriptor '/home/rai-m/robosys/install/fight/share/fight/package.dsv'
[2.738s] INFO:colcon.colcon_core.shell:Creating package script '/home/rai-m/robosys/install/fight/share/fight/package.sh'
[2.739s] INFO:colcon.colcon_core.shell:Creating package script '/home/rai-m/robosys/install/fight/share/fight/package.bash'
[2.739s] INFO:colcon.colcon_core.shell:Creating package script '/home/rai-m/robosys/install/fight/share/fight/package.zsh'
[2.740s] Level 1:colcon.colcon_core.environment:create_file_with_runtime_dependencies(/home/rai-m/robosys/install/fight/share/colcon-core/packages/fight)
[2.740s] DEBUG:colcon.colcon_parallel_executor.executor.parallel:closing loop
[2.741s] DEBUG:colcon.colcon_parallel_executor.executor.parallel:loop closed
[2.741s] DEBUG:colcon.colcon_parallel_executor.executor.parallel:run_until_complete finished with '0'
[2.741s] DEBUG:colcon.colcon_core.event_reactor:joining thread
[2.802s] INFO:colcon.colcon_core.plugin_system:Skipping extension 'colcon_notification.desktop_notification.notify_send': Could not find 'notify-send'
[2.802s] INFO:colcon.colcon_core.plugin_system:Skipping extension 'colcon_notification.desktop_notification.terminal_notifier': Not used on non-Darwin systems
[2.802s] INFO:colcon.colcon_core.plugin_system:Skipping extension 'colcon_notification.desktop_notification.win32': Not used on non-Windows systems
[2.802s] INFO:colcon.colcon_notification.desktop_notification:Sending desktop notification using 'notify2'
[2.803s] DEBUG:colcon.colcon_notification.desktop_notification.notify2:Failed to initialize notify2: org.freedesktop.DBus.Error.FileNotFound: Failed to connect to socket /run/user/1000/bus: No such file or directory
[2.803s] DEBUG:colcon.colcon_core.event_reactor:joined thread
[2.804s] INFO:colcon.colcon_core.shell:Creating prefix script '/home/rai-m/robosys/install/local_setup.ps1'
[2.805s] INFO:colcon.colcon_core.shell:Creating prefix util module '/home/rai-m/robosys/install/_local_setup_util_ps1.py'
[2.807s] INFO:colcon.colcon_core.shell:Creating prefix chain script '/home/rai-m/robosys/install/setup.ps1'
[2.809s] INFO:colcon.colcon_core.shell:Creating prefix script '/home/rai-m/robosys/install/local_setup.sh'
[2.810s] INFO:colcon.colcon_core.shell:Creating prefix util module '/home/rai-m/robosys/install/_local_setup_util_sh.py'
[2.810s] INFO:colcon.colcon_core.shell:Creating prefix chain script '/home/rai-m/robosys/install/setup.sh'
[2.812s] INFO:colcon.colcon_core.shell:Creating prefix script '/home/rai-m/robosys/install/local_setup.bash'
[2.812s] INFO:colcon.colcon_core.shell:Creating prefix chain script '/home/rai-m/robosys/install/setup.bash'
[2.814s] INFO:colcon.colcon_core.shell:Creating prefix script '/home/rai-m/robosys/install/local_setup.zsh'
[2.815s] INFO:colcon.colcon_core.shell:Creating prefix chain script '/home/rai-m/robosys/install/setup.zsh'
