[0.009s] Invoking command in '/home/rai-m/robosys/build/rsysmsg': CMAKE_PREFIX_PATH=${CMAKE_PREFIX_PATH}:/home/rai-m/robosys/install/fight:/home/rai-m/mlr01_ws/install/lp01:/home/rai-m/test1_ws/install/robo02:/home/rai-m/test1_ws/install/robo01:/home/rai-m/test1_ws/install/py_pubsub:/home/rai-m/test1_ws/install/my_package2:/home/rai-m/test1_ws/install/my_package:/home/rai-m/test1_ws/install/multi01:/opt/ros/humble /usr/bin/cmake --build /home/rai-m/robosys/build/rsysmsg -- -j22 -l22
[0.051s] [ 11%] Built target rsysmsg__rosidl_generator_c
[0.051s] [ 12%] Built target rsysmsg__cpp
[0.069s] [ 12%] Built target ament_cmake_python_copy_rsysmsg
[0.084s] [ 25%] Built target rsysmsg__rosidl_typesupport_introspection_c
[0.084s] [ 36%] Built target rsysmsg__rosidl_typesupport_fastrtps_cpp
[0.084s] [ 46%] Built target rsysmsg__rosidl_typesupport_fastrtps_c
[0.089s] [ 57%] Built target rsysmsg__rosidl_typesupport_cpp
[0.089s] [ 68%] Built target rsysmsg__rosidl_typesupport_introspection_cpp
[0.091s] [ 79%] Built target rsysmsg__rosidl_typesupport_c
[0.105s] [ 79%] Built target rsysmsg
[0.119s] [ 80%] Built target rsysmsg__py
[0.134s] [ 90%] Built target rsysmsg__rosidl_generator_py
[0.151s] [ 96%] Built target rsysmsg__rosidl_typesupport_c__pyext
[0.151s] [ 96%] Built target rsysmsg__rosidl_typesupport_fastrtps_c__pyext
[0.152s] [100%] Built target rsysmsg__rosidl_typesupport_introspection_c__pyext
[0.230s] running egg_info
[0.233s] writing rsysmsg.egg-info/PKG-INFO
[0.233s] writing dependency_links to rsysmsg.egg-info/dependency_links.txt
[0.233s] writing top-level names to rsysmsg.egg-info/top_level.txt
[0.235s] reading manifest file 'rsysmsg.egg-info/SOURCES.txt'
[0.236s] writing manifest file 'rsysmsg.egg-info/SOURCES.txt'
[0.253s] [100%] Built target ament_cmake_python_build_rsysmsg_egg
[0.264s] Invoked command in '/home/rai-m/robosys/build/rsysmsg' returned '0': CMAKE_PREFIX_PATH=${CMAKE_PREFIX_PATH}:/home/rai-m/robosys/install/fight:/home/rai-m/mlr01_ws/install/lp01:/home/rai-m/test1_ws/install/robo02:/home/rai-m/test1_ws/install/robo01:/home/rai-m/test1_ws/install/py_pubsub:/home/rai-m/test1_ws/install/my_package2:/home/rai-m/test1_ws/install/my_package:/home/rai-m/test1_ws/install/multi01:/opt/ros/humble /usr/bin/cmake --build /home/rai-m/robosys/build/rsysmsg -- -j22 -l22
[0.271s] Invoking command in '/home/rai-m/robosys/build/rsysmsg': CMAKE_PREFIX_PATH=${CMAKE_PREFIX_PATH}:/home/rai-m/robosys/install/fight:/home/rai-m/mlr01_ws/install/lp01:/home/rai-m/test1_ws/install/robo02:/home/rai-m/test1_ws/install/robo01:/home/rai-m/test1_ws/install/py_pubsub:/home/rai-m/test1_ws/install/my_package2:/home/rai-m/test1_ws/install/my_package:/home/rai-m/test1_ws/install/multi01:/opt/ros/humble /usr/bin/cmake --install /home/rai-m/robosys/build/rsysmsg
[0.277s] -- Install configuration: ""
[0.277s] -- Up-to-date: /home/rai-m/robosys/install/rsysmsg/share/ament_index/resource_index/rosidl_interfaces/rsysmsg
[0.277s] -- Up-to-date: /home/rai-m/robosys/install/rsysmsg/include/rsysmsg/rsysmsg
[0.277s] -- Up-to-date: /home/rai-m/robosys/install/rsysmsg/include/rsysmsg/rsysmsg/msg
[0.277s] -- Up-to-date: /home/rai-m/robosys/install/rsysmsg/include/rsysmsg/rsysmsg/msg/rosidl_generator_c__visibility_control.h
[0.278s] -- Up-to-date: /home/rai-m/robosys/install/rsysmsg/include/rsysmsg/rsysmsg/msg/detail
[0.278s] -- Up-to-date: /home/rai-m/robosys/install/rsysmsg/include/rsysmsg/rsysmsg/msg/detail/num__functions.h
[0.278s] -- Up-to-date: /home/rai-m/robosys/install/rsysmsg/include/rsysmsg/rsysmsg/msg/detail/num__functions.c
[0.278s] -- Up-to-date: /home/rai-m/robosys/install/rsysmsg/include/rsysmsg/rsysmsg/msg/detail/fighting__type_support.h
[0.278s] -- Up-to-date: /home/rai-m/robosys/install/rsysmsg/include/rsysmsg/rsysmsg/msg/detail/fighting__functions.h
[0.278s] -- Up-to-date: /home/rai-m/robosys/install/rsysmsg/include/rsysmsg/rsysmsg/msg/detail/num__struct.h
[0.278s] -- Up-to-date: /home/rai-m/robosys/install/rsysmsg/include/rsysmsg/rsysmsg/msg/detail/num__type_support.h
[0.278s] -- Up-to-date: /home/rai-m/robosys/install/rsysmsg/include/rsysmsg/rsysmsg/msg/detail/fighting__struct.h
[0.278s] -- Up-to-date: /home/rai-m/robosys/install/rsysmsg/include/rsysmsg/rsysmsg/msg/detail/fighting__functions.c
[0.278s] -- Up-to-date: /home/rai-m/robosys/install/rsysmsg/include/rsysmsg/rsysmsg/msg/num.h
[0.278s] -- Up-to-date: /home/rai-m/robosys/install/rsysmsg/include/rsysmsg/rsysmsg/msg/fighting.h
[0.278s] -- Up-to-date: /home/rai-m/robosys/install/rsysmsg/include/rsysmsg/rsysmsg/srv
[0.278s] -- Up-to-date: /home/rai-m/robosys/install/rsysmsg/include/rsysmsg/rsysmsg/srv/fight.h
[0.278s] -- Up-to-date: /home/rai-m/robosys/install/rsysmsg/include/rsysmsg/rsysmsg/srv/detail
[0.278s] -- Up-to-date: /home/rai-m/robosys/install/rsysmsg/include/rsysmsg/rsysmsg/srv/detail/name__functions.h
[0.278s] -- Up-to-date: /home/rai-m/robosys/install/rsysmsg/include/rsysmsg/rsysmsg/srv/detail/fight__functions.h
[0.278s] -- Up-to-date: /home/rai-m/robosys/install/rsysmsg/include/rsysmsg/rsysmsg/srv/detail/fight__struct.h
[0.278s] -- Up-to-date: /home/rai-m/robosys/install/rsysmsg/include/rsysmsg/rsysmsg/srv/detail/fight__functions.c
[0.278s] -- Up-to-date: /home/rai-m/robosys/install/rsysmsg/include/rsysmsg/rsysmsg/srv/detail/name__type_support.h
[0.278s] -- Up-to-date: /home/rai-m/robosys/install/rsysmsg/include/rsysmsg/rsysmsg/srv/detail/name__functions.c
[0.278s] -- Up-to-date: /home/rai-m/robosys/install/rsysmsg/include/rsysmsg/rsysmsg/srv/detail/fight__type_support.h
[0.278s] -- Up-to-date: /home/rai-m/robosys/install/rsysmsg/include/rsysmsg/rsysmsg/srv/detail/name__struct.h
[0.278s] -- Up-to-date: /home/rai-m/robosys/install/rsysmsg/include/rsysmsg/rsysmsg/srv/name.h
[0.278s] -- Up-to-date: /home/rai-m/robosys/install/rsysmsg/include/rsysmsg/rsysmsg/action
[0.279s] -- Up-to-date: /home/rai-m/robosys/install/rsysmsg/include/rsysmsg/rsysmsg/action/monster.h
[0.279s] -- Up-to-date: /home/rai-m/robosys/install/rsysmsg/include/rsysmsg/rsysmsg/action/detail
[0.279s] -- Up-to-date: /home/rai-m/robosys/install/rsysmsg/include/rsysmsg/rsysmsg/action/detail/monster__functions.h
[0.279s] -- Up-to-date: /home/rai-m/robosys/install/rsysmsg/include/rsysmsg/rsysmsg/action/detail/monster__type_support.h
[0.279s] -- Up-to-date: /home/rai-m/robosys/install/rsysmsg/include/rsysmsg/rsysmsg/action/detail/monster__struct.h
[0.279s] -- Up-to-date: /home/rai-m/robosys/install/rsysmsg/include/rsysmsg/rsysmsg/action/detail/monster__functions.c
[0.279s] -- Up-to-date: /home/rai-m/robosys/install/rsysmsg/share/rsysmsg/environment/library_path.sh
[0.279s] -- Up-to-date: /home/rai-m/robosys/install/rsysmsg/share/rsysmsg/environment/library_path.dsv
[0.279s] -- Up-to-date: /home/rai-m/robosys/install/rsysmsg/lib/librsysmsg__rosidl_generator_c.so
[0.279s] -- Up-to-date: /home/rai-m/robosys/install/rsysmsg/include/rsysmsg/rsysmsg
[0.279s] -- Up-to-date: /home/rai-m/robosys/install/rsysmsg/include/rsysmsg/rsysmsg/msg
[0.279s] -- Up-to-date: /home/rai-m/robosys/install/rsysmsg/include/rsysmsg/rsysmsg/msg/rosidl_typesupport_fastrtps_c__visibility_control.h
[0.279s] -- Up-to-date: /home/rai-m/robosys/install/rsysmsg/include/rsysmsg/rsysmsg/msg/detail
[0.279s] -- Up-to-date: /home/rai-m/robosys/install/rsysmsg/include/rsysmsg/rsysmsg/msg/detail/fighting__rosidl_typesupport_fastrtps_c.h
[0.279s] -- Up-to-date: /home/rai-m/robosys/install/rsysmsg/include/rsysmsg/rsysmsg/msg/detail/num__rosidl_typesupport_fastrtps_c.h
[0.279s] -- Up-to-date: /home/rai-m/robosys/install/rsysmsg/include/rsysmsg/rsysmsg/srv
[0.279s] -- Up-to-date: /home/rai-m/robosys/install/rsysmsg/include/rsysmsg/rsysmsg/srv/detail
[0.279s] -- Up-to-date: /home/rai-m/robosys/install/rsysmsg/include/rsysmsg/rsysmsg/srv/detail/name__rosidl_typesupport_fastrtps_c.h
[0.279s] -- Up-to-date: /home/rai-m/robosys/install/rsysmsg/include/rsysmsg/rsysmsg/srv/detail/fight__rosidl_typesupport_fastrtps_c.h
[0.279s] -- Up-to-date: /home/rai-m/robosys/install/rsysmsg/include/rsysmsg/rsysmsg/action
[0.279s] -- Up-to-date: /home/rai-m/robosys/install/rsysmsg/include/rsysmsg/rsysmsg/action/detail
[0.279s] -- Up-to-date: /home/rai-m/robosys/install/rsysmsg/include/rsysmsg/rsysmsg/action/detail/monster__rosidl_typesupport_fastrtps_c.h
[0.279s] -- Up-to-date: /home/rai-m/robosys/install/rsysmsg/lib/librsysmsg__rosidl_typesupport_fastrtps_c.so
[0.279s] -- Up-to-date: /home/rai-m/robosys/install/rsysmsg/include/rsysmsg/rsysmsg
[0.279s] -- Up-to-date: /home/rai-m/robosys/install/rsysmsg/include/rsysmsg/rsysmsg/msg
[0.279s] -- Up-to-date: /home/rai-m/robosys/install/rsysmsg/include/rsysmsg/rsysmsg/msg/fighting.hpp
[0.279s] -- Up-to-date: /home/rai-m/robosys/install/rsysmsg/include/rsysmsg/rsysmsg/msg/num.hpp
[0.279s] -- Up-to-date: /home/rai-m/robosys/install/rsysmsg/include/rsysmsg/rsysmsg/msg/detail
[0.279s] -- Up-to-date: /home/rai-m/robosys/install/rsysmsg/include/rsysmsg/rsysmsg/msg/detail/fighting__traits.hpp
[0.279s] -- Up-to-date: /home/rai-m/robosys/install/rsysmsg/include/rsysmsg/rsysmsg/msg/detail/fighting__struct.hpp
[0.280s] -- Up-to-date: /home/rai-m/robosys/install/rsysmsg/include/rsysmsg/rsysmsg/msg/detail/fighting__builder.hpp
[0.280s] -- Up-to-date: /home/rai-m/robosys/install/rsysmsg/include/rsysmsg/rsysmsg/msg/detail/num__type_support.hpp
[0.280s] -- Up-to-date: /home/rai-m/robosys/install/rsysmsg/include/rsysmsg/rsysmsg/msg/detail/num__traits.hpp
[0.280s] -- Up-to-date: /home/rai-m/robosys/install/rsysmsg/include/rsysmsg/rsysmsg/msg/detail/num__struct.hpp
[0.280s] -- Up-to-date: /home/rai-m/robosys/install/rsysmsg/include/rsysmsg/rsysmsg/msg/detail/fighting__type_support.hpp
[0.280s] -- Up-to-date: /home/rai-m/robosys/install/rsysmsg/include/rsysmsg/rsysmsg/msg/detail/num__builder.hpp
[0.280s] -- Up-to-date: /home/rai-m/robosys/install/rsysmsg/include/rsysmsg/rsysmsg/msg/rosidl_generator_cpp__visibility_control.hpp
[0.280s] -- Up-to-date: /home/rai-m/robosys/install/rsysmsg/include/rsysmsg/rsysmsg/srv
[0.280s] -- Up-to-date: /home/rai-m/robosys/install/rsysmsg/include/rsysmsg/rsysmsg/srv/name.hpp
[0.280s] -- Up-to-date: /home/rai-m/robosys/install/rsysmsg/include/rsysmsg/rsysmsg/srv/fight.hpp
[0.280s] -- Up-to-date: /home/rai-m/robosys/install/rsysmsg/include/rsysmsg/rsysmsg/srv/detail
[0.280s] -- Up-to-date: /home/rai-m/robosys/install/rsysmsg/include/rsysmsg/rsysmsg/srv/detail/name__type_support.hpp
[0.280s] -- Up-to-date: /home/rai-m/robosys/install/rsysmsg/include/rsysmsg/rsysmsg/srv/detail/fight__type_support.hpp
[0.280s] -- Up-to-date: /home/rai-m/robosys/install/rsysmsg/include/rsysmsg/rsysmsg/srv/detail/name__traits.hpp
[0.280s] -- Up-to-date: /home/rai-m/robosys/install/rsysmsg/include/rsysmsg/rsysmsg/srv/detail/fight__builder.hpp
[0.280s] -- Up-to-date: /home/rai-m/robosys/install/rsysmsg/include/rsysmsg/rsysmsg/srv/detail/fight__struct.hpp
[0.280s] -- Up-to-date: /home/rai-m/robosys/install/rsysmsg/include/rsysmsg/rsysmsg/srv/detail/name__builder.hpp
[0.280s] -- Up-to-date: /home/rai-m/robosys/install/rsysmsg/include/rsysmsg/rsysmsg/srv/detail/fight__traits.hpp
[0.280s] -- Up-to-date: /home/rai-m/robosys/install/rsysmsg/include/rsysmsg/rsysmsg/srv/detail/name__struct.hpp
[0.280s] -- Up-to-date: /home/rai-m/robosys/install/rsysmsg/include/rsysmsg/rsysmsg/action
[0.280s] -- Up-to-date: /home/rai-m/robosys/install/rsysmsg/include/rsysmsg/rsysmsg/action/monster.hpp
[0.280s] -- Up-to-date: /home/rai-m/robosys/install/rsysmsg/include/rsysmsg/rsysmsg/action/detail
[0.280s] -- Up-to-date: /home/rai-m/robosys/install/rsysmsg/include/rsysmsg/rsysmsg/action/detail/monster__type_support.hpp
[0.280s] -- Up-to-date: /home/rai-m/robosys/install/rsysmsg/include/rsysmsg/rsysmsg/action/detail/monster__traits.hpp
[0.280s] -- Up-to-date: /home/rai-m/robosys/install/rsysmsg/include/rsysmsg/rsysmsg/action/detail/monster__struct.hpp
[0.280s] -- Up-to-date: /home/rai-m/robosys/install/rsysmsg/include/rsysmsg/rsysmsg/action/detail/monster__builder.hpp
[0.280s] -- Up-to-date: /home/rai-m/robosys/install/rsysmsg/include/rsysmsg/rsysmsg
[0.280s] -- Up-to-date: /home/rai-m/robosys/install/rsysmsg/include/rsysmsg/rsysmsg/msg
[0.280s] -- Up-to-date: /home/rai-m/robosys/install/rsysmsg/include/rsysmsg/rsysmsg/msg/rosidl_typesupport_fastrtps_cpp__visibility_control.h
[0.280s] -- Up-to-date: /home/rai-m/robosys/install/rsysmsg/include/rsysmsg/rsysmsg/msg/detail
[0.280s] -- Up-to-date: /home/rai-m/robosys/install/rsysmsg/include/rsysmsg/rsysmsg/msg/detail/dds_fastrtps
[0.280s] -- Up-to-date: /home/rai-m/robosys/install/rsysmsg/include/rsysmsg/rsysmsg/msg/detail/num__rosidl_typesupport_fastrtps_cpp.hpp
[0.281s] -- Up-to-date: /home/rai-m/robosys/install/rsysmsg/include/rsysmsg/rsysmsg/msg/detail/fighting__rosidl_typesupport_fastrtps_cpp.hpp
[0.281s] -- Up-to-date: /home/rai-m/robosys/install/rsysmsg/include/rsysmsg/rsysmsg/srv
[0.281s] -- Up-to-date: /home/rai-m/robosys/install/rsysmsg/include/rsysmsg/rsysmsg/srv/detail
[0.281s] -- Up-to-date: /home/rai-m/robosys/install/rsysmsg/include/rsysmsg/rsysmsg/srv/detail/name__rosidl_typesupport_fastrtps_cpp.hpp
[0.281s] -- Up-to-date: /home/rai-m/robosys/install/rsysmsg/include/rsysmsg/rsysmsg/srv/detail/fight__rosidl_typesupport_fastrtps_cpp.hpp
[0.281s] -- Up-to-date: /home/rai-m/robosys/install/rsysmsg/include/rsysmsg/rsysmsg/srv/detail/dds_fastrtps
[0.281s] -- Up-to-date: /home/rai-m/robosys/install/rsysmsg/include/rsysmsg/rsysmsg/action
[0.281s] -- Up-to-date: /home/rai-m/robosys/install/rsysmsg/include/rsysmsg/rsysmsg/action/detail
[0.281s] -- Up-to-date: /home/rai-m/robosys/install/rsysmsg/include/rsysmsg/rsysmsg/action/detail/dds_fastrtps
[0.281s] -- Up-to-date: /home/rai-m/robosys/install/rsysmsg/include/rsysmsg/rsysmsg/action/detail/monster__rosidl_typesupport_fastrtps_cpp.hpp
[0.281s] -- Up-to-date: /home/rai-m/robosys/install/rsysmsg/lib/librsysmsg__rosidl_typesupport_fastrtps_cpp.so
[0.281s] -- Up-to-date: /home/rai-m/robosys/install/rsysmsg/include/rsysmsg/rsysmsg
[0.281s] -- Up-to-date: /home/rai-m/robosys/install/rsysmsg/include/rsysmsg/rsysmsg/msg
[0.281s] -- Up-to-date: /home/rai-m/robosys/install/rsysmsg/include/rsysmsg/rsysmsg/msg/rosidl_typesupport_introspection_c__visibility_control.h
[0.281s] -- Up-to-date: /home/rai-m/robosys/install/rsysmsg/include/rsysmsg/rsysmsg/msg/detail
[0.281s] -- Up-to-date: /home/rai-m/robosys/install/rsysmsg/include/rsysmsg/rsysmsg/msg/detail/num__type_support.c
[0.281s] -- Up-to-date: /home/rai-m/robosys/install/rsysmsg/include/rsysmsg/rsysmsg/msg/detail/fighting__type_support.c
[0.281s] -- Up-to-date: /home/rai-m/robosys/install/rsysmsg/include/rsysmsg/rsysmsg/msg/detail/num__rosidl_typesupport_introspection_c.h
[0.281s] -- Up-to-date: /home/rai-m/robosys/install/rsysmsg/include/rsysmsg/rsysmsg/msg/detail/fighting__rosidl_typesupport_introspection_c.h
[0.281s] -- Up-to-date: /home/rai-m/robosys/install/rsysmsg/include/rsysmsg/rsysmsg/srv
[0.281s] -- Up-to-date: /home/rai-m/robosys/install/rsysmsg/include/rsysmsg/rsysmsg/srv/detail
[0.281s] -- Up-to-date: /home/rai-m/robosys/install/rsysmsg/include/rsysmsg/rsysmsg/srv/detail/fight__rosidl_typesupport_introspection_c.h
[0.281s] -- Up-to-date: /home/rai-m/robosys/install/rsysmsg/include/rsysmsg/rsysmsg/srv/detail/name__type_support.c
[0.281s] -- Up-to-date: /home/rai-m/robosys/install/rsysmsg/include/rsysmsg/rsysmsg/srv/detail/fight__type_support.c
[0.281s] -- Up-to-date: /home/rai-m/robosys/install/rsysmsg/include/rsysmsg/rsysmsg/srv/detail/name__rosidl_typesupport_introspection_c.h
[0.281s] -- Up-to-date: /home/rai-m/robosys/install/rsysmsg/include/rsysmsg/rsysmsg/action
[0.282s] -- Up-to-date: /home/rai-m/robosys/install/rsysmsg/include/rsysmsg/rsysmsg/action/detail
[0.282s] -- Up-to-date: /home/rai-m/robosys/install/rsysmsg/include/rsysmsg/rsysmsg/action/detail/monster__type_support.c
[0.282s] -- Up-to-date: /home/rai-m/robosys/install/rsysmsg/include/rsysmsg/rsysmsg/action/detail/monster__rosidl_typesupport_introspection_c.h
[0.282s] -- Up-to-date: /home/rai-m/robosys/install/rsysmsg/lib/librsysmsg__rosidl_typesupport_introspection_c.so
[0.282s] -- Up-to-date: /home/rai-m/robosys/install/rsysmsg/lib/librsysmsg__rosidl_typesupport_c.so
[0.282s] -- Up-to-date: /home/rai-m/robosys/install/rsysmsg/include/rsysmsg/rsysmsg
[0.282s] -- Up-to-date: /home/rai-m/robosys/install/rsysmsg/include/rsysmsg/rsysmsg/msg
[0.282s] -- Up-to-date: /home/rai-m/robosys/install/rsysmsg/include/rsysmsg/rsysmsg/msg/detail
[0.282s] -- Up-to-date: /home/rai-m/robosys/install/rsysmsg/include/rsysmsg/rsysmsg/msg/detail/fighting__type_support.cpp
[0.282s] -- Up-to-date: /home/rai-m/robosys/install/rsysmsg/include/rsysmsg/rsysmsg/msg/detail/fighting__rosidl_typesupport_introspection_cpp.hpp
[0.282s] -- Up-to-date: /home/rai-m/robosys/install/rsysmsg/include/rsysmsg/rsysmsg/msg/detail/num__rosidl_typesupport_introspection_cpp.hpp
[0.282s] -- Up-to-date: /home/rai-m/robosys/install/rsysmsg/include/rsysmsg/rsysmsg/msg/detail/num__type_support.cpp
[0.282s] -- Up-to-date: /home/rai-m/robosys/install/rsysmsg/include/rsysmsg/rsysmsg/srv
[0.282s] -- Up-to-date: /home/rai-m/robosys/install/rsysmsg/include/rsysmsg/rsysmsg/srv/detail
[0.282s] -- Up-to-date: /home/rai-m/robosys/install/rsysmsg/include/rsysmsg/rsysmsg/srv/detail/name__type_support.cpp
[0.282s] -- Up-to-date: /home/rai-m/robosys/install/rsysmsg/include/rsysmsg/rsysmsg/srv/detail/name__rosidl_typesupport_introspection_cpp.hpp
[0.282s] -- Up-to-date: /home/rai-m/robosys/install/rsysmsg/include/rsysmsg/rsysmsg/srv/detail/fight__rosidl_typesupport_introspection_cpp.hpp
[0.282s] -- Up-to-date: /home/rai-m/robosys/install/rsysmsg/include/rsysmsg/rsysmsg/srv/detail/fight__type_support.cpp
[0.282s] -- Up-to-date: /home/rai-m/robosys/install/rsysmsg/include/rsysmsg/rsysmsg/action
[0.282s] -- Up-to-date: /home/rai-m/robosys/install/rsysmsg/include/rsysmsg/rsysmsg/action/detail
[0.282s] -- Up-to-date: /home/rai-m/robosys/install/rsysmsg/include/rsysmsg/rsysmsg/action/detail/monster__type_support.cpp
[0.282s] -- Up-to-date: /home/rai-m/robosys/install/rsysmsg/include/rsysmsg/rsysmsg/action/detail/monster__rosidl_typesupport_introspection_cpp.hpp
[0.282s] -- Up-to-date: /home/rai-m/robosys/install/rsysmsg/lib/librsysmsg__rosidl_typesupport_introspection_cpp.so
[0.282s] -- Up-to-date: /home/rai-m/robosys/install/rsysmsg/lib/librsysmsg__rosidl_typesupport_cpp.so
[0.282s] -- Up-to-date: /home/rai-m/robosys/install/rsysmsg/share/rsysmsg/environment/pythonpath.sh
[0.282s] -- Up-to-date: /home/rai-m/robosys/install/rsysmsg/share/rsysmsg/environment/pythonpath.dsv
[0.282s] -- Up-to-date: /home/rai-m/robosys/install/rsysmsg/local/lib/python3.10/dist-packages/rsysmsg-0.0.0-py3.10.egg-info
[0.282s] -- Installing: /home/rai-m/robosys/install/rsysmsg/local/lib/python3.10/dist-packages/rsysmsg-0.0.0-py3.10.egg-info/SOURCES.txt
[0.282s] -- Installing: /home/rai-m/robosys/install/rsysmsg/local/lib/python3.10/dist-packages/rsysmsg-0.0.0-py3.10.egg-info/dependency_links.txt
[0.282s] -- Installing: /home/rai-m/robosys/install/rsysmsg/local/lib/python3.10/dist-packages/rsysmsg-0.0.0-py3.10.egg-info/top_level.txt
[0.282s] -- Installing: /home/rai-m/robosys/install/rsysmsg/local/lib/python3.10/dist-packages/rsysmsg-0.0.0-py3.10.egg-info/PKG-INFO
[0.282s] -- Up-to-date: /home/rai-m/robosys/install/rsysmsg/local/lib/python3.10/dist-packages/rsysmsg
[0.282s] -- Up-to-date: /home/rai-m/robosys/install/rsysmsg/local/lib/python3.10/dist-packages/rsysmsg/msg
[0.282s] -- Up-to-date: /home/rai-m/robosys/install/rsysmsg/local/lib/python3.10/dist-packages/rsysmsg/msg/_num.py
[0.282s] -- Up-to-date: /home/rai-m/robosys/install/rsysmsg/local/lib/python3.10/dist-packages/rsysmsg/msg/_fighting.py
[0.282s] -- Up-to-date: /home/rai-m/robosys/install/rsysmsg/local/lib/python3.10/dist-packages/rsysmsg/msg/_fighting_s.c
[0.282s] -- Up-to-date: /home/rai-m/robosys/install/rsysmsg/local/lib/python3.10/dist-packages/rsysmsg/msg/_num_s.c
[0.282s] -- Up-to-date: /home/rai-m/robosys/install/rsysmsg/local/lib/python3.10/dist-packages/rsysmsg/msg/__init__.py
[0.282s] -- Up-to-date: /home/rai-m/robosys/install/rsysmsg/local/lib/python3.10/dist-packages/rsysmsg/librsysmsg__rosidl_generator_py.so
[0.283s] -- Up-to-date: /home/rai-m/robosys/install/rsysmsg/local/lib/python3.10/dist-packages/rsysmsg/srv
[0.283s] -- Up-to-date: /home/rai-m/robosys/install/rsysmsg/local/lib/python3.10/dist-packages/rsysmsg/srv/_name.py
[0.283s] -- Up-to-date: /home/rai-m/robosys/install/rsysmsg/local/lib/python3.10/dist-packages/rsysmsg/srv/_fight_s.c
[0.283s] -- Up-to-date: /home/rai-m/robosys/install/rsysmsg/local/lib/python3.10/dist-packages/rsysmsg/srv/_fight.py
[0.283s] -- Up-to-date: /home/rai-m/robosys/install/rsysmsg/local/lib/python3.10/dist-packages/rsysmsg/srv/_name_s.c
[0.283s] -- Up-to-date: /home/rai-m/robosys/install/rsysmsg/local/lib/python3.10/dist-packages/rsysmsg/srv/__init__.py
[0.283s] -- Up-to-date: /home/rai-m/robosys/install/rsysmsg/local/lib/python3.10/dist-packages/rsysmsg/action
[0.283s] -- Up-to-date: /home/rai-m/robosys/install/rsysmsg/local/lib/python3.10/dist-packages/rsysmsg/action/_monster_s.c
[0.283s] -- Up-to-date: /home/rai-m/robosys/install/rsysmsg/local/lib/python3.10/dist-packages/rsysmsg/action/_monster.py
[0.283s] -- Up-to-date: /home/rai-m/robosys/install/rsysmsg/local/lib/python3.10/dist-packages/rsysmsg/action/__init__.py
[0.283s] -- Up-to-date: /home/rai-m/robosys/install/rsysmsg/local/lib/python3.10/dist-packages/rsysmsg/_rsysmsg_s.ep.rosidl_typesupport_introspection_c.c
[0.283s] -- Up-to-date: /home/rai-m/robosys/install/rsysmsg/local/lib/python3.10/dist-packages/rsysmsg/rsysmsg_s__rosidl_typesupport_fastrtps_c.cpython-310-x86_64-linux-gnu.so
[0.283s] -- Up-to-date: /home/rai-m/robosys/install/rsysmsg/local/lib/python3.10/dist-packages/rsysmsg/rsysmsg_s__rosidl_typesupport_c.cpython-310-x86_64-linux-gnu.so
[0.283s] -- Up-to-date: /home/rai-m/robosys/install/rsysmsg/local/lib/python3.10/dist-packages/rsysmsg/_rsysmsg_s.ep.rosidl_typesupport_c.c
[0.283s] -- Up-to-date: /home/rai-m/robosys/install/rsysmsg/local/lib/python3.10/dist-packages/rsysmsg/_rsysmsg_s.ep.rosidl_typesupport_fastrtps_c.c
[0.283s] -- Up-to-date: /home/rai-m/robosys/install/rsysmsg/local/lib/python3.10/dist-packages/rsysmsg/__init__.py
[0.283s] -- Up-to-date: /home/rai-m/robosys/install/rsysmsg/local/lib/python3.10/dist-packages/rsysmsg/rsysmsg_s__rosidl_typesupport_introspection_c.cpython-310-x86_64-linux-gnu.so
[0.308s] Listing '/home/rai-m/robosys/install/rsysmsg/local/lib/python3.10/dist-packages/rsysmsg'...
[0.308s] Listing '/home/rai-m/robosys/install/rsysmsg/local/lib/python3.10/dist-packages/rsysmsg/action'...
[0.308s] Listing '/home/rai-m/robosys/install/rsysmsg/local/lib/python3.10/dist-packages/rsysmsg/msg'...
[0.309s] Listing '/home/rai-m/robosys/install/rsysmsg/local/lib/python3.10/dist-packages/rsysmsg/srv'...
[0.312s] -- Up-to-date: /home/rai-m/robosys/install/rsysmsg/local/lib/python3.10/dist-packages/rsysmsg/rsysmsg_s__rosidl_typesupport_fastrtps_c.cpython-310-x86_64-linux-gnu.so
[0.312s] -- Up-to-date: /home/rai-m/robosys/install/rsysmsg/local/lib/python3.10/dist-packages/rsysmsg/rsysmsg_s__rosidl_typesupport_introspection_c.cpython-310-x86_64-linux-gnu.so
[0.312s] -- Up-to-date: /home/rai-m/robosys/install/rsysmsg/local/lib/python3.10/dist-packages/rsysmsg/rsysmsg_s__rosidl_typesupport_c.cpython-310-x86_64-linux-gnu.so
[0.313s] -- Up-to-date: /home/rai-m/robosys/install/rsysmsg/lib/librsysmsg__rosidl_generator_py.so
[0.313s] -- Up-to-date: /home/rai-m/robosys/install/rsysmsg/share/rsysmsg/msg/Num.idl
[0.313s] -- Up-to-date: /home/rai-m/robosys/install/rsysmsg/share/rsysmsg/msg/Fighting.idl
[0.313s] -- Up-to-date: /home/rai-m/robosys/install/rsysmsg/share/rsysmsg/srv/Name.idl
[0.313s] -- Up-to-date: /home/rai-m/robosys/install/rsysmsg/share/rsysmsg/srv/Fight.idl
[0.313s] -- Up-to-date: /home/rai-m/robosys/install/rsysmsg/share/rsysmsg/action/Monster.idl
[0.313s] -- Up-to-date: /home/rai-m/robosys/install/rsysmsg/share/rsysmsg/msg/Num.msg
[0.313s] -- Up-to-date: /home/rai-m/robosys/install/rsysmsg/share/rsysmsg/msg/Fighting.msg
[0.313s] -- Up-to-date: /home/rai-m/robosys/install/rsysmsg/share/rsysmsg/srv/Name.srv
[0.313s] -- Up-to-date: /home/rai-m/robosys/install/rsysmsg/share/rsysmsg/srv/Name_Request.msg
[0.314s] -- Up-to-date: /home/rai-m/robosys/install/rsysmsg/share/rsysmsg/srv/Name_Response.msg
[0.314s] -- Up-to-date: /home/rai-m/robosys/install/rsysmsg/share/rsysmsg/srv/Fight.srv
[0.314s] -- Up-to-date: /home/rai-m/robosys/install/rsysmsg/share/rsysmsg/srv/Fight_Request.msg
[0.314s] -- Up-to-date: /home/rai-m/robosys/install/rsysmsg/share/rsysmsg/srv/Fight_Response.msg
[0.314s] -- Up-to-date: /home/rai-m/robosys/install/rsysmsg/share/rsysmsg/action/Monster.action
[0.314s] -- Up-to-date: /home/rai-m/robosys/install/rsysmsg/share/ament_index/resource_index/package_run_dependencies/rsysmsg
[0.314s] -- Up-to-date: /home/rai-m/robosys/install/rsysmsg/share/ament_index/resource_index/parent_prefix_path/rsysmsg
[0.314s] -- Up-to-date: /home/rai-m/robosys/install/rsysmsg/share/rsysmsg/environment/ament_prefix_path.sh
[0.314s] -- Up-to-date: /home/rai-m/robosys/install/rsysmsg/share/rsysmsg/environment/ament_prefix_path.dsv
[0.314s] -- Up-to-date: /home/rai-m/robosys/install/rsysmsg/share/rsysmsg/environment/path.sh
[0.314s] -- Up-to-date: /home/rai-m/robosys/install/rsysmsg/share/rsysmsg/environment/path.dsv
[0.314s] -- Up-to-date: /home/rai-m/robosys/install/rsysmsg/share/rsysmsg/local_setup.bash
[0.314s] -- Up-to-date: /home/rai-m/robosys/install/rsysmsg/share/rsysmsg/local_setup.sh
[0.314s] -- Up-to-date: /home/rai-m/robosys/install/rsysmsg/share/rsysmsg/local_setup.zsh
[0.314s] -- Up-to-date: /home/rai-m/robosys/install/rsysmsg/share/rsysmsg/local_setup.dsv
[0.314s] -- Installing: /home/rai-m/robosys/install/rsysmsg/share/rsysmsg/package.dsv
[0.314s] -- Up-to-date: /home/rai-m/robosys/install/rsysmsg/share/ament_index/resource_index/packages/rsysmsg
[0.314s] -- Up-to-date: /home/rai-m/robosys/install/rsysmsg/share/rsysmsg/cmake/export_rsysmsg__rosidl_generator_cExport.cmake
[0.315s] -- Up-to-date: /home/rai-m/robosys/install/rsysmsg/share/rsysmsg/cmake/export_rsysmsg__rosidl_generator_cExport-noconfig.cmake
[0.315s] -- Up-to-date: /home/rai-m/robosys/install/rsysmsg/share/rsysmsg/cmake/export_rsysmsg__rosidl_typesupport_fastrtps_cExport.cmake
[0.315s] -- Up-to-date: /home/rai-m/robosys/install/rsysmsg/share/rsysmsg/cmake/export_rsysmsg__rosidl_typesupport_fastrtps_cExport-noconfig.cmake
[0.315s] -- Up-to-date: /home/rai-m/robosys/install/rsysmsg/share/rsysmsg/cmake/export_rsysmsg__rosidl_generator_cppExport.cmake
[0.315s] -- Up-to-date: /home/rai-m/robosys/install/rsysmsg/share/rsysmsg/cmake/export_rsysmsg__rosidl_typesupport_fastrtps_cppExport.cmake
[0.315s] -- Up-to-date: /home/rai-m/robosys/install/rsysmsg/share/rsysmsg/cmake/export_rsysmsg__rosidl_typesupport_fastrtps_cppExport-noconfig.cmake
[0.315s] -- Up-to-date: /home/rai-m/robosys/install/rsysmsg/share/rsysmsg/cmake/rsysmsg__rosidl_typesupport_introspection_cExport.cmake
[0.315s] -- Up-to-date: /home/rai-m/robosys/install/rsysmsg/share/rsysmsg/cmake/rsysmsg__rosidl_typesupport_introspection_cExport-noconfig.cmake
[0.315s] -- Up-to-date: /home/rai-m/robosys/install/rsysmsg/share/rsysmsg/cmake/rsysmsg__rosidl_typesupport_cExport.cmake
[0.315s] -- Up-to-date: /home/rai-m/robosys/install/rsysmsg/share/rsysmsg/cmake/rsysmsg__rosidl_typesupport_cExport-noconfig.cmake
[0.315s] -- Up-to-date: /home/rai-m/robosys/install/rsysmsg/share/rsysmsg/cmake/rsysmsg__rosidl_typesupport_introspection_cppExport.cmake
[0.315s] -- Up-to-date: /home/rai-m/robosys/install/rsysmsg/share/rsysmsg/cmake/rsysmsg__rosidl_typesupport_introspection_cppExport-noconfig.cmake
[0.315s] -- Up-to-date: /home/rai-m/robosys/install/rsysmsg/share/rsysmsg/cmake/rsysmsg__rosidl_typesupport_cppExport.cmake
[0.315s] -- Up-to-date: /home/rai-m/robosys/install/rsysmsg/share/rsysmsg/cmake/rsysmsg__rosidl_typesupport_cppExport-noconfig.cmake
[0.315s] -- Up-to-date: /home/rai-m/robosys/install/rsysmsg/share/rsysmsg/cmake/export_rsysmsg__rosidl_generator_pyExport.cmake
[0.315s] -- Up-to-date: /home/rai-m/robosys/install/rsysmsg/share/rsysmsg/cmake/export_rsysmsg__rosidl_generator_pyExport-noconfig.cmake
[0.315s] -- Up-to-date: /home/rai-m/robosys/install/rsysmsg/share/rsysmsg/cmake/rosidl_cmake-extras.cmake
[0.315s] -- Up-to-date: /home/rai-m/robosys/install/rsysmsg/share/rsysmsg/cmake/ament_cmake_export_dependencies-extras.cmake
[0.315s] -- Up-to-date: /home/rai-m/robosys/install/rsysmsg/share/rsysmsg/cmake/ament_cmake_export_include_directories-extras.cmake
[0.315s] -- Up-to-date: /home/rai-m/robosys/install/rsysmsg/share/rsysmsg/cmake/ament_cmake_export_libraries-extras.cmake
[0.315s] -- Up-to-date: /home/rai-m/robosys/install/rsysmsg/share/rsysmsg/cmake/ament_cmake_export_targets-extras.cmake
[0.315s] -- Up-to-date: /home/rai-m/robosys/install/rsysmsg/share/rsysmsg/cmake/rosidl_cmake_export_typesupport_targets-extras.cmake
[0.315s] -- Up-to-date: /home/rai-m/robosys/install/rsysmsg/share/rsysmsg/cmake/rosidl_cmake_export_typesupport_libraries-extras.cmake
[0.315s] -- Up-to-date: /home/rai-m/robosys/install/rsysmsg/share/rsysmsg/cmake/rsysmsgConfig.cmake
[0.315s] -- Up-to-date: /home/rai-m/robosys/install/rsysmsg/share/rsysmsg/cmake/rsysmsgConfig-version.cmake
[0.315s] -- Up-to-date: /home/rai-m/robosys/install/rsysmsg/share/rsysmsg/package.xml
[0.317s] Invoked command in '/home/rai-m/robosys/build/rsysmsg' returned '0': CMAKE_PREFIX_PATH=${CMAKE_PREFIX_PATH}:/home/rai-m/robosys/install/fight:/home/rai-m/mlr01_ws/install/lp01:/home/rai-m/test1_ws/install/robo02:/home/rai-m/test1_ws/install/robo01:/home/rai-m/test1_ws/install/py_pubsub:/home/rai-m/test1_ws/install/my_package2:/home/rai-m/test1_ws/install/my_package:/home/rai-m/test1_ws/install/multi01:/opt/ros/humble /usr/bin/cmake --install /home/rai-m/robosys/build/rsysmsg
