[0.232s] DEBUG:colcon:Command line arguments: ['/usr/bin/colcon', 'build']
[0.232s] DEBUG:colcon:Parsed command line arguments: Namespace(log_base=None, log_level=None, verb_name='build', build_base='build', install_base='install', merge_install=False, symlink_install=False, test_result_base=None, continue_on_error=False, executor='parallel', parallel_workers=22, event_handlers=None, ignore_user_meta=False, metas=['./colcon.meta'], base_paths=['.'], packages_ignore=None, packages_ignore_regex=None, paths=None, packages_up_to=None, packages_up_to_regex=None, packages_above=None, packages_above_and_dependencies=None, packages_above_depth=None, packages_select_by_dep=None, packages_skip_by_dep=None, packages_skip_up_to=None, packages_select_build_failed=False, packages_skip_build_finished=False, packages_select_test_failures=False, packages_skip_test_passed=False, packages_select=None, packages_skip=None, packages_select_regex=None, packages_skip_regex=None, packages_start=None, packages_end=None, allow_overriding=[], cmake_args=None, cmake_target=None, cmake_target_skip_unavailable=False, cmake_clean_cache=False, cmake_clean_first=False, cmake_force_configure=False, ament_cmake_args=None, catkin_cmake_args=None, catkin_skip_building_tests=False, verb_parser=<colcon_defaults.argument_parser.defaults.DefaultArgumentsDecorator object at 0x7056c81f5d20>, verb_extension=<colcon_core.verb.build.BuildVerb object at 0x7056c81f5810>, main=<bound method BuildVerb.main of <colcon_core.verb.build.BuildVerb object at 0x7056c81f5810>>)
[0.527s] Level 1:colcon.colcon_core.package_discovery:discover_packages(colcon_meta) check parameters
[0.527s] Level 1:colcon.colcon_core.package_discovery:discover_packages(recursive) check parameters
[0.527s] Level 1:colcon.colcon_core.package_discovery:discover_packages(ignore) check parameters
[0.527s] Level 1:colcon.colcon_core.package_discovery:discover_packages(path) check parameters
[0.527s] Level 1:colcon.colcon_core.package_discovery:discover_packages(colcon_meta) discover
[0.527s] Level 1:colcon.colcon_core.package_discovery:discover_packages(recursive) discover
[0.527s] INFO:colcon.colcon_core.package_discovery:Crawling recursively for packages in '/home/rai-m/robosys'
[0.528s] Level 1:colcon.colcon_core.package_identification:_identify(.) by extensions ['ignore', 'ignore_ament_install']
[0.528s] Level 1:colcon.colcon_core.package_identification:_identify(.) by extension 'ignore'
[0.528s] Level 1:colcon.colcon_core.package_identification:_identify(.) by extension 'ignore_ament_install'
[0.528s] Level 1:colcon.colcon_core.package_identification:_identify(.) by extensions ['colcon_pkg']
[0.528s] Level 1:colcon.colcon_core.package_identification:_identify(.) by extension 'colcon_pkg'
[0.528s] Level 1:colcon.colcon_core.package_identification:_identify(.) by extensions ['colcon_meta']
[0.528s] Level 1:colcon.colcon_core.package_identification:_identify(.) by extension 'colcon_meta'
[0.529s] Level 1:colcon.colcon_core.package_identification:_identify(.) by extensions ['ros']
[0.529s] Level 1:colcon.colcon_core.package_identification:_identify(.) by extension 'ros'
[0.541s] Level 1:colcon.colcon_core.package_identification:_identify(.) by extensions ['cmake', 'python']
[0.541s] Level 1:colcon.colcon_core.package_identification:_identify(.) by extension 'cmake'
[0.541s] Level 1:colcon.colcon_core.package_identification:_identify(.) by extension 'python'
[0.541s] Level 1:colcon.colcon_core.package_identification:_identify(.) by extensions ['python_setup_py']
[0.541s] Level 1:colcon.colcon_core.package_identification:_identify(.) by extension 'python_setup_py'
[0.542s] Level 1:colcon.colcon_core.package_identification:_identify(build) by extensions ['ignore', 'ignore_ament_install']
[0.542s] Level 1:colcon.colcon_core.package_identification:_identify(build) by extension 'ignore'
[0.542s] Level 1:colcon.colcon_core.package_identification:_identify(build) ignored
[0.542s] Level 1:colcon.colcon_core.package_identification:_identify(install) by extensions ['ignore', 'ignore_ament_install']
[0.542s] Level 1:colcon.colcon_core.package_identification:_identify(install) by extension 'ignore'
[0.542s] Level 1:colcon.colcon_core.package_identification:_identify(install) ignored
[0.543s] Level 1:colcon.colcon_core.package_identification:_identify(log) by extensions ['ignore', 'ignore_ament_install']
[0.543s] Level 1:colcon.colcon_core.package_identification:_identify(log) by extension 'ignore'
[0.543s] Level 1:colcon.colcon_core.package_identification:_identify(log) ignored
[0.544s] Level 1:colcon.colcon_core.package_identification:_identify(src) by extensions ['ignore', 'ignore_ament_install']
[0.544s] Level 1:colcon.colcon_core.package_identification:_identify(src) by extension 'ignore'
[0.544s] Level 1:colcon.colcon_core.package_identification:_identify(src) by extension 'ignore_ament_install'
[0.544s] Level 1:colcon.colcon_core.package_identification:_identify(src) by extensions ['colcon_pkg']
[0.544s] Level 1:colcon.colcon_core.package_identification:_identify(src) by extension 'colcon_pkg'
[0.544s] Level 1:colcon.colcon_core.package_identification:_identify(src) by extensions ['colcon_meta']
[0.544s] Level 1:colcon.colcon_core.package_identification:_identify(src) by extension 'colcon_meta'
[0.544s] Level 1:colcon.colcon_core.package_identification:_identify(src) by extensions ['ros']
[0.544s] Level 1:colcon.colcon_core.package_identification:_identify(src) by extension 'ros'
[0.544s] Level 1:colcon.colcon_core.package_identification:_identify(src) by extensions ['cmake', 'python']
[0.545s] Level 1:colcon.colcon_core.package_identification:_identify(src) by extension 'cmake'
[0.545s] Level 1:colcon.colcon_core.package_identification:_identify(src) by extension 'python'
[0.545s] Level 1:colcon.colcon_core.package_identification:_identify(src) by extensions ['python_setup_py']
[0.545s] Level 1:colcon.colcon_core.package_identification:_identify(src) by extension 'python_setup_py'
[0.545s] Level 1:colcon.colcon_core.package_identification:_identify(src/fight) by extensions ['ignore', 'ignore_ament_install']
[0.545s] Level 1:colcon.colcon_core.package_identification:_identify(src/fight) by extension 'ignore'
[0.545s] Level 1:colcon.colcon_core.package_identification:_identify(src/fight) by extension 'ignore_ament_install'
[0.545s] Level 1:colcon.colcon_core.package_identification:_identify(src/fight) by extensions ['colcon_pkg']
[0.545s] Level 1:colcon.colcon_core.package_identification:_identify(src/fight) by extension 'colcon_pkg'
[0.546s] Level 1:colcon.colcon_core.package_identification:_identify(src/fight) by extensions ['colcon_meta']
[0.546s] Level 1:colcon.colcon_core.package_identification:_identify(src/fight) by extension 'colcon_meta'
[0.546s] Level 1:colcon.colcon_core.package_identification:_identify(src/fight) by extensions ['ros']
[0.546s] Level 1:colcon.colcon_core.package_identification:_identify(src/fight) by extension 'ros'
[0.548s] DEBUG:colcon.colcon_core.package_identification:Package 'src/fight' with type 'ros.ament_python' and name 'fight'
[0.549s] Level 1:colcon.colcon_core.package_identification:_identify(src/rsysmsg) by extensions ['ignore', 'ignore_ament_install']
[0.549s] Level 1:colcon.colcon_core.package_identification:_identify(src/rsysmsg) by extension 'ignore'
[0.549s] Level 1:colcon.colcon_core.package_identification:_identify(src/rsysmsg) by extension 'ignore_ament_install'
[0.549s] Level 1:colcon.colcon_core.package_identification:_identify(src/rsysmsg) by extensions ['colcon_pkg']
[0.549s] Level 1:colcon.colcon_core.package_identification:_identify(src/rsysmsg) by extension 'colcon_pkg'
[0.549s] Level 1:colcon.colcon_core.package_identification:_identify(src/rsysmsg) by extensions ['colcon_meta']
[0.549s] Level 1:colcon.colcon_core.package_identification:_identify(src/rsysmsg) by extension 'colcon_meta'
[0.549s] Level 1:colcon.colcon_core.package_identification:_identify(src/rsysmsg) by extensions ['ros']
[0.549s] Level 1:colcon.colcon_core.package_identification:_identify(src/rsysmsg) by extension 'ros'
[0.550s] DEBUG:colcon.colcon_core.package_identification:Package 'src/rsysmsg' with type 'ros.ament_cmake' and name 'rsysmsg'
[0.550s] Level 1:colcon.colcon_core.package_discovery:discover_packages(recursive) using defaults
[0.550s] Level 1:colcon.colcon_core.package_discovery:discover_packages(ignore) discover
[0.550s] Level 1:colcon.colcon_core.package_discovery:discover_packages(ignore) using defaults
[0.550s] Level 1:colcon.colcon_core.package_discovery:discover_packages(path) discover
[0.550s] Level 1:colcon.colcon_core.package_discovery:discover_packages(path) using defaults
[0.580s] Level 1:colcon.colcon_core.package_discovery:discover_packages(prefix_path) check parameters
[0.580s] Level 1:colcon.colcon_core.package_discovery:discover_packages(prefix_path) discover
[0.588s] DEBUG:colcon.colcon_installed_package_information.package_discovery:Found 2 installed packages in /home/rai-m/robosys/install
[0.589s] DEBUG:colcon.colcon_installed_package_information.package_discovery:Found 1 installed packages in /home/rai-m/mlr01_ws/install
[0.590s] DEBUG:colcon.colcon_installed_package_information.package_discovery:Found 11 installed packages in /home/rai-m/test1_ws/install
[0.591s] DEBUG:colcon.colcon_installed_package_information.package_discovery:Found 271 installed packages in /opt/ros/humble
[0.599s] Level 1:colcon.colcon_core.package_discovery:discover_packages(prefix_path) using defaults
[0.688s] Level 5:colcon.colcon_core.verb:set package 'rsysmsg' build argument 'cmake_args' from command line to 'None'
[0.688s] Level 5:colcon.colcon_core.verb:set package 'rsysmsg' build argument 'cmake_target' from command line to 'None'
[0.688s] Level 5:colcon.colcon_core.verb:set package 'rsysmsg' build argument 'cmake_target_skip_unavailable' from command line to 'False'
[0.688s] Level 5:colcon.colcon_core.verb:set package 'rsysmsg' build argument 'cmake_clean_cache' from command line to 'False'
[0.688s] Level 5:colcon.colcon_core.verb:set package 'rsysmsg' build argument 'cmake_clean_first' from command line to 'False'
[0.688s] Level 5:colcon.colcon_core.verb:set package 'rsysmsg' build argument 'cmake_force_configure' from command line to 'False'
[0.688s] Level 5:colcon.colcon_core.verb:set package 'rsysmsg' build argument 'ament_cmake_args' from command line to 'None'
[0.688s] Level 5:colcon.colcon_core.verb:set package 'rsysmsg' build argument 'catkin_cmake_args' from command line to 'None'
[0.688s] Level 5:colcon.colcon_core.verb:set package 'rsysmsg' build argument 'catkin_skip_building_tests' from command line to 'False'
[0.688s] DEBUG:colcon.colcon_core.verb:Building package 'rsysmsg' with the following arguments: {'ament_cmake_args': None, 'build_base': '/home/rai-m/robosys/build/rsysmsg', 'catkin_cmake_args': None, 'catkin_skip_building_tests': False, 'cmake_args': None, 'cmake_clean_cache': False, 'cmake_clean_first': False, 'cmake_force_configure': False, 'cmake_target': None, 'cmake_target_skip_unavailable': False, 'install_base': '/home/rai-m/robosys/install/rsysmsg', 'merge_install': False, 'path': '/home/rai-m/robosys/src/rsysmsg', 'symlink_install': False, 'test_result_base': None}
[0.688s] Level 5:colcon.colcon_core.verb:set package 'fight' build argument 'cmake_args' from command line to 'None'
[0.688s] Level 5:colcon.colcon_core.verb:set package 'fight' build argument 'cmake_target' from command line to 'None'
[0.688s] Level 5:colcon.colcon_core.verb:set package 'fight' build argument 'cmake_target_skip_unavailable' from command line to 'False'
[0.688s] Level 5:colcon.colcon_core.verb:set package 'fight' build argument 'cmake_clean_cache' from command line to 'False'
[0.688s] Level 5:colcon.colcon_core.verb:set package 'fight' build argument 'cmake_clean_first' from command line to 'False'
[0.688s] Level 5:colcon.colcon_core.verb:set package 'fight' build argument 'cmake_force_configure' from command line to 'False'
[0.688s] Level 5:colcon.colcon_core.verb:set package 'fight' build argument 'ament_cmake_args' from command line to 'None'
[0.688s] Level 5:colcon.colcon_core.verb:set package 'fight' build argument 'catkin_cmake_args' from command line to 'None'
[0.688s] Level 5:colcon.colcon_core.verb:set package 'fight' build argument 'catkin_skip_building_tests' from command line to 'False'
[0.688s] DEBUG:colcon.colcon_core.verb:Building package 'fight' with the following arguments: {'ament_cmake_args': None, 'build_base': '/home/rai-m/robosys/build/fight', 'catkin_cmake_args': None, 'catkin_skip_building_tests': False, 'cmake_args': None, 'cmake_clean_cache': False, 'cmake_clean_first': False, 'cmake_force_configure': False, 'cmake_target': None, 'cmake_target_skip_unavailable': False, 'install_base': '/home/rai-m/robosys/install/fight', 'merge_install': False, 'path': '/home/rai-m/robosys/src/fight', 'symlink_install': False, 'test_result_base': None}
[0.689s] INFO:colcon.colcon_core.executor:Executing jobs using 'parallel' executor
[0.689s] DEBUG:colcon.colcon_parallel_executor.executor.parallel:run_until_complete
[0.690s] INFO:colcon.colcon_ros.task.ament_cmake.build:Building ROS package in '/home/rai-m/robosys/src/rsysmsg' with build type 'ament_cmake'
[0.690s] INFO:colcon.colcon_cmake.task.cmake.build:Building CMake package in '/home/rai-m/robosys/src/rsysmsg'
[0.697s] INFO:colcon.colcon_core.plugin_system:Skipping extension 'colcon_core.shell.bat': Not used on non-Windows systems
[0.698s] INFO:colcon.colcon_core.shell:Skip shell extension 'powershell' for command environment: Not usable outside of PowerShell
[0.698s] DEBUG:colcon.colcon_core.shell:Skip shell extension 'dsv' for command environment
[0.711s] DEBUG:colcon.colcon_core.event_handler.log_command:Invoking command in '/home/rai-m/robosys/build/rsysmsg': CMAKE_PREFIX_PATH=${CMAKE_PREFIX_PATH}:/home/rai-m/robosys/install/fight:/home/rai-m/mlr01_ws/install/lp01:/home/rai-m/test1_ws/install/robo02:/home/rai-m/test1_ws/install/robo01:/home/rai-m/test1_ws/install/py_pubsub:/home/rai-m/test1_ws/install/my_package2:/home/rai-m/test1_ws/install/my_package:/home/rai-m/test1_ws/install/multi01:/opt/ros/humble /usr/bin/cmake --build /home/rai-m/robosys/build/rsysmsg -- -j22 -l22
[1.025s] DEBUG:colcon.colcon_core.event_handler.log_command:Invoked command in '/home/rai-m/robosys/build/rsysmsg' returned '0': CMAKE_PREFIX_PATH=${CMAKE_PREFIX_PATH}:/home/rai-m/robosys/install/fight:/home/rai-m/mlr01_ws/install/lp01:/home/rai-m/test1_ws/install/robo02:/home/rai-m/test1_ws/install/robo01:/home/rai-m/test1_ws/install/py_pubsub:/home/rai-m/test1_ws/install/my_package2:/home/rai-m/test1_ws/install/my_package:/home/rai-m/test1_ws/install/multi01:/opt/ros/humble /usr/bin/cmake --build /home/rai-m/robosys/build/rsysmsg -- -j22 -l22
[1.039s] DEBUG:colcon.colcon_core.event_handler.log_command:Invoking command in '/home/rai-m/robosys/build/rsysmsg': CMAKE_PREFIX_PATH=${CMAKE_PREFIX_PATH}:/home/rai-m/robosys/install/fight:/home/rai-m/mlr01_ws/install/lp01:/home/rai-m/test1_ws/install/robo02:/home/rai-m/test1_ws/install/robo01:/home/rai-m/test1_ws/install/py_pubsub:/home/rai-m/test1_ws/install/my_package2:/home/rai-m/test1_ws/install/my_package:/home/rai-m/test1_ws/install/multi01:/opt/ros/humble /usr/bin/cmake --install /home/rai-m/robosys/build/rsysmsg
[1.112s] Level 1:colcon.colcon_core.environment:create_environment_scripts_only(rsysmsg)
[1.113s] DEBUG:colcon.colcon_core.event_handler.log_command:Invoked command in '/home/rai-m/robosys/build/rsysmsg' returned '0': CMAKE_PREFIX_PATH=${CMAKE_PREFIX_PATH}:/home/rai-m/robosys/install/fight:/home/rai-m/mlr01_ws/install/lp01:/home/rai-m/test1_ws/install/robo02:/home/rai-m/test1_ws/install/robo01:/home/rai-m/test1_ws/install/py_pubsub:/home/rai-m/test1_ws/install/my_package2:/home/rai-m/test1_ws/install/my_package:/home/rai-m/test1_ws/install/multi01:/opt/ros/humble /usr/bin/cmake --install /home/rai-m/robosys/build/rsysmsg
[1.118s] Level 1:colcon.colcon_core.environment:checking '/home/rai-m/robosys/install/rsysmsg' for CMake module files
[1.118s] Level 1:colcon.colcon_core.environment:checking '/home/rai-m/robosys/install/rsysmsg' for CMake config files
[1.123s] Level 1:colcon.colcon_core.shell:create_environment_hook('rsysmsg', 'cmake_prefix_path')
[1.123s] INFO:colcon.colcon_core.shell:Creating environment hook '/home/rai-m/robosys/install/rsysmsg/share/rsysmsg/hook/cmake_prefix_path.ps1'
[1.124s] INFO:colcon.colcon_core.shell:Creating environment descriptor '/home/rai-m/robosys/install/rsysmsg/share/rsysmsg/hook/cmake_prefix_path.dsv'
[1.124s] INFO:colcon.colcon_core.shell:Creating environment hook '/home/rai-m/robosys/install/rsysmsg/share/rsysmsg/hook/cmake_prefix_path.sh'
[1.125s] Level 1:colcon.colcon_core.environment:checking '/home/rai-m/robosys/install/rsysmsg/lib'
[1.125s] Level 1:colcon.colcon_core.shell:create_environment_hook('rsysmsg', 'ld_library_path_lib')
[1.125s] INFO:colcon.colcon_core.shell:Creating environment hook '/home/rai-m/robosys/install/rsysmsg/share/rsysmsg/hook/ld_library_path_lib.ps1'
[1.125s] INFO:colcon.colcon_core.shell:Creating environment descriptor '/home/rai-m/robosys/install/rsysmsg/share/rsysmsg/hook/ld_library_path_lib.dsv'
[1.126s] INFO:colcon.colcon_core.shell:Creating environment hook '/home/rai-m/robosys/install/rsysmsg/share/rsysmsg/hook/ld_library_path_lib.sh'
[1.126s] Level 1:colcon.colcon_core.environment:checking '/home/rai-m/robosys/install/rsysmsg/bin'
[1.126s] Level 1:colcon.colcon_core.environment:checking '/home/rai-m/robosys/install/rsysmsg/lib/pkgconfig/rsysmsg.pc'
[1.126s] Level 1:colcon.colcon_core.environment:checking '/home/rai-m/robosys/install/rsysmsg/lib/python3.10/site-packages'
[1.126s] Level 1:colcon.colcon_core.environment:checking '/home/rai-m/robosys/install/rsysmsg/bin'
[1.127s] INFO:colcon.colcon_core.shell:Creating package script '/home/rai-m/robosys/install/rsysmsg/share/rsysmsg/package.ps1'
[1.127s] INFO:colcon.colcon_core.shell:Creating package descriptor '/home/rai-m/robosys/install/rsysmsg/share/rsysmsg/package.dsv'
[1.128s] INFO:colcon.colcon_core.shell:Creating package script '/home/rai-m/robosys/install/rsysmsg/share/rsysmsg/package.sh'
[1.129s] INFO:colcon.colcon_core.shell:Creating package script '/home/rai-m/robosys/install/rsysmsg/share/rsysmsg/package.bash'
[1.129s] INFO:colcon.colcon_core.shell:Creating package script '/home/rai-m/robosys/install/rsysmsg/share/rsysmsg/package.zsh'
[1.130s] Level 1:colcon.colcon_core.environment:create_file_with_runtime_dependencies(/home/rai-m/robosys/install/rsysmsg/share/colcon-core/packages/rsysmsg)
[1.130s] Level 1:colcon.colcon_core.environment:create_environment_scripts_only(rsysmsg)
[1.131s] Level 1:colcon.colcon_core.environment:checking '/home/rai-m/robosys/install/rsysmsg' for CMake module files
[1.131s] Level 1:colcon.colcon_core.environment:checking '/home/rai-m/robosys/install/rsysmsg' for CMake config files
[1.131s] Level 1:colcon.colcon_core.shell:create_environment_hook('rsysmsg', 'cmake_prefix_path')
[1.131s] INFO:colcon.colcon_core.shell:Creating environment hook '/home/rai-m/robosys/install/rsysmsg/share/rsysmsg/hook/cmake_prefix_path.ps1'
[1.132s] INFO:colcon.colcon_core.shell:Creating environment descriptor '/home/rai-m/robosys/install/rsysmsg/share/rsysmsg/hook/cmake_prefix_path.dsv'
[1.132s] INFO:colcon.colcon_core.shell:Creating environment hook '/home/rai-m/robosys/install/rsysmsg/share/rsysmsg/hook/cmake_prefix_path.sh'
[1.132s] Level 1:colcon.colcon_core.environment:checking '/home/rai-m/robosys/install/rsysmsg/lib'
[1.132s] Level 1:colcon.colcon_core.shell:create_environment_hook('rsysmsg', 'ld_library_path_lib')
[1.132s] INFO:colcon.colcon_core.shell:Creating environment hook '/home/rai-m/robosys/install/rsysmsg/share/rsysmsg/hook/ld_library_path_lib.ps1'
[1.133s] INFO:colcon.colcon_core.shell:Creating environment descriptor '/home/rai-m/robosys/install/rsysmsg/share/rsysmsg/hook/ld_library_path_lib.dsv'
[1.133s] INFO:colcon.colcon_core.shell:Creating environment hook '/home/rai-m/robosys/install/rsysmsg/share/rsysmsg/hook/ld_library_path_lib.sh'
[1.133s] Level 1:colcon.colcon_core.environment:checking '/home/rai-m/robosys/install/rsysmsg/bin'
[1.133s] Level 1:colcon.colcon_core.environment:checking '/home/rai-m/robosys/install/rsysmsg/lib/pkgconfig/rsysmsg.pc'
[1.133s] Level 1:colcon.colcon_core.environment:checking '/home/rai-m/robosys/install/rsysmsg/lib/python3.10/site-packages'
[1.133s] Level 1:colcon.colcon_core.environment:checking '/home/rai-m/robosys/install/rsysmsg/bin'
[1.134s] INFO:colcon.colcon_core.shell:Creating package script '/home/rai-m/robosys/install/rsysmsg/share/rsysmsg/package.ps1'
[1.134s] INFO:colcon.colcon_core.shell:Creating package descriptor '/home/rai-m/robosys/install/rsysmsg/share/rsysmsg/package.dsv'
[1.134s] INFO:colcon.colcon_core.shell:Creating package script '/home/rai-m/robosys/install/rsysmsg/share/rsysmsg/package.sh'
[1.135s] INFO:colcon.colcon_core.shell:Creating package script '/home/rai-m/robosys/install/rsysmsg/share/rsysmsg/package.bash'
[1.135s] INFO:colcon.colcon_core.shell:Creating package script '/home/rai-m/robosys/install/rsysmsg/share/rsysmsg/package.zsh'
[1.135s] Level 1:colcon.colcon_core.environment:create_file_with_runtime_dependencies(/home/rai-m/robosys/install/rsysmsg/share/colcon-core/packages/rsysmsg)
[1.135s] INFO:colcon.colcon_ros.task.ament_python.build:Building ROS package in '/home/rai-m/robosys/src/fight' with build type 'ament_python'
[1.136s] Level 1:colcon.colcon_core.shell:create_environment_hook('fight', 'ament_prefix_path')
[1.136s] INFO:colcon.colcon_core.shell:Creating environment hook '/home/rai-m/robosys/install/fight/share/fight/hook/ament_prefix_path.ps1'
[1.137s] INFO:colcon.colcon_core.shell:Creating environment descriptor '/home/rai-m/robosys/install/fight/share/fight/hook/ament_prefix_path.dsv'
[1.138s] INFO:colcon.colcon_core.shell:Creating environment hook '/home/rai-m/robosys/install/fight/share/fight/hook/ament_prefix_path.sh'
[1.139s] INFO:colcon.colcon_core.shell:Skip shell extension 'powershell' for command environment: Not usable outside of PowerShell
[1.139s] DEBUG:colcon.colcon_core.shell:Skip shell extension 'dsv' for command environment
[1.358s] INFO:colcon.colcon_core.task.python.build:Building Python package in '/home/rai-m/robosys/src/fight'
[1.358s] INFO:colcon.colcon_core.shell:Skip shell extension 'powershell' for command environment: Not usable outside of PowerShell
[1.358s] DEBUG:colcon.colcon_core.shell:Skip shell extension 'dsv' for command environment
[1.815s] DEBUG:colcon.colcon_core.event_handler.log_command:Invoking command in '/home/rai-m/robosys/src/fight': PYTHONPATH=/home/rai-m/robosys/build/fight/prefix_override:/usr/lib/python3/dist-packages/colcon_core/task/python/colcon_distutils_commands:/home/rai-m/robosys/install/fight/lib/python3.10/site-packages:${PYTHONPATH} /usr/bin/python3 -W ignore:setup.py install is deprecated -W ignore:easy_install command is deprecated setup.py egg_info --egg-base ../../build/fight build --build-base /home/rai-m/robosys/build/fight/build install --record /home/rai-m/robosys/build/fight/install.log --single-version-externally-managed install_data
[2.039s] Level 1:colcon.colcon_core.environment:checking '/home/rai-m/robosys/install/fight' for CMake module files
[2.040s] DEBUG:colcon.colcon_core.event_handler.log_command:Invoked command in '/home/rai-m/robosys/src/fight' returned '0': PYTHONPATH=/home/rai-m/robosys/build/fight/prefix_override:/usr/lib/python3/dist-packages/colcon_core/task/python/colcon_distutils_commands:/home/rai-m/robosys/install/fight/lib/python3.10/site-packages:${PYTHONPATH} /usr/bin/python3 -W ignore:setup.py install is deprecated -W ignore:easy_install command is deprecated setup.py egg_info --egg-base ../../build/fight build --build-base /home/rai-m/robosys/build/fight/build install --record /home/rai-m/robosys/build/fight/install.log --single-version-externally-managed install_data
[2.041s] Level 1:colcon.colcon_core.environment:checking '/home/rai-m/robosys/install/fight' for CMake config files
[2.044s] Level 1:colcon.colcon_core.environment:checking '/home/rai-m/robosys/install/fight/lib'
[2.044s] Level 1:colcon.colcon_core.environment:checking '/home/rai-m/robosys/install/fight/bin'
[2.044s] Level 1:colcon.colcon_core.environment:checking '/home/rai-m/robosys/install/fight/lib/pkgconfig/fight.pc'
[2.044s] Level 1:colcon.colcon_core.environment:checking '/home/rai-m/robosys/install/fight/lib/python3.10/site-packages'
[2.044s] Level 1:colcon.colcon_core.shell:create_environment_hook('fight', 'pythonpath')
[2.044s] INFO:colcon.colcon_core.shell:Creating environment hook '/home/rai-m/robosys/install/fight/share/fight/hook/pythonpath.ps1'
[2.045s] INFO:colcon.colcon_core.shell:Creating environment descriptor '/home/rai-m/robosys/install/fight/share/fight/hook/pythonpath.dsv'
[2.045s] INFO:colcon.colcon_core.shell:Creating environment hook '/home/rai-m/robosys/install/fight/share/fight/hook/pythonpath.sh'
[2.046s] Level 1:colcon.colcon_core.environment:checking '/home/rai-m/robosys/install/fight/bin'
[2.046s] Level 1:colcon.colcon_core.environment:create_environment_scripts_only(fight)
[2.046s] INFO:colcon.colcon_core.shell:Creating package script '/home/rai-m/robosys/install/fight/share/fight/package.ps1'
[2.046s] INFO:colcon.colcon_core.shell:Creating package descriptor '/home/rai-m/robosys/install/fight/share/fight/package.dsv'
[2.047s] INFO:colcon.colcon_core.shell:Creating package script '/home/rai-m/robosys/install/fight/share/fight/package.sh'
[2.047s] INFO:colcon.colcon_core.shell:Creating package script '/home/rai-m/robosys/install/fight/share/fight/package.bash'
[2.048s] INFO:colcon.colcon_core.shell:Creating package script '/home/rai-m/robosys/install/fight/share/fight/package.zsh'
[2.048s] Level 1:colcon.colcon_core.environment:create_file_with_runtime_dependencies(/home/rai-m/robosys/install/fight/share/colcon-core/packages/fight)
[2.048s] DEBUG:colcon.colcon_parallel_executor.executor.parallel:closing loop
[2.048s] DEBUG:colcon.colcon_parallel_executor.executor.parallel:loop closed
[2.048s] DEBUG:colcon.colcon_parallel_executor.executor.parallel:run_until_complete finished with '0'
[2.048s] DEBUG:colcon.colcon_core.event_reactor:joining thread
[2.081s] INFO:colcon.colcon_core.plugin_system:Skipping extension 'colcon_notification.desktop_notification.notify_send': Could not find 'notify-send'
[2.081s] INFO:colcon.colcon_core.plugin_system:Skipping extension 'colcon_notification.desktop_notification.terminal_notifier': Not used on non-Darwin systems
[2.081s] INFO:colcon.colcon_core.plugin_system:Skipping extension 'colcon_notification.desktop_notification.win32': Not used on non-Windows systems
[2.081s] INFO:colcon.colcon_notification.desktop_notification:Sending desktop notification using 'notify2'
[2.081s] DEBUG:colcon.colcon_notification.desktop_notification.notify2:Failed to initialize notify2: org.freedesktop.DBus.Error.FileNotFound: Failed to connect to socket /run/user/1000/bus: No such file or directory
[2.081s] DEBUG:colcon.colcon_core.event_reactor:joined thread
[2.081s] INFO:colcon.colcon_core.shell:Creating prefix script '/home/rai-m/robosys/install/local_setup.ps1'
[2.083s] INFO:colcon.colcon_core.shell:Creating prefix util module '/home/rai-m/robosys/install/_local_setup_util_ps1.py'
[2.084s] INFO:colcon.colcon_core.shell:Creating prefix chain script '/home/rai-m/robosys/install/setup.ps1'
[2.085s] INFO:colcon.colcon_core.shell:Creating prefix script '/home/rai-m/robosys/install/local_setup.sh'
[2.086s] INFO:colcon.colcon_core.shell:Creating prefix util module '/home/rai-m/robosys/install/_local_setup_util_sh.py'
[2.086s] INFO:colcon.colcon_core.shell:Creating prefix chain script '/home/rai-m/robosys/install/setup.sh'
[2.087s] INFO:colcon.colcon_core.shell:Creating prefix script '/home/rai-m/robosys/install/local_setup.bash'
[2.088s] INFO:colcon.colcon_core.shell:Creating prefix chain script '/home/rai-m/robosys/install/setup.bash'
[2.089s] INFO:colcon.colcon_core.shell:Creating prefix script '/home/rai-m/robosys/install/local_setup.zsh'
[2.090s] INFO:colcon.colcon_core.shell:Creating prefix chain script '/home/rai-m/robosys/install/setup.zsh'
