[0.732s] Invoking command in '/home/rai-m/robosys/src/fight': PYTHONPATH=/home/rai-m/robosys/build/fight/prefix_override:/usr/lib/python3/dist-packages/colcon_core/task/python/colcon_distutils_commands:/home/rai-m/robosys/install/fight/lib/python3.10/site-packages:${PYTHONPATH} /usr/bin/python3 -W ignore:setup.py install is deprecated -W ignore:easy_install command is deprecated setup.py egg_info --egg-base ../../build/fight build --build-base /home/rai-m/robosys/build/fight/build install --record /home/rai-m/robosys/build/fight/install.log --single-version-externally-managed install_data
[0.899s] running egg_info
[0.899s] creating ../../build/fight/fight.egg-info
[0.900s] writing ../../build/fight/fight.egg-info/PKG-INFO
[0.900s] writing dependency_links to ../../build/fight/fight.egg-info/dependency_links.txt
[0.900s] writing entry points to ../../build/fight/fight.egg-info/entry_points.txt
[0.901s] writing requirements to ../../build/fight/fight.egg-info/requires.txt
[0.902s] writing top-level names to ../../build/fight/fight.egg-info/top_level.txt
[0.903s] writing manifest file '../../build/fight/fight.egg-info/SOURCES.txt'
[0.904s] reading manifest file '../../build/fight/fight.egg-info/SOURCES.txt'
[0.904s] adding license file 'LICENSE'
[0.904s] writing manifest file '../../build/fight/fight.egg-info/SOURCES.txt'
[0.906s] running build
[0.906s] running build_py
[0.906s] creating /home/rai-m/robosys/build/fight/build
[0.906s] creating /home/rai-m/robosys/build/fight/build/lib
[0.907s] creating /home/rai-m/robosys/build/fight/build/lib/fight
[0.907s] copying fight/fighter.py -> /home/rai-m/robosys/build/fight/build/lib/fight
[0.907s] copying fight/fightServer.py -> /home/rai-m/robosys/build/fight/build/lib/fight
[0.908s] copying fight/__init__.py -> /home/rai-m/robosys/build/fight/build/lib/fight
[0.908s] running install
[0.908s] running install_lib
[0.908s] creating /home/rai-m/robosys/install/fight/lib/python3.10/site-packages/fight
[0.908s] copying /home/rai-m/robosys/build/fight/build/lib/fight/fighter.py -> /home/rai-m/robosys/install/fight/lib/python3.10/site-packages/fight
[0.908s] copying /home/rai-m/robosys/build/fight/build/lib/fight/fightServer.py -> /home/rai-m/robosys/install/fight/lib/python3.10/site-packages/fight
[0.910s] copying /home/rai-m/robosys/build/fight/build/lib/fight/__init__.py -> /home/rai-m/robosys/install/fight/lib/python3.10/site-packages/fight
[0.910s] byte-compiling /home/rai-m/robosys/install/fight/lib/python3.10/site-packages/fight/fighter.py to fighter.cpython-310.pyc
[0.910s] byte-compiling /home/rai-m/robosys/install/fight/lib/python3.10/site-packages/fight/fightServer.py to fightServer.cpython-310.pyc
[0.910s] byte-compiling /home/rai-m/robosys/install/fight/lib/python3.10/site-packages/fight/__init__.py to __init__.cpython-310.pyc
[0.910s] running install_data
[0.910s] creating /home/rai-m/robosys/install/fight/share/ament_index
[0.910s] creating /home/rai-m/robosys/install/fight/share/ament_index/resource_index
[0.910s] creating /home/rai-m/robosys/install/fight/share/ament_index/resource_index/packages
[0.910s] copying resource/fight -> /home/rai-m/robosys/install/fight/share/ament_index/resource_index/packages
[0.910s] copying package.xml -> /home/rai-m/robosys/install/fight/share/fight
[0.911s] running install_egg_info
[0.911s] Copying ../../build/fight/fight.egg-info to /home/rai-m/robosys/install/fight/lib/python3.10/site-packages/fight-0.0.0-py3.10.egg-info
[0.912s] running install_scripts
[0.925s] Installing fighter = fight.fighter:mainfightSv script to /home/rai-m/robosys/install/fight/lib/fight
[0.926s] writing list of installed files to '/home/rai-m/robosys/build/fight/install.log'
[0.946s] Invoked command in '/home/rai-m/robosys/src/fight' returned '0': PYTHONPATH=/home/rai-m/robosys/build/fight/prefix_override:/usr/lib/python3/dist-packages/colcon_core/task/python/colcon_distutils_commands:/home/rai-m/robosys/install/fight/lib/python3.10/site-packages:${PYTHONPATH} /usr/bin/python3 -W ignore:setup.py install is deprecated -W ignore:easy_install command is deprecated setup.py egg_info --egg-base ../../build/fight build --build-base /home/rai-m/robosys/build/fight/build install --record /home/rai-m/robosys/build/fight/install.log --single-version-externally-managed install_data
