[1.072s] Invoking command in '/home/rai-m/robosys/src/fight': PYTHONPATH=/home/rai-m/robosys/build/fight/prefix_override:/usr/lib/python3/dist-packages/colcon_core/task/python/colcon_distutils_commands:/home/rai-m/robosys/install/fight/lib/python3.10/site-packages:${PYTHONPATH} /usr/bin/python3 -W ignore:setup.py install is deprecated -W ignore:easy_install command is deprecated setup.py egg_info --egg-base ../../build/fight build --build-base /home/rai-m/robosys/build/fight/build install --record /home/rai-m/robosys/build/fight/install.log --single-version-externally-managed install_data
[1.321s] running egg_info
[1.324s] writing ../../build/fight/fight.egg-info/PKG-INFO
[1.324s] writing dependency_links to ../../build/fight/fight.egg-info/dependency_links.txt
[1.324s] writing entry points to ../../build/fight/fight.egg-info/entry_points.txt
[1.326s] writing requirements to ../../build/fight/fight.egg-info/requires.txt
[1.326s] writing top-level names to ../../build/fight/fight.egg-info/top_level.txt
[1.326s] reading manifest file '../../build/fight/fight.egg-info/SOURCES.txt'
[1.327s] adding license file 'LICENSE'
[1.327s] writing manifest file '../../build/fight/fight.egg-info/SOURCES.txt'
[1.327s] running build
[1.327s] running build_py
[1.328s] copying fight/fightClient.py -> /home/rai-m/robosys/build/fight/build/lib/fight
[1.328s] running install
[1.329s] running install_lib
[1.330s] copying /home/rai-m/robosys/build/fight/build/lib/fight/fightClient.py -> /home/rai-m/robosys/install/fight/lib/python3.10/site-packages/fight
[1.331s] byte-compiling /home/rai-m/robosys/install/fight/lib/python3.10/site-packages/fight/fightServer2.py to fightServer2.cpython-310.pyc
[1.333s] Sorry: IndentationError: expected an indented block after 'if' statement on line 116 (fightServer2.py, line 122)
[1.333s] byte-compiling /home/rai-m/robosys/install/fight/lib/python3.10/site-packages/fight/fightClient.py to fightClient.cpython-310.pyc
[1.334s] byte-compiling /home/rai-m/robosys/install/fight/lib/python3.10/site-packages/fight/fighterClient.py to fighterClient.cpython-310.pyc
[1.335s] Sorry: IndentationError: expected an indented block after function definition on line 14 (fighterClient.py, line 18)
[1.335s] running install_data
[1.335s] running install_egg_info
[1.337s] removing '/home/rai-m/robosys/install/fight/lib/python3.10/site-packages/fight-0.0.0-py3.10.egg-info' (and everything under it)
[1.343s] Copying ../../build/fight/fight.egg-info to /home/rai-m/robosys/install/fight/lib/python3.10/site-packages/fight-0.0.0-py3.10.egg-info
[1.343s] running install_scripts
[1.361s] Installing fightCli script to /home/rai-m/robosys/install/fight/lib/fight
[1.361s] Installing fightGui script to /home/rai-m/robosys/install/fight/lib/fight
[1.362s] Installing fightSv script to /home/rai-m/robosys/install/fight/lib/fight
[1.363s] writing list of installed files to '/home/rai-m/robosys/build/fight/install.log'
[1.390s] Invoked command in '/home/rai-m/robosys/src/fight' returned '0': PYTHONPATH=/home/rai-m/robosys/build/fight/prefix_override:/usr/lib/python3/dist-packages/colcon_core/task/python/colcon_distutils_commands:/home/rai-m/robosys/install/fight/lib/python3.10/site-packages:${PYTHONPATH} /usr/bin/python3 -W ignore:setup.py install is deprecated -W ignore:easy_install command is deprecated setup.py egg_info --egg-base ../../build/fight build --build-base /home/rai-m/robosys/build/fight/build install --record /home/rai-m/robosys/build/fight/install.log --single-version-externally-managed install_data
