[0.029s] Invoking command in '/home/rai-m/robosys/build/rsysmsg': CMAKE_PREFIX_PATH=${CMAKE_PREFIX_PATH}:/home/rai-m/robosys/install/fight:/home/rai-m/mlr01_ws/install/lp01:/home/rai-m/test1_ws/install/robo02:/home/rai-m/test1_ws/install/robo01:/home/rai-m/test1_ws/install/py_pubsub:/home/rai-m/test1_ws/install/my_package2:/home/rai-m/test1_ws/install/my_package:/home/rai-m/test1_ws/install/multi01:/opt/ros/humble /usr/bin/cmake --build /home/rai-m/robosys/build/rsysmsg -- -j22 -l22
[0.170s] [  2%] Built target rsysmsg__cpp
[0.171s] [ 12%] Built target rsysmsg__rosidl_generator_c
[0.212s] [ 23%] Built target rsysmsg__rosidl_typesupport_cpp
[0.215s] [ 46%] Built target rsysmsg__rosidl_typesupport_fastrtps_cpp
[0.215s] [ 51%] Built target rsysmsg__rosidl_typesupport_c
[0.216s] [ 55%] Built target rsysmsg__rosidl_typesupport_introspection_cpp
[0.218s] [ 65%] Built target rsysmsg__rosidl_typesupport_introspection_c
[0.224s] [ 65%] Built target ament_cmake_python_copy_rsysmsg
[0.244s] [ 76%] Built target rsysmsg__rosidl_typesupport_fastrtps_c
[0.268s] [ 76%] Built target rsysmsg
[0.293s] [ 78%] Built target rsysmsg__py
[0.323s] [ 87%] Built target rsysmsg__rosidl_generator_py
[0.351s] [ 91%] Built target rsysmsg__rosidl_typesupport_fastrtps_c__pyext
[0.354s] [100%] Built target rsysmsg__rosidl_typesupport_introspection_c__pyext
[0.354s] [100%] Built target rsysmsg__rosidl_typesupport_c__pyext
[0.512s] running egg_info
[0.514s] writing rsysmsg.egg-info/PKG-INFO
[0.515s] writing dependency_links to rsysmsg.egg-info/dependency_links.txt
[0.517s] writing top-level names to rsysmsg.egg-info/top_level.txt
[0.520s] reading manifest file 'rsysmsg.egg-info/SOURCES.txt'
[0.522s] writing manifest file 'rsysmsg.egg-info/SOURCES.txt'
[0.555s] [100%] Built target ament_cmake_python_build_rsysmsg_egg
[0.572s] Invoked command in '/home/rai-m/robosys/build/rsysmsg' returned '0': CMAKE_PREFIX_PATH=${CMAKE_PREFIX_PATH}:/home/rai-m/robosys/install/fight:/home/rai-m/mlr01_ws/install/lp01:/home/rai-m/test1_ws/install/robo02:/home/rai-m/test1_ws/install/robo01:/home/rai-m/test1_ws/install/py_pubsub:/home/rai-m/test1_ws/install/my_package2:/home/rai-m/test1_ws/install/my_package:/home/rai-m/test1_ws/install/multi01:/opt/ros/humble /usr/bin/cmake --build /home/rai-m/robosys/build/rsysmsg -- -j22 -l22
[0.586s] Invoking command in '/home/rai-m/robosys/build/rsysmsg': CMAKE_PREFIX_PATH=${CMAKE_PREFIX_PATH}:/home/rai-m/robosys/install/fight:/home/rai-m/mlr01_ws/install/lp01:/home/rai-m/test1_ws/install/robo02:/home/rai-m/test1_ws/install/robo01:/home/rai-m/test1_ws/install/py_pubsub:/home/rai-m/test1_ws/install/my_package2:/home/rai-m/test1_ws/install/my_package:/home/rai-m/test1_ws/install/multi01:/opt/ros/humble /usr/bin/cmake --install /home/rai-m/robosys/build/rsysmsg
[0.598s] -- Install configuration: ""
[0.600s] -- Up-to-date: /home/rai-m/robosys/install/rsysmsg/share/ament_index/resource_index/rosidl_interfaces/rsysmsg
[0.600s] -- Up-to-date: /home/rai-m/robosys/install/rsysmsg/include/rsysmsg/rsysmsg
[0.601s] -- Up-to-date: /home/rai-m/robosys/install/rsysmsg/include/rsysmsg/rsysmsg/msg
[0.602s] -- Up-to-date: /home/rai-m/robosys/install/rsysmsg/include/rsysmsg/rsysmsg/msg/rosidl_generator_c__visibility_control.h
[0.602s] -- Up-to-date: /home/rai-m/robosys/install/rsysmsg/include/rsysmsg/rsysmsg/msg/detail
[0.603s] -- Up-to-date: /home/rai-m/robosys/install/rsysmsg/include/rsysmsg/rsysmsg/msg/detail/num__functions.h
[0.604s] -- Up-to-date: /home/rai-m/robosys/install/rsysmsg/include/rsysmsg/rsysmsg/msg/detail/num__functions.c
[0.604s] -- Up-to-date: /home/rai-m/robosys/install/rsysmsg/include/rsysmsg/rsysmsg/msg/detail/num__struct.h
[0.604s] -- Up-to-date: /home/rai-m/robosys/install/rsysmsg/include/rsysmsg/rsysmsg/msg/detail/num__type_support.h
[0.604s] -- Up-to-date: /home/rai-m/robosys/install/rsysmsg/include/rsysmsg/rsysmsg/msg/num.h
[0.604s] -- Up-to-date: /home/rai-m/robosys/install/rsysmsg/include/rsysmsg/rsysmsg/srv
[0.605s] -- Up-to-date: /home/rai-m/robosys/install/rsysmsg/include/rsysmsg/rsysmsg/srv/detail
[0.607s] -- Up-to-date: /home/rai-m/robosys/install/rsysmsg/include/rsysmsg/rsysmsg/srv/detail/name__functions.h
[0.607s] -- Up-to-date: /home/rai-m/robosys/install/rsysmsg/include/rsysmsg/rsysmsg/srv/detail/name__type_support.h
[0.607s] -- Up-to-date: /home/rai-m/robosys/install/rsysmsg/include/rsysmsg/rsysmsg/srv/detail/name__functions.c
[0.607s] -- Up-to-date: /home/rai-m/robosys/install/rsysmsg/include/rsysmsg/rsysmsg/srv/detail/name__struct.h
[0.608s] -- Up-to-date: /home/rai-m/robosys/install/rsysmsg/include/rsysmsg/rsysmsg/srv/name.h
[0.608s] -- Up-to-date: /home/rai-m/robosys/install/rsysmsg/include/rsysmsg/rsysmsg/action
[0.608s] -- Up-to-date: /home/rai-m/robosys/install/rsysmsg/include/rsysmsg/rsysmsg/action/monster.h
[0.608s] -- Up-to-date: /home/rai-m/robosys/install/rsysmsg/include/rsysmsg/rsysmsg/action/detail
[0.609s] -- Up-to-date: /home/rai-m/robosys/install/rsysmsg/include/rsysmsg/rsysmsg/action/detail/monster__functions.h
[0.609s] -- Up-to-date: /home/rai-m/robosys/install/rsysmsg/include/rsysmsg/rsysmsg/action/detail/monster__type_support.h
[0.609s] -- Up-to-date: /home/rai-m/robosys/install/rsysmsg/include/rsysmsg/rsysmsg/action/detail/monster__struct.h
[0.609s] -- Up-to-date: /home/rai-m/robosys/install/rsysmsg/include/rsysmsg/rsysmsg/action/detail/monster__functions.c
[0.609s] -- Up-to-date: /home/rai-m/robosys/install/rsysmsg/share/rsysmsg/environment/library_path.sh
[0.609s] -- Up-to-date: /home/rai-m/robosys/install/rsysmsg/share/rsysmsg/environment/library_path.dsv
[0.613s] -- Up-to-date: /home/rai-m/robosys/install/rsysmsg/lib/librsysmsg__rosidl_generator_c.so
[0.613s] -- Up-to-date: /home/rai-m/robosys/install/rsysmsg/include/rsysmsg/rsysmsg
[0.614s] -- Up-to-date: /home/rai-m/robosys/install/rsysmsg/include/rsysmsg/rsysmsg/msg
[0.615s] -- Up-to-date: /home/rai-m/robosys/install/rsysmsg/include/rsysmsg/rsysmsg/msg/rosidl_typesupport_fastrtps_c__visibility_control.h
[0.615s] -- Up-to-date: /home/rai-m/robosys/install/rsysmsg/include/rsysmsg/rsysmsg/msg/detail
[0.616s] -- Up-to-date: /home/rai-m/robosys/install/rsysmsg/include/rsysmsg/rsysmsg/msg/detail/num__rosidl_typesupport_fastrtps_c.h
[0.616s] -- Up-to-date: /home/rai-m/robosys/install/rsysmsg/include/rsysmsg/rsysmsg/srv
[0.617s] -- Up-to-date: /home/rai-m/robosys/install/rsysmsg/include/rsysmsg/rsysmsg/srv/detail
[0.617s] -- Up-to-date: /home/rai-m/robosys/install/rsysmsg/include/rsysmsg/rsysmsg/srv/detail/name__rosidl_typesupport_fastrtps_c.h
[0.618s] -- Up-to-date: /home/rai-m/robosys/install/rsysmsg/include/rsysmsg/rsysmsg/action
[0.618s] -- Up-to-date: /home/rai-m/robosys/install/rsysmsg/include/rsysmsg/rsysmsg/action/detail
[0.619s] -- Up-to-date: /home/rai-m/robosys/install/rsysmsg/include/rsysmsg/rsysmsg/action/detail/monster__rosidl_typesupport_fastrtps_c.h
[0.621s] -- Up-to-date: /home/rai-m/robosys/install/rsysmsg/lib/librsysmsg__rosidl_typesupport_fastrtps_c.so
[0.621s] -- Up-to-date: /home/rai-m/robosys/install/rsysmsg/include/rsysmsg/rsysmsg
[0.622s] -- Up-to-date: /home/rai-m/robosys/install/rsysmsg/include/rsysmsg/rsysmsg/msg
[0.623s] -- Up-to-date: /home/rai-m/robosys/install/rsysmsg/include/rsysmsg/rsysmsg/msg/num.hpp
[0.623s] -- Up-to-date: /home/rai-m/robosys/install/rsysmsg/include/rsysmsg/rsysmsg/msg/detail
[0.624s] -- Up-to-date: /home/rai-m/robosys/install/rsysmsg/include/rsysmsg/rsysmsg/msg/detail/num__type_support.hpp
[0.624s] -- Up-to-date: /home/rai-m/robosys/install/rsysmsg/include/rsysmsg/rsysmsg/msg/detail/num__traits.hpp
[0.625s] -- Up-to-date: /home/rai-m/robosys/install/rsysmsg/include/rsysmsg/rsysmsg/msg/detail/num__struct.hpp
[0.625s] -- Up-to-date: /home/rai-m/robosys/install/rsysmsg/include/rsysmsg/rsysmsg/msg/detail/num__builder.hpp
[0.625s] -- Up-to-date: /home/rai-m/robosys/install/rsysmsg/include/rsysmsg/rsysmsg/msg/rosidl_generator_cpp__visibility_control.hpp
[0.627s] -- Up-to-date: /home/rai-m/robosys/install/rsysmsg/include/rsysmsg/rsysmsg/srv
[0.627s] -- Up-to-date: /home/rai-m/robosys/install/rsysmsg/include/rsysmsg/rsysmsg/srv/name.hpp
[0.627s] -- Up-to-date: /home/rai-m/robosys/install/rsysmsg/include/rsysmsg/rsysmsg/srv/detail
[0.627s] -- Up-to-date: /home/rai-m/robosys/install/rsysmsg/include/rsysmsg/rsysmsg/srv/detail/name__type_support.hpp
[0.628s] -- Up-to-date: /home/rai-m/robosys/install/rsysmsg/include/rsysmsg/rsysmsg/srv/detail/name__traits.hpp
[0.628s] -- Up-to-date: /home/rai-m/robosys/install/rsysmsg/include/rsysmsg/rsysmsg/srv/detail/name__builder.hpp
[0.628s] -- Up-to-date: /home/rai-m/robosys/install/rsysmsg/include/rsysmsg/rsysmsg/srv/detail/name__struct.hpp
[0.628s] -- Up-to-date: /home/rai-m/robosys/install/rsysmsg/include/rsysmsg/rsysmsg/action
[0.628s] -- Up-to-date: /home/rai-m/robosys/install/rsysmsg/include/rsysmsg/rsysmsg/action/monster.hpp
[0.628s] -- Up-to-date: /home/rai-m/robosys/install/rsysmsg/include/rsysmsg/rsysmsg/action/detail
[0.628s] -- Up-to-date: /home/rai-m/robosys/install/rsysmsg/include/rsysmsg/rsysmsg/action/detail/monster__type_support.hpp
[0.629s] -- Up-to-date: /home/rai-m/robosys/install/rsysmsg/include/rsysmsg/rsysmsg/action/detail/monster__traits.hpp
[0.629s] -- Up-to-date: /home/rai-m/robosys/install/rsysmsg/include/rsysmsg/rsysmsg/action/detail/monster__struct.hpp
[0.629s] -- Up-to-date: /home/rai-m/robosys/install/rsysmsg/include/rsysmsg/rsysmsg/action/detail/monster__builder.hpp
[0.629s] -- Up-to-date: /home/rai-m/robosys/install/rsysmsg/include/rsysmsg/rsysmsg
[0.630s] -- Up-to-date: /home/rai-m/robosys/install/rsysmsg/include/rsysmsg/rsysmsg/msg
[0.631s] -- Up-to-date: /home/rai-m/robosys/install/rsysmsg/include/rsysmsg/rsysmsg/msg/rosidl_typesupport_fastrtps_cpp__visibility_control.h
[0.631s] -- Up-to-date: /home/rai-m/robosys/install/rsysmsg/include/rsysmsg/rsysmsg/msg/detail
[0.632s] -- Up-to-date: /home/rai-m/robosys/install/rsysmsg/include/rsysmsg/rsysmsg/msg/detail/dds_fastrtps
[0.632s] -- Up-to-date: /home/rai-m/robosys/install/rsysmsg/include/rsysmsg/rsysmsg/msg/detail/num__rosidl_typesupport_fastrtps_cpp.hpp
[0.632s] -- Up-to-date: /home/rai-m/robosys/install/rsysmsg/include/rsysmsg/rsysmsg/srv
[0.633s] -- Up-to-date: /home/rai-m/robosys/install/rsysmsg/include/rsysmsg/rsysmsg/srv/detail
[0.634s] -- Up-to-date: /home/rai-m/robosys/install/rsysmsg/include/rsysmsg/rsysmsg/srv/detail/name__rosidl_typesupport_fastrtps_cpp.hpp
[0.634s] -- Up-to-date: /home/rai-m/robosys/install/rsysmsg/include/rsysmsg/rsysmsg/srv/detail/dds_fastrtps
[0.634s] -- Up-to-date: /home/rai-m/robosys/install/rsysmsg/include/rsysmsg/rsysmsg/action
[0.635s] -- Up-to-date: /home/rai-m/robosys/install/rsysmsg/include/rsysmsg/rsysmsg/action/detail
[0.636s] -- Up-to-date: /home/rai-m/robosys/install/rsysmsg/include/rsysmsg/rsysmsg/action/detail/dds_fastrtps
[0.636s] -- Up-to-date: /home/rai-m/robosys/install/rsysmsg/include/rsysmsg/rsysmsg/action/detail/monster__rosidl_typesupport_fastrtps_cpp.hpp
[0.638s] -- Up-to-date: /home/rai-m/robosys/install/rsysmsg/lib/librsysmsg__rosidl_typesupport_fastrtps_cpp.so
[0.638s] -- Up-to-date: /home/rai-m/robosys/install/rsysmsg/include/rsysmsg/rsysmsg
[0.639s] -- Up-to-date: /home/rai-m/robosys/install/rsysmsg/include/rsysmsg/rsysmsg/msg
[0.639s] -- Up-to-date: /home/rai-m/robosys/install/rsysmsg/include/rsysmsg/rsysmsg/msg/rosidl_typesupport_introspection_c__visibility_control.h
[0.639s] -- Up-to-date: /home/rai-m/robosys/install/rsysmsg/include/rsysmsg/rsysmsg/msg/detail
[0.640s] -- Up-to-date: /home/rai-m/robosys/install/rsysmsg/include/rsysmsg/rsysmsg/msg/detail/num__type_support.c
[0.640s] -- Up-to-date: /home/rai-m/robosys/install/rsysmsg/include/rsysmsg/rsysmsg/msg/detail/num__rosidl_typesupport_introspection_c.h
[0.641s] -- Up-to-date: /home/rai-m/robosys/install/rsysmsg/include/rsysmsg/rsysmsg/srv
[0.641s] -- Up-to-date: /home/rai-m/robosys/install/rsysmsg/include/rsysmsg/rsysmsg/srv/detail
[0.642s] -- Up-to-date: /home/rai-m/robosys/install/rsysmsg/include/rsysmsg/rsysmsg/srv/detail/name__type_support.c
[0.642s] -- Up-to-date: /home/rai-m/robosys/install/rsysmsg/include/rsysmsg/rsysmsg/srv/detail/name__rosidl_typesupport_introspection_c.h
[0.642s] -- Up-to-date: /home/rai-m/robosys/install/rsysmsg/include/rsysmsg/rsysmsg/action
[0.642s] -- Up-to-date: /home/rai-m/robosys/install/rsysmsg/include/rsysmsg/rsysmsg/action/detail
[0.643s] -- Up-to-date: /home/rai-m/robosys/install/rsysmsg/include/rsysmsg/rsysmsg/action/detail/monster__type_support.c
[0.643s] -- Up-to-date: /home/rai-m/robosys/install/rsysmsg/include/rsysmsg/rsysmsg/action/detail/monster__rosidl_typesupport_introspection_c.h
[0.645s] -- Up-to-date: /home/rai-m/robosys/install/rsysmsg/lib/librsysmsg__rosidl_typesupport_introspection_c.so
[0.647s] -- Up-to-date: /home/rai-m/robosys/install/rsysmsg/lib/librsysmsg__rosidl_typesupport_c.so
[0.647s] -- Up-to-date: /home/rai-m/robosys/install/rsysmsg/include/rsysmsg/rsysmsg
[0.648s] -- Up-to-date: /home/rai-m/robosys/install/rsysmsg/include/rsysmsg/rsysmsg/msg
[0.649s] -- Up-to-date: /home/rai-m/robosys/install/rsysmsg/include/rsysmsg/rsysmsg/msg/detail
[0.650s] -- Up-to-date: /home/rai-m/robosys/install/rsysmsg/include/rsysmsg/rsysmsg/msg/detail/num__rosidl_typesupport_introspection_cpp.hpp
[0.650s] -- Up-to-date: /home/rai-m/robosys/install/rsysmsg/include/rsysmsg/rsysmsg/msg/detail/num__type_support.cpp
[0.650s] -- Up-to-date: /home/rai-m/robosys/install/rsysmsg/include/rsysmsg/rsysmsg/srv
[0.651s] -- Up-to-date: /home/rai-m/robosys/install/rsysmsg/include/rsysmsg/rsysmsg/srv/detail
[0.651s] -- Up-to-date: /home/rai-m/robosys/install/rsysmsg/include/rsysmsg/rsysmsg/srv/detail/name__type_support.cpp
[0.651s] -- Up-to-date: /home/rai-m/robosys/install/rsysmsg/include/rsysmsg/rsysmsg/srv/detail/name__rosidl_typesupport_introspection_cpp.hpp
[0.651s] -- Up-to-date: /home/rai-m/robosys/install/rsysmsg/include/rsysmsg/rsysmsg/action
[0.652s] -- Up-to-date: /home/rai-m/robosys/install/rsysmsg/include/rsysmsg/rsysmsg/action/detail
[0.653s] -- Up-to-date: /home/rai-m/robosys/install/rsysmsg/include/rsysmsg/rsysmsg/action/detail/monster__type_support.cpp
[0.653s] -- Up-to-date: /home/rai-m/robosys/install/rsysmsg/include/rsysmsg/rsysmsg/action/detail/monster__rosidl_typesupport_introspection_cpp.hpp
[0.654s] -- Up-to-date: /home/rai-m/robosys/install/rsysmsg/lib/librsysmsg__rosidl_typesupport_introspection_cpp.so
[0.656s] -- Up-to-date: /home/rai-m/robosys/install/rsysmsg/lib/librsysmsg__rosidl_typesupport_cpp.so
[0.657s] -- Up-to-date: /home/rai-m/robosys/install/rsysmsg/share/rsysmsg/environment/pythonpath.sh
[0.657s] -- Up-to-date: /home/rai-m/robosys/install/rsysmsg/share/rsysmsg/environment/pythonpath.dsv
[0.657s] -- Up-to-date: /home/rai-m/robosys/install/rsysmsg/local/lib/python3.10/dist-packages/rsysmsg-0.0.0-py3.10.egg-info
[0.657s] -- Installing: /home/rai-m/robosys/install/rsysmsg/local/lib/python3.10/dist-packages/rsysmsg-0.0.0-py3.10.egg-info/SOURCES.txt
[0.658s] -- Installing: /home/rai-m/robosys/install/rsysmsg/local/lib/python3.10/dist-packages/rsysmsg-0.0.0-py3.10.egg-info/dependency_links.txt
[0.658s] -- Installing: /home/rai-m/robosys/install/rsysmsg/local/lib/python3.10/dist-packages/rsysmsg-0.0.0-py3.10.egg-info/top_level.txt
[0.658s] -- Installing: /home/rai-m/robosys/install/rsysmsg/local/lib/python3.10/dist-packages/rsysmsg-0.0.0-py3.10.egg-info/PKG-INFO
[0.659s] -- Up-to-date: /home/rai-m/robosys/install/rsysmsg/local/lib/python3.10/dist-packages/rsysmsg
[0.660s] -- Up-to-date: /home/rai-m/robosys/install/rsysmsg/local/lib/python3.10/dist-packages/rsysmsg/msg
[0.660s] -- Up-to-date: /home/rai-m/robosys/install/rsysmsg/local/lib/python3.10/dist-packages/rsysmsg/msg/_num.py
[0.660s] -- Up-to-date: /home/rai-m/robosys/install/rsysmsg/local/lib/python3.10/dist-packages/rsysmsg/msg/_num_s.c
[0.660s] -- Up-to-date: /home/rai-m/robosys/install/rsysmsg/local/lib/python3.10/dist-packages/rsysmsg/msg/__init__.py
[0.660s] -- Up-to-date: /home/rai-m/robosys/install/rsysmsg/local/lib/python3.10/dist-packages/rsysmsg/librsysmsg__rosidl_generator_py.so
[0.660s] -- Up-to-date: /home/rai-m/robosys/install/rsysmsg/local/lib/python3.10/dist-packages/rsysmsg/srv
[0.660s] -- Up-to-date: /home/rai-m/robosys/install/rsysmsg/local/lib/python3.10/dist-packages/rsysmsg/srv/_name.py
[0.661s] -- Up-to-date: /home/rai-m/robosys/install/rsysmsg/local/lib/python3.10/dist-packages/rsysmsg/srv/_name_s.c
[0.661s] -- Up-to-date: /home/rai-m/robosys/install/rsysmsg/local/lib/python3.10/dist-packages/rsysmsg/srv/__init__.py
[0.661s] -- Up-to-date: /home/rai-m/robosys/install/rsysmsg/local/lib/python3.10/dist-packages/rsysmsg/action
[0.661s] -- Up-to-date: /home/rai-m/robosys/install/rsysmsg/local/lib/python3.10/dist-packages/rsysmsg/action/_monster_s.c
[0.661s] -- Up-to-date: /home/rai-m/robosys/install/rsysmsg/local/lib/python3.10/dist-packages/rsysmsg/action/_monster.py
[0.661s] -- Up-to-date: /home/rai-m/robosys/install/rsysmsg/local/lib/python3.10/dist-packages/rsysmsg/action/__init__.py
[0.661s] -- Up-to-date: /home/rai-m/robosys/install/rsysmsg/local/lib/python3.10/dist-packages/rsysmsg/_rsysmsg_s.ep.rosidl_typesupport_introspection_c.c
[0.661s] -- Up-to-date: /home/rai-m/robosys/install/rsysmsg/local/lib/python3.10/dist-packages/rsysmsg/rsysmsg_s__rosidl_typesupport_fastrtps_c.cpython-310-x86_64-linux-gnu.so
[0.661s] -- Up-to-date: /home/rai-m/robosys/install/rsysmsg/local/lib/python3.10/dist-packages/rsysmsg/rsysmsg_s__rosidl_typesupport_c.cpython-310-x86_64-linux-gnu.so
[0.661s] -- Up-to-date: /home/rai-m/robosys/install/rsysmsg/local/lib/python3.10/dist-packages/rsysmsg/_rsysmsg_s.ep.rosidl_typesupport_c.c
[0.661s] -- Up-to-date: /home/rai-m/robosys/install/rsysmsg/local/lib/python3.10/dist-packages/rsysmsg/_rsysmsg_s.ep.rosidl_typesupport_fastrtps_c.c
[0.661s] -- Up-to-date: /home/rai-m/robosys/install/rsysmsg/local/lib/python3.10/dist-packages/rsysmsg/__init__.py
[0.661s] -- Up-to-date: /home/rai-m/robosys/install/rsysmsg/local/lib/python3.10/dist-packages/rsysmsg/rsysmsg_s__rosidl_typesupport_introspection_c.cpython-310-x86_64-linux-gnu.so
[0.708s] Listing '/home/rai-m/robosys/install/rsysmsg/local/lib/python3.10/dist-packages/rsysmsg'...
[0.709s] Listing '/home/rai-m/robosys/install/rsysmsg/local/lib/python3.10/dist-packages/rsysmsg/action'...
[0.709s] Listing '/home/rai-m/robosys/install/rsysmsg/local/lib/python3.10/dist-packages/rsysmsg/msg'...
[0.709s] Listing '/home/rai-m/robosys/install/rsysmsg/local/lib/python3.10/dist-packages/rsysmsg/srv'...
[0.715s] -- Up-to-date: /home/rai-m/robosys/install/rsysmsg/local/lib/python3.10/dist-packages/rsysmsg/rsysmsg_s__rosidl_typesupport_fastrtps_c.cpython-310-x86_64-linux-gnu.so
[0.716s] -- Up-to-date: /home/rai-m/robosys/install/rsysmsg/local/lib/python3.10/dist-packages/rsysmsg/rsysmsg_s__rosidl_typesupport_introspection_c.cpython-310-x86_64-linux-gnu.so
[0.718s] -- Up-to-date: /home/rai-m/robosys/install/rsysmsg/local/lib/python3.10/dist-packages/rsysmsg/rsysmsg_s__rosidl_typesupport_c.cpython-310-x86_64-linux-gnu.so
[0.720s] -- Up-to-date: /home/rai-m/robosys/install/rsysmsg/lib/librsysmsg__rosidl_generator_py.so
[0.721s] -- Up-to-date: /home/rai-m/robosys/install/rsysmsg/share/rsysmsg/msg/Num.idl
[0.721s] -- Up-to-date: /home/rai-m/robosys/install/rsysmsg/share/rsysmsg/srv/Name.idl
[0.721s] -- Up-to-date: /home/rai-m/robosys/install/rsysmsg/share/rsysmsg/action/Monster.idl
[0.721s] -- Up-to-date: /home/rai-m/robosys/install/rsysmsg/share/rsysmsg/msg/Num.msg
[0.721s] -- Up-to-date: /home/rai-m/robosys/install/rsysmsg/share/rsysmsg/srv/Name.srv
[0.721s] -- Up-to-date: /home/rai-m/robosys/install/rsysmsg/share/rsysmsg/srv/Name_Request.msg
[0.721s] -- Up-to-date: /home/rai-m/robosys/install/rsysmsg/share/rsysmsg/srv/Name_Response.msg
[0.721s] -- Up-to-date: /home/rai-m/robosys/install/rsysmsg/share/rsysmsg/action/Monster.action
[0.721s] -- Up-to-date: /home/rai-m/robosys/install/rsysmsg/share/ament_index/resource_index/package_run_dependencies/rsysmsg
[0.721s] -- Up-to-date: /home/rai-m/robosys/install/rsysmsg/share/ament_index/resource_index/parent_prefix_path/rsysmsg
[0.721s] -- Up-to-date: /home/rai-m/robosys/install/rsysmsg/share/rsysmsg/environment/ament_prefix_path.sh
[0.721s] -- Up-to-date: /home/rai-m/robosys/install/rsysmsg/share/rsysmsg/environment/ament_prefix_path.dsv
[0.721s] -- Up-to-date: /home/rai-m/robosys/install/rsysmsg/share/rsysmsg/environment/path.sh
[0.722s] -- Up-to-date: /home/rai-m/robosys/install/rsysmsg/share/rsysmsg/environment/path.dsv
[0.722s] -- Up-to-date: /home/rai-m/robosys/install/rsysmsg/share/rsysmsg/local_setup.bash
[0.722s] -- Up-to-date: /home/rai-m/robosys/install/rsysmsg/share/rsysmsg/local_setup.sh
[0.722s] -- Up-to-date: /home/rai-m/robosys/install/rsysmsg/share/rsysmsg/local_setup.zsh
[0.722s] -- Up-to-date: /home/rai-m/robosys/install/rsysmsg/share/rsysmsg/local_setup.dsv
[0.722s] -- Installing: /home/rai-m/robosys/install/rsysmsg/share/rsysmsg/package.dsv
[0.723s] -- Up-to-date: /home/rai-m/robosys/install/rsysmsg/share/ament_index/resource_index/packages/rsysmsg
[0.724s] -- Up-to-date: /home/rai-m/robosys/install/rsysmsg/share/rsysmsg/cmake/export_rsysmsg__rosidl_generator_cExport.cmake
[0.724s] -- Up-to-date: /home/rai-m/robosys/install/rsysmsg/share/rsysmsg/cmake/export_rsysmsg__rosidl_generator_cExport-noconfig.cmake
[0.725s] -- Up-to-date: /home/rai-m/robosys/install/rsysmsg/share/rsysmsg/cmake/export_rsysmsg__rosidl_typesupport_fastrtps_cExport.cmake
[0.725s] -- Up-to-date: /home/rai-m/robosys/install/rsysmsg/share/rsysmsg/cmake/export_rsysmsg__rosidl_typesupport_fastrtps_cExport-noconfig.cmake
[0.726s] -- Up-to-date: /home/rai-m/robosys/install/rsysmsg/share/rsysmsg/cmake/export_rsysmsg__rosidl_generator_cppExport.cmake
[0.728s] -- Up-to-date: /home/rai-m/robosys/install/rsysmsg/share/rsysmsg/cmake/export_rsysmsg__rosidl_typesupport_fastrtps_cppExport.cmake
[0.728s] -- Up-to-date: /home/rai-m/robosys/install/rsysmsg/share/rsysmsg/cmake/export_rsysmsg__rosidl_typesupport_fastrtps_cppExport-noconfig.cmake
[0.729s] -- Up-to-date: /home/rai-m/robosys/install/rsysmsg/share/rsysmsg/cmake/rsysmsg__rosidl_typesupport_introspection_cExport.cmake
[0.729s] -- Up-to-date: /home/rai-m/robosys/install/rsysmsg/share/rsysmsg/cmake/rsysmsg__rosidl_typesupport_introspection_cExport-noconfig.cmake
[0.730s] -- Up-to-date: /home/rai-m/robosys/install/rsysmsg/share/rsysmsg/cmake/rsysmsg__rosidl_typesupport_cExport.cmake
[0.730s] -- Up-to-date: /home/rai-m/robosys/install/rsysmsg/share/rsysmsg/cmake/rsysmsg__rosidl_typesupport_cExport-noconfig.cmake
[0.731s] -- Up-to-date: /home/rai-m/robosys/install/rsysmsg/share/rsysmsg/cmake/rsysmsg__rosidl_typesupport_introspection_cppExport.cmake
[0.732s] -- Up-to-date: /home/rai-m/robosys/install/rsysmsg/share/rsysmsg/cmake/rsysmsg__rosidl_typesupport_introspection_cppExport-noconfig.cmake
[0.733s] -- Up-to-date: /home/rai-m/robosys/install/rsysmsg/share/rsysmsg/cmake/rsysmsg__rosidl_typesupport_cppExport.cmake
[0.733s] -- Up-to-date: /home/rai-m/robosys/install/rsysmsg/share/rsysmsg/cmake/rsysmsg__rosidl_typesupport_cppExport-noconfig.cmake
[0.734s] -- Up-to-date: /home/rai-m/robosys/install/rsysmsg/share/rsysmsg/cmake/export_rsysmsg__rosidl_generator_pyExport.cmake
[0.734s] -- Up-to-date: /home/rai-m/robosys/install/rsysmsg/share/rsysmsg/cmake/export_rsysmsg__rosidl_generator_pyExport-noconfig.cmake
[0.734s] -- Up-to-date: /home/rai-m/robosys/install/rsysmsg/share/rsysmsg/cmake/rosidl_cmake-extras.cmake
[0.735s] -- Up-to-date: /home/rai-m/robosys/install/rsysmsg/share/rsysmsg/cmake/ament_cmake_export_dependencies-extras.cmake
[0.735s] -- Up-to-date: /home/rai-m/robosys/install/rsysmsg/share/rsysmsg/cmake/ament_cmake_export_include_directories-extras.cmake
[0.735s] -- Up-to-date: /home/rai-m/robosys/install/rsysmsg/share/rsysmsg/cmake/ament_cmake_export_libraries-extras.cmake
[0.735s] -- Up-to-date: /home/rai-m/robosys/install/rsysmsg/share/rsysmsg/cmake/ament_cmake_export_targets-extras.cmake
[0.735s] -- Up-to-date: /home/rai-m/robosys/install/rsysmsg/share/rsysmsg/cmake/rosidl_cmake_export_typesupport_targets-extras.cmake
[0.735s] -- Up-to-date: /home/rai-m/robosys/install/rsysmsg/share/rsysmsg/cmake/rosidl_cmake_export_typesupport_libraries-extras.cmake
[0.735s] -- Up-to-date: /home/rai-m/robosys/install/rsysmsg/share/rsysmsg/cmake/rsysmsgConfig.cmake
[0.735s] -- Up-to-date: /home/rai-m/robosys/install/rsysmsg/share/rsysmsg/cmake/rsysmsgConfig-version.cmake
[0.735s] -- Up-to-date: /home/rai-m/robosys/install/rsysmsg/share/rsysmsg/package.xml
[0.738s] Invoked command in '/home/rai-m/robosys/build/rsysmsg' returned '0': CMAKE_PREFIX_PATH=${CMAKE_PREFIX_PATH}:/home/rai-m/robosys/install/fight:/home/rai-m/mlr01_ws/install/lp01:/home/rai-m/test1_ws/install/robo02:/home/rai-m/test1_ws/install/robo01:/home/rai-m/test1_ws/install/py_pubsub:/home/rai-m/test1_ws/install/my_package2:/home/rai-m/test1_ws/install/my_package:/home/rai-m/test1_ws/install/multi01:/opt/ros/humble /usr/bin/cmake --install /home/rai-m/robosys/build/rsysmsg
