[0.048s] Invoking command in '/home/rai-m/robosys/build/rsysmsg': CMAKE_PREFIX_PATH=${CMAKE_PREFIX_PATH}:/home/rai-m/robosys/install/fight:/home/rai-m/mlr01_ws/install/lp01:/home/rai-m/test1_ws/install/robo02:/home/rai-m/test1_ws/install/robo01:/home/rai-m/test1_ws/install/py_pubsub:/home/rai-m/test1_ws/install/my_package2:/home/rai-m/test1_ws/install/my_package:/home/rai-m/test1_ws/install/multi01:/opt/ros/humble /usr/bin/cmake --build /home/rai-m/robosys/build/rsysmsg -- -j22 -l22
[0.349s] [  2%] Built target rsysmsg__cpp
[0.392s] [ 12%] Built target rsysmsg__rosidl_generator_c
[0.393s] [ 12%] Built target ament_cmake_python_copy_rsysmsg
[0.425s] [ 23%] Built target rsysmsg__rosidl_typesupport_cpp
[0.426s] [ 33%] Built target rsysmsg__rosidl_typesupport_introspection_cpp
[0.427s] [ 43%] Built target rsysmsg__rosidl_typesupport_fastrtps_cpp
[0.431s] [ 53%] Built target rsysmsg__rosidl_typesupport_c
[0.432s] [ 64%] Built target rsysmsg__rosidl_typesupport_introspection_c
[0.435s] [ 74%] Built target rsysmsg__rosidl_typesupport_fastrtps_c
[0.463s] [ 74%] Built target rsysmsg
[0.494s] [ 76%] Built target rsysmsg__py
[0.546s] [ 84%] Built target rsysmsg__rosidl_generator_py
[0.580s] [ 92%] Built target rsysmsg__rosidl_typesupport_introspection_c__pyext
[0.580s] [ 94%] Built target rsysmsg__rosidl_typesupport_c__pyext
[0.581s] [100%] Built target rsysmsg__rosidl_typesupport_fastrtps_c__pyext
[0.696s] running egg_info
[0.697s] writing rsysmsg.egg-info/PKG-INFO
[0.698s] writing dependency_links to rsysmsg.egg-info/dependency_links.txt
[0.698s] writing top-level names to rsysmsg.egg-info/top_level.txt
[0.702s] reading manifest file 'rsysmsg.egg-info/SOURCES.txt'
[0.704s] writing manifest file 'rsysmsg.egg-info/SOURCES.txt'
[0.736s] [100%] Built target ament_cmake_python_build_rsysmsg_egg
[0.754s] Invoked command in '/home/rai-m/robosys/build/rsysmsg' returned '0': CMAKE_PREFIX_PATH=${CMAKE_PREFIX_PATH}:/home/rai-m/robosys/install/fight:/home/rai-m/mlr01_ws/install/lp01:/home/rai-m/test1_ws/install/robo02:/home/rai-m/test1_ws/install/robo01:/home/rai-m/test1_ws/install/py_pubsub:/home/rai-m/test1_ws/install/my_package2:/home/rai-m/test1_ws/install/my_package:/home/rai-m/test1_ws/install/multi01:/opt/ros/humble /usr/bin/cmake --build /home/rai-m/robosys/build/rsysmsg -- -j22 -l22
[0.768s] Invoking command in '/home/rai-m/robosys/build/rsysmsg': CMAKE_PREFIX_PATH=${CMAKE_PREFIX_PATH}:/home/rai-m/robosys/install/fight:/home/rai-m/mlr01_ws/install/lp01:/home/rai-m/test1_ws/install/robo02:/home/rai-m/test1_ws/install/robo01:/home/rai-m/test1_ws/install/py_pubsub:/home/rai-m/test1_ws/install/my_package2:/home/rai-m/test1_ws/install/my_package:/home/rai-m/test1_ws/install/multi01:/opt/ros/humble /usr/bin/cmake --install /home/rai-m/robosys/build/rsysmsg
[0.777s] -- Install configuration: ""
[0.778s] -- Up-to-date: /home/rai-m/robosys/install/rsysmsg/share/ament_index/resource_index/rosidl_interfaces/rsysmsg
[0.778s] -- Up-to-date: /home/rai-m/robosys/install/rsysmsg/include/rsysmsg/rsysmsg
[0.779s] -- Up-to-date: /home/rai-m/robosys/install/rsysmsg/include/rsysmsg/rsysmsg/msg
[0.779s] -- Up-to-date: /home/rai-m/robosys/install/rsysmsg/include/rsysmsg/rsysmsg/msg/rosidl_generator_c__visibility_control.h
[0.779s] -- Up-to-date: /home/rai-m/robosys/install/rsysmsg/include/rsysmsg/rsysmsg/msg/detail
[0.780s] -- Up-to-date: /home/rai-m/robosys/install/rsysmsg/include/rsysmsg/rsysmsg/msg/detail/num__functions.h
[0.780s] -- Up-to-date: /home/rai-m/robosys/install/rsysmsg/include/rsysmsg/rsysmsg/msg/detail/num__functions.c
[0.781s] -- Up-to-date: /home/rai-m/robosys/install/rsysmsg/include/rsysmsg/rsysmsg/msg/detail/num__struct.h
[0.781s] -- Up-to-date: /home/rai-m/robosys/install/rsysmsg/include/rsysmsg/rsysmsg/msg/detail/num__type_support.h
[0.781s] -- Up-to-date: /home/rai-m/robosys/install/rsysmsg/include/rsysmsg/rsysmsg/msg/num.h
[0.781s] -- Up-to-date: /home/rai-m/robosys/install/rsysmsg/include/rsysmsg/rsysmsg/srv
[0.781s] -- Up-to-date: /home/rai-m/robosys/install/rsysmsg/include/rsysmsg/rsysmsg/srv/detail
[0.782s] -- Up-to-date: /home/rai-m/robosys/install/rsysmsg/include/rsysmsg/rsysmsg/srv/detail/name__functions.h
[0.782s] -- Up-to-date: /home/rai-m/robosys/install/rsysmsg/include/rsysmsg/rsysmsg/srv/detail/name__type_support.h
[0.782s] -- Up-to-date: /home/rai-m/robosys/install/rsysmsg/include/rsysmsg/rsysmsg/srv/detail/name__functions.c
[0.782s] -- Up-to-date: /home/rai-m/robosys/install/rsysmsg/include/rsysmsg/rsysmsg/srv/detail/name__struct.h
[0.782s] -- Up-to-date: /home/rai-m/robosys/install/rsysmsg/include/rsysmsg/rsysmsg/srv/name.h
[0.782s] -- Up-to-date: /home/rai-m/robosys/install/rsysmsg/share/rsysmsg/environment/library_path.sh
[0.782s] -- Up-to-date: /home/rai-m/robosys/install/rsysmsg/share/rsysmsg/environment/library_path.dsv
[0.783s] -- Up-to-date: /home/rai-m/robosys/install/rsysmsg/lib/librsysmsg__rosidl_generator_c.so
[0.784s] -- Up-to-date: /home/rai-m/robosys/install/rsysmsg/include/rsysmsg/rsysmsg
[0.784s] -- Up-to-date: /home/rai-m/robosys/install/rsysmsg/include/rsysmsg/rsysmsg/msg
[0.784s] -- Up-to-date: /home/rai-m/robosys/install/rsysmsg/include/rsysmsg/rsysmsg/msg/rosidl_typesupport_fastrtps_c__visibility_control.h
[0.785s] -- Up-to-date: /home/rai-m/robosys/install/rsysmsg/include/rsysmsg/rsysmsg/msg/detail
[0.785s] -- Up-to-date: /home/rai-m/robosys/install/rsysmsg/include/rsysmsg/rsysmsg/msg/detail/num__rosidl_typesupport_fastrtps_c.h
[0.785s] -- Up-to-date: /home/rai-m/robosys/install/rsysmsg/include/rsysmsg/rsysmsg/srv
[0.786s] -- Up-to-date: /home/rai-m/robosys/install/rsysmsg/include/rsysmsg/rsysmsg/srv/detail
[0.786s] -- Up-to-date: /home/rai-m/robosys/install/rsysmsg/include/rsysmsg/rsysmsg/srv/detail/name__rosidl_typesupport_fastrtps_c.h
[0.787s] -- Up-to-date: /home/rai-m/robosys/install/rsysmsg/lib/librsysmsg__rosidl_typesupport_fastrtps_c.so
[0.787s] -- Up-to-date: /home/rai-m/robosys/install/rsysmsg/include/rsysmsg/rsysmsg
[0.788s] -- Up-to-date: /home/rai-m/robosys/install/rsysmsg/include/rsysmsg/rsysmsg/msg
[0.788s] -- Up-to-date: /home/rai-m/robosys/install/rsysmsg/include/rsysmsg/rsysmsg/msg/num.hpp
[0.788s] -- Up-to-date: /home/rai-m/robosys/install/rsysmsg/include/rsysmsg/rsysmsg/msg/detail
[0.789s] -- Up-to-date: /home/rai-m/robosys/install/rsysmsg/include/rsysmsg/rsysmsg/msg/detail/num__type_support.hpp
[0.789s] -- Up-to-date: /home/rai-m/robosys/install/rsysmsg/include/rsysmsg/rsysmsg/msg/detail/num__traits.hpp
[0.789s] -- Up-to-date: /home/rai-m/robosys/install/rsysmsg/include/rsysmsg/rsysmsg/msg/detail/num__struct.hpp
[0.789s] -- Up-to-date: /home/rai-m/robosys/install/rsysmsg/include/rsysmsg/rsysmsg/msg/detail/num__builder.hpp
[0.789s] -- Up-to-date: /home/rai-m/robosys/install/rsysmsg/include/rsysmsg/rsysmsg/msg/rosidl_generator_cpp__visibility_control.hpp
[0.789s] -- Up-to-date: /home/rai-m/robosys/install/rsysmsg/include/rsysmsg/rsysmsg/srv
[0.789s] -- Up-to-date: /home/rai-m/robosys/install/rsysmsg/include/rsysmsg/rsysmsg/srv/name.hpp
[0.789s] -- Up-to-date: /home/rai-m/robosys/install/rsysmsg/include/rsysmsg/rsysmsg/srv/detail
[0.790s] -- Up-to-date: /home/rai-m/robosys/install/rsysmsg/include/rsysmsg/rsysmsg/srv/detail/name__type_support.hpp
[0.790s] -- Up-to-date: /home/rai-m/robosys/install/rsysmsg/include/rsysmsg/rsysmsg/srv/detail/name__traits.hpp
[0.790s] -- Up-to-date: /home/rai-m/robosys/install/rsysmsg/include/rsysmsg/rsysmsg/srv/detail/name__builder.hpp
[0.790s] -- Up-to-date: /home/rai-m/robosys/install/rsysmsg/include/rsysmsg/rsysmsg/srv/detail/name__struct.hpp
[0.791s] -- Up-to-date: /home/rai-m/robosys/install/rsysmsg/include/rsysmsg/rsysmsg
[0.791s] -- Up-to-date: /home/rai-m/robosys/install/rsysmsg/include/rsysmsg/rsysmsg/msg
[0.791s] -- Up-to-date: /home/rai-m/robosys/install/rsysmsg/include/rsysmsg/rsysmsg/msg/rosidl_typesupport_fastrtps_cpp__visibility_control.h
[0.791s] -- Up-to-date: /home/rai-m/robosys/install/rsysmsg/include/rsysmsg/rsysmsg/msg/detail
[0.791s] -- Up-to-date: /home/rai-m/robosys/install/rsysmsg/include/rsysmsg/rsysmsg/msg/detail/dds_fastrtps
[0.792s] -- Up-to-date: /home/rai-m/robosys/install/rsysmsg/include/rsysmsg/rsysmsg/msg/detail/num__rosidl_typesupport_fastrtps_cpp.hpp
[0.792s] -- Up-to-date: /home/rai-m/robosys/install/rsysmsg/include/rsysmsg/rsysmsg/srv
[0.792s] -- Up-to-date: /home/rai-m/robosys/install/rsysmsg/include/rsysmsg/rsysmsg/srv/detail
[0.793s] -- Up-to-date: /home/rai-m/robosys/install/rsysmsg/include/rsysmsg/rsysmsg/srv/detail/name__rosidl_typesupport_fastrtps_cpp.hpp
[0.793s] -- Up-to-date: /home/rai-m/robosys/install/rsysmsg/include/rsysmsg/rsysmsg/srv/detail/dds_fastrtps
[0.794s] -- Up-to-date: /home/rai-m/robosys/install/rsysmsg/lib/librsysmsg__rosidl_typesupport_fastrtps_cpp.so
[0.795s] -- Up-to-date: /home/rai-m/robosys/install/rsysmsg/include/rsysmsg/rsysmsg
[0.795s] -- Up-to-date: /home/rai-m/robosys/install/rsysmsg/include/rsysmsg/rsysmsg/msg
[0.795s] -- Up-to-date: /home/rai-m/robosys/install/rsysmsg/include/rsysmsg/rsysmsg/msg/rosidl_typesupport_introspection_c__visibility_control.h
[0.795s] -- Up-to-date: /home/rai-m/robosys/install/rsysmsg/include/rsysmsg/rsysmsg/msg/detail
[0.796s] -- Up-to-date: /home/rai-m/robosys/install/rsysmsg/include/rsysmsg/rsysmsg/msg/detail/num__type_support.c
[0.796s] -- Up-to-date: /home/rai-m/robosys/install/rsysmsg/include/rsysmsg/rsysmsg/msg/detail/num__rosidl_typesupport_introspection_c.h
[0.797s] -- Up-to-date: /home/rai-m/robosys/install/rsysmsg/include/rsysmsg/rsysmsg/srv
[0.797s] -- Up-to-date: /home/rai-m/robosys/install/rsysmsg/include/rsysmsg/rsysmsg/srv/detail
[0.797s] -- Up-to-date: /home/rai-m/robosys/install/rsysmsg/include/rsysmsg/rsysmsg/srv/detail/name__type_support.c
[0.798s] -- Up-to-date: /home/rai-m/robosys/install/rsysmsg/include/rsysmsg/rsysmsg/srv/detail/name__rosidl_typesupport_introspection_c.h
[0.798s] -- Up-to-date: /home/rai-m/robosys/install/rsysmsg/lib/librsysmsg__rosidl_typesupport_introspection_c.so
[0.799s] -- Up-to-date: /home/rai-m/robosys/install/rsysmsg/lib/librsysmsg__rosidl_typesupport_c.so
[0.799s] -- Up-to-date: /home/rai-m/robosys/install/rsysmsg/include/rsysmsg/rsysmsg
[0.800s] -- Up-to-date: /home/rai-m/robosys/install/rsysmsg/include/rsysmsg/rsysmsg/msg
[0.800s] -- Up-to-date: /home/rai-m/robosys/install/rsysmsg/include/rsysmsg/rsysmsg/msg/detail
[0.801s] -- Up-to-date: /home/rai-m/robosys/install/rsysmsg/include/rsysmsg/rsysmsg/msg/detail/num__rosidl_typesupport_introspection_cpp.hpp
[0.802s] -- Up-to-date: /home/rai-m/robosys/install/rsysmsg/include/rsysmsg/rsysmsg/msg/detail/num__type_support.cpp
[0.802s] -- Up-to-date: /home/rai-m/robosys/install/rsysmsg/include/rsysmsg/rsysmsg/srv
[0.802s] -- Up-to-date: /home/rai-m/robosys/install/rsysmsg/include/rsysmsg/rsysmsg/srv/detail
[0.802s] -- Up-to-date: /home/rai-m/robosys/install/rsysmsg/include/rsysmsg/rsysmsg/srv/detail/name__type_support.cpp
[0.802s] -- Up-to-date: /home/rai-m/robosys/install/rsysmsg/include/rsysmsg/rsysmsg/srv/detail/name__rosidl_typesupport_introspection_cpp.hpp
[0.803s] -- Up-to-date: /home/rai-m/robosys/install/rsysmsg/lib/librsysmsg__rosidl_typesupport_introspection_cpp.so
[0.804s] -- Up-to-date: /home/rai-m/robosys/install/rsysmsg/lib/librsysmsg__rosidl_typesupport_cpp.so
[0.805s] -- Up-to-date: /home/rai-m/robosys/install/rsysmsg/share/rsysmsg/environment/pythonpath.sh
[0.805s] -- Up-to-date: /home/rai-m/robosys/install/rsysmsg/share/rsysmsg/environment/pythonpath.dsv
[0.805s] -- Up-to-date: /home/rai-m/robosys/install/rsysmsg/local/lib/python3.10/dist-packages/rsysmsg-0.0.0-py3.10.egg-info
[0.805s] -- Installing: /home/rai-m/robosys/install/rsysmsg/local/lib/python3.10/dist-packages/rsysmsg-0.0.0-py3.10.egg-info/SOURCES.txt
[0.806s] -- Installing: /home/rai-m/robosys/install/rsysmsg/local/lib/python3.10/dist-packages/rsysmsg-0.0.0-py3.10.egg-info/dependency_links.txt
[0.806s] -- Installing: /home/rai-m/robosys/install/rsysmsg/local/lib/python3.10/dist-packages/rsysmsg-0.0.0-py3.10.egg-info/top_level.txt
[0.806s] -- Installing: /home/rai-m/robosys/install/rsysmsg/local/lib/python3.10/dist-packages/rsysmsg-0.0.0-py3.10.egg-info/PKG-INFO
[0.808s] -- Up-to-date: /home/rai-m/robosys/install/rsysmsg/local/lib/python3.10/dist-packages/rsysmsg
[0.808s] -- Up-to-date: /home/rai-m/robosys/install/rsysmsg/local/lib/python3.10/dist-packages/rsysmsg/msg
[0.808s] -- Up-to-date: /home/rai-m/robosys/install/rsysmsg/local/lib/python3.10/dist-packages/rsysmsg/msg/_num.py
[0.808s] -- Up-to-date: /home/rai-m/robosys/install/rsysmsg/local/lib/python3.10/dist-packages/rsysmsg/msg/_num_s.c
[0.808s] -- Up-to-date: /home/rai-m/robosys/install/rsysmsg/local/lib/python3.10/dist-packages/rsysmsg/msg/__init__.py
[0.808s] -- Up-to-date: /home/rai-m/robosys/install/rsysmsg/local/lib/python3.10/dist-packages/rsysmsg/librsysmsg__rosidl_generator_py.so
[0.808s] -- Up-to-date: /home/rai-m/robosys/install/rsysmsg/local/lib/python3.10/dist-packages/rsysmsg/srv
[0.808s] -- Up-to-date: /home/rai-m/robosys/install/rsysmsg/local/lib/python3.10/dist-packages/rsysmsg/srv/_name.py
[0.808s] -- Up-to-date: /home/rai-m/robosys/install/rsysmsg/local/lib/python3.10/dist-packages/rsysmsg/srv/_name_s.c
[0.808s] -- Up-to-date: /home/rai-m/robosys/install/rsysmsg/local/lib/python3.10/dist-packages/rsysmsg/srv/__init__.py
[0.808s] -- Up-to-date: /home/rai-m/robosys/install/rsysmsg/local/lib/python3.10/dist-packages/rsysmsg/_rsysmsg_s.ep.rosidl_typesupport_introspection_c.c
[0.809s] -- Up-to-date: /home/rai-m/robosys/install/rsysmsg/local/lib/python3.10/dist-packages/rsysmsg/rsysmsg_s__rosidl_typesupport_fastrtps_c.cpython-310-x86_64-linux-gnu.so
[0.809s] -- Up-to-date: /home/rai-m/robosys/install/rsysmsg/local/lib/python3.10/dist-packages/rsysmsg/rsysmsg_s__rosidl_typesupport_c.cpython-310-x86_64-linux-gnu.so
[0.809s] -- Up-to-date: /home/rai-m/robosys/install/rsysmsg/local/lib/python3.10/dist-packages/rsysmsg/_rsysmsg_s.ep.rosidl_typesupport_c.c
[0.809s] -- Up-to-date: /home/rai-m/robosys/install/rsysmsg/local/lib/python3.10/dist-packages/rsysmsg/_rsysmsg_s.ep.rosidl_typesupport_fastrtps_c.c
[0.809s] -- Up-to-date: /home/rai-m/robosys/install/rsysmsg/local/lib/python3.10/dist-packages/rsysmsg/__init__.py
[0.809s] -- Up-to-date: /home/rai-m/robosys/install/rsysmsg/local/lib/python3.10/dist-packages/rsysmsg/rsysmsg_s__rosidl_typesupport_introspection_c.cpython-310-x86_64-linux-gnu.so
[0.857s] Listing '/home/rai-m/robosys/install/rsysmsg/local/lib/python3.10/dist-packages/rsysmsg'...
[0.857s] Listing '/home/rai-m/robosys/install/rsysmsg/local/lib/python3.10/dist-packages/rsysmsg/msg'...
[0.857s] Listing '/home/rai-m/robosys/install/rsysmsg/local/lib/python3.10/dist-packages/rsysmsg/srv'...
[0.863s] -- Up-to-date: /home/rai-m/robosys/install/rsysmsg/local/lib/python3.10/dist-packages/rsysmsg/rsysmsg_s__rosidl_typesupport_fastrtps_c.cpython-310-x86_64-linux-gnu.so
[0.864s] -- Up-to-date: /home/rai-m/robosys/install/rsysmsg/local/lib/python3.10/dist-packages/rsysmsg/rsysmsg_s__rosidl_typesupport_introspection_c.cpython-310-x86_64-linux-gnu.so
[0.866s] -- Up-to-date: /home/rai-m/robosys/install/rsysmsg/local/lib/python3.10/dist-packages/rsysmsg/rsysmsg_s__rosidl_typesupport_c.cpython-310-x86_64-linux-gnu.so
[0.867s] -- Up-to-date: /home/rai-m/robosys/install/rsysmsg/lib/librsysmsg__rosidl_generator_py.so
[0.867s] -- Up-to-date: /home/rai-m/robosys/install/rsysmsg/share/rsysmsg/msg/Num.idl
[0.867s] -- Up-to-date: /home/rai-m/robosys/install/rsysmsg/share/rsysmsg/srv/Name.idl
[0.867s] -- Up-to-date: /home/rai-m/robosys/install/rsysmsg/share/rsysmsg/msg/Num.msg
[0.867s] -- Up-to-date: /home/rai-m/robosys/install/rsysmsg/share/rsysmsg/srv/Name.srv
[0.868s] -- Up-to-date: /home/rai-m/robosys/install/rsysmsg/share/rsysmsg/srv/Name_Request.msg
[0.868s] -- Up-to-date: /home/rai-m/robosys/install/rsysmsg/share/rsysmsg/srv/Name_Response.msg
[0.868s] -- Up-to-date: /home/rai-m/robosys/install/rsysmsg/share/ament_index/resource_index/package_run_dependencies/rsysmsg
[0.868s] -- Up-to-date: /home/rai-m/robosys/install/rsysmsg/share/ament_index/resource_index/parent_prefix_path/rsysmsg
[0.868s] -- Up-to-date: /home/rai-m/robosys/install/rsysmsg/share/rsysmsg/environment/ament_prefix_path.sh
[0.869s] -- Up-to-date: /home/rai-m/robosys/install/rsysmsg/share/rsysmsg/environment/ament_prefix_path.dsv
[0.869s] -- Up-to-date: /home/rai-m/robosys/install/rsysmsg/share/rsysmsg/environment/path.sh
[0.869s] -- Up-to-date: /home/rai-m/robosys/install/rsysmsg/share/rsysmsg/environment/path.dsv
[0.869s] -- Up-to-date: /home/rai-m/robosys/install/rsysmsg/share/rsysmsg/local_setup.bash
[0.869s] -- Up-to-date: /home/rai-m/robosys/install/rsysmsg/share/rsysmsg/local_setup.sh
[0.869s] -- Up-to-date: /home/rai-m/robosys/install/rsysmsg/share/rsysmsg/local_setup.zsh
[0.869s] -- Up-to-date: /home/rai-m/robosys/install/rsysmsg/share/rsysmsg/local_setup.dsv
[0.869s] -- Installing: /home/rai-m/robosys/install/rsysmsg/share/rsysmsg/package.dsv
[0.870s] -- Up-to-date: /home/rai-m/robosys/install/rsysmsg/share/ament_index/resource_index/packages/rsysmsg
[0.871s] -- Up-to-date: /home/rai-m/robosys/install/rsysmsg/share/rsysmsg/cmake/export_rsysmsg__rosidl_generator_cExport.cmake
[0.871s] -- Up-to-date: /home/rai-m/robosys/install/rsysmsg/share/rsysmsg/cmake/export_rsysmsg__rosidl_generator_cExport-noconfig.cmake
[0.871s] -- Up-to-date: /home/rai-m/robosys/install/rsysmsg/share/rsysmsg/cmake/export_rsysmsg__rosidl_typesupport_fastrtps_cExport.cmake
[0.872s] -- Up-to-date: /home/rai-m/robosys/install/rsysmsg/share/rsysmsg/cmake/export_rsysmsg__rosidl_typesupport_fastrtps_cExport-noconfig.cmake
[0.872s] -- Up-to-date: /home/rai-m/robosys/install/rsysmsg/share/rsysmsg/cmake/export_rsysmsg__rosidl_generator_cppExport.cmake
[0.874s] -- Up-to-date: /home/rai-m/robosys/install/rsysmsg/share/rsysmsg/cmake/export_rsysmsg__rosidl_typesupport_fastrtps_cppExport.cmake
[0.874s] -- Up-to-date: /home/rai-m/robosys/install/rsysmsg/share/rsysmsg/cmake/export_rsysmsg__rosidl_typesupport_fastrtps_cppExport-noconfig.cmake
[0.875s] -- Up-to-date: /home/rai-m/robosys/install/rsysmsg/share/rsysmsg/cmake/rsysmsg__rosidl_typesupport_introspection_cExport.cmake
[0.875s] -- Up-to-date: /home/rai-m/robosys/install/rsysmsg/share/rsysmsg/cmake/rsysmsg__rosidl_typesupport_introspection_cExport-noconfig.cmake
[0.876s] -- Up-to-date: /home/rai-m/robosys/install/rsysmsg/share/rsysmsg/cmake/rsysmsg__rosidl_typesupport_cExport.cmake
[0.876s] -- Up-to-date: /home/rai-m/robosys/install/rsysmsg/share/rsysmsg/cmake/rsysmsg__rosidl_typesupport_cExport-noconfig.cmake
[0.877s] -- Up-to-date: /home/rai-m/robosys/install/rsysmsg/share/rsysmsg/cmake/rsysmsg__rosidl_typesupport_introspection_cppExport.cmake
[0.877s] -- Up-to-date: /home/rai-m/robosys/install/rsysmsg/share/rsysmsg/cmake/rsysmsg__rosidl_typesupport_introspection_cppExport-noconfig.cmake
[0.878s] -- Up-to-date: /home/rai-m/robosys/install/rsysmsg/share/rsysmsg/cmake/rsysmsg__rosidl_typesupport_cppExport.cmake
[0.878s] -- Up-to-date: /home/rai-m/robosys/install/rsysmsg/share/rsysmsg/cmake/rsysmsg__rosidl_typesupport_cppExport-noconfig.cmake
[0.880s] -- Up-to-date: /home/rai-m/robosys/install/rsysmsg/share/rsysmsg/cmake/export_rsysmsg__rosidl_generator_pyExport.cmake
[0.880s] -- Up-to-date: /home/rai-m/robosys/install/rsysmsg/share/rsysmsg/cmake/export_rsysmsg__rosidl_generator_pyExport-noconfig.cmake
[0.880s] -- Up-to-date: /home/rai-m/robosys/install/rsysmsg/share/rsysmsg/cmake/rosidl_cmake-extras.cmake
[0.880s] -- Up-to-date: /home/rai-m/robosys/install/rsysmsg/share/rsysmsg/cmake/ament_cmake_export_include_directories-extras.cmake
[0.880s] -- Up-to-date: /home/rai-m/robosys/install/rsysmsg/share/rsysmsg/cmake/ament_cmake_export_libraries-extras.cmake
[0.880s] -- Up-to-date: /home/rai-m/robosys/install/rsysmsg/share/rsysmsg/cmake/ament_cmake_export_targets-extras.cmake
[0.880s] -- Up-to-date: /home/rai-m/robosys/install/rsysmsg/share/rsysmsg/cmake/rosidl_cmake_export_typesupport_targets-extras.cmake
[0.880s] -- Up-to-date: /home/rai-m/robosys/install/rsysmsg/share/rsysmsg/cmake/ament_cmake_export_dependencies-extras.cmake
[0.880s] -- Up-to-date: /home/rai-m/robosys/install/rsysmsg/share/rsysmsg/cmake/rosidl_cmake_export_typesupport_libraries-extras.cmake
[0.880s] -- Up-to-date: /home/rai-m/robosys/install/rsysmsg/share/rsysmsg/cmake/rsysmsgConfig.cmake
[0.881s] -- Up-to-date: /home/rai-m/robosys/install/rsysmsg/share/rsysmsg/cmake/rsysmsgConfig-version.cmake
[0.881s] -- Up-to-date: /home/rai-m/robosys/install/rsysmsg/share/rsysmsg/package.xml
[0.885s] Invoked command in '/home/rai-m/robosys/build/rsysmsg' returned '0': CMAKE_PREFIX_PATH=${CMAKE_PREFIX_PATH}:/home/rai-m/robosys/install/fight:/home/rai-m/mlr01_ws/install/lp01:/home/rai-m/test1_ws/install/robo02:/home/rai-m/test1_ws/install/robo01:/home/rai-m/test1_ws/install/py_pubsub:/home/rai-m/test1_ws/install/my_package2:/home/rai-m/test1_ws/install/my_package:/home/rai-m/test1_ws/install/multi01:/opt/ros/humble /usr/bin/cmake --install /home/rai-m/robosys/build/rsysmsg
