[1.200s] Invoking command in '/home/rai-m/robosys/src/fight': PYTHONPATH=/home/rai-m/robosys/build/fight/prefix_override:/usr/lib/python3/dist-packages/colcon_core/task/python/colcon_distutils_commands:/home/rai-m/robosys/install/fight/lib/python3.10/site-packages:${PYTHONPATH} /usr/bin/python3 -W ignore:setup.py install is deprecated -W ignore:easy_install command is deprecated setup.py egg_info --egg-base ../../build/fight build --build-base /home/rai-m/robosys/build/fight/build install --record /home/rai-m/robosys/build/fight/install.log --single-version-externally-managed install_data
[1.491s] running egg_info
[1.491s] writing ../../build/fight/fight.egg-info/PKG-INFO
[1.491s] writing dependency_links to ../../build/fight/fight.egg-info/dependency_links.txt
[1.492s] writing entry points to ../../build/fight/fight.egg-info/entry_points.txt
[1.492s] writing requirements to ../../build/fight/fight.egg-info/requires.txt
[1.492s] writing top-level names to ../../build/fight/fight.egg-info/top_level.txt
[1.494s] reading manifest file '../../build/fight/fight.egg-info/SOURCES.txt'
[1.494s] adding license file 'LICENSE'
[1.495s] writing manifest file '../../build/fight/fight.egg-info/SOURCES.txt'
[1.495s] running build
[1.496s] running build_py
[1.496s] copying fight/fightClient.py -> /home/rai-m/robosys/build/fight/build/lib/fight
[1.496s] running install
[1.497s] running install_lib
[1.497s] copying /home/rai-m/robosys/build/fight/build/lib/fight/fightClient.py -> /home/rai-m/robosys/install/fight/lib/python3.10/site-packages/fight
[1.498s] byte-compiling /home/rai-m/robosys/install/fight/lib/python3.10/site-packages/fight/fightServer2.py to fightServer2.cpython-310.pyc
[1.500s] Sorry: IndentationError: expected an indented block after 'if' statement on line 116 (fightServer2.py, line 122)
[1.500s] byte-compiling /home/rai-m/robosys/install/fight/lib/python3.10/site-packages/fight/fightClient.py to fightClient.cpython-310.pyc
[1.501s] byte-compiling /home/rai-m/robosys/install/fight/lib/python3.10/site-packages/fight/fighterClient.py to fighterClient.cpython-310.pyc
[1.501s] running install_data
[1.502s] Sorry: IndentationError: expected an indented block after function definition on line 14 (fighterClient.py, line 18)
[1.502s] running install_egg_info
[1.503s] removing '/home/rai-m/robosys/install/fight/lib/python3.10/site-packages/fight-0.0.0-py3.10.egg-info' (and everything under it)
[1.504s] Copying ../../build/fight/fight.egg-info to /home/rai-m/robosys/install/fight/lib/python3.10/site-packages/fight-0.0.0-py3.10.egg-info
[1.506s] running install_scripts
[1.534s] Installing fightCli script to /home/rai-m/robosys/install/fight/lib/fight
[1.534s] Installing fightGui script to /home/rai-m/robosys/install/fight/lib/fight
[1.534s] Installing fightSv script to /home/rai-m/robosys/install/fight/lib/fight
[1.534s] writing list of installed files to '/home/rai-m/robosys/build/fight/install.log'
[1.560s] Invoked command in '/home/rai-m/robosys/src/fight' returned '0': PYTHONPATH=/home/rai-m/robosys/build/fight/prefix_override:/usr/lib/python3/dist-packages/colcon_core/task/python/colcon_distutils_commands:/home/rai-m/robosys/install/fight/lib/python3.10/site-packages:${PYTHONPATH} /usr/bin/python3 -W ignore:setup.py install is deprecated -W ignore:easy_install command is deprecated setup.py egg_info --egg-base ../../build/fight build --build-base /home/rai-m/robosys/build/fight/build install --record /home/rai-m/robosys/build/fight/install.log --single-version-externally-managed install_data
