[1.475s] Invoking command in '/home/rai-m/robosys/src/fight': PYTHONPATH=/home/rai-m/robosys/build/fight/prefix_override:/usr/lib/python3/dist-packages/colcon_core/task/python/colcon_distutils_commands:/home/rai-m/robosys/install/fight/lib/python3.10/site-packages:${PYTHONPATH} /usr/bin/python3 -W ignore:setup.py install is deprecated -W ignore:easy_install command is deprecated setup.py egg_info --egg-base ../../build/fight build --build-base /home/rai-m/robosys/build/fight/build install --record /home/rai-m/robosys/build/fight/install.log --single-version-externally-managed install_data
[1.741s] running egg_info
[1.751s] writing ../../build/fight/fight.egg-info/PKG-INFO
[1.751s] writing dependency_links to ../../build/fight/fight.egg-info/dependency_links.txt
[1.753s] writing entry points to ../../build/fight/fight.egg-info/entry_points.txt
[1.753s] writing requirements to ../../build/fight/fight.egg-info/requires.txt
[1.753s] writing top-level names to ../../build/fight/fight.egg-info/top_level.txt
[1.755s] reading manifest file '../../build/fight/fight.egg-info/SOURCES.txt'
[1.757s] adding license file 'LICENSE'
[1.758s] writing manifest file '../../build/fight/fight.egg-info/SOURCES.txt'
[1.759s] running build
[1.759s] running build_py
[1.759s] copying fight/fightServer2.py -> /home/rai-m/robosys/build/fight/build/lib/fight
[1.761s] copying fight/class001.py -> /home/rai-m/robosys/build/fight/build/lib/fight
[1.764s] running install
[1.764s] running install_lib
[1.765s] copying /home/rai-m/robosys/build/fight/build/lib/fight/fightServer2.py -> /home/rai-m/robosys/install/fight/lib/python3.10/site-packages/fight
[1.766s] copying /home/rai-m/robosys/build/fight/build/lib/fight/class001.py -> /home/rai-m/robosys/install/fight/lib/python3.10/site-packages/fight
[1.767s] byte-compiling /home/rai-m/robosys/install/fight/lib/python3.10/site-packages/fight/fightServer2.py to fightServer2.cpython-310.pyc
[1.770s] byte-compiling /home/rai-m/robosys/install/fight/lib/python3.10/site-packages/fight/fighterClient.py to fighterClient.cpython-310.pyc
[1.770s] Sorry: IndentationError: expected an indented block after 'if' statement on line 116 (fightServer2.py, line 122)
[1.771s] byte-compiling /home/rai-m/robosys/install/fight/lib/python3.10/site-packages/fight/fighter.py to fighter.cpython-310.pyc
[1.771s] Sorry: IndentationError: expected an indented block after function definition on line 14 (fighterClient.py, line 18)
[1.772s] byte-compiling /home/rai-m/robosys/install/fight/lib/python3.10/site-packages/fight/class001.py to class001.cpython-310.pyc
[1.773s]   File "/home/rai-m/robosys/install/fight/lib/python3.10/site-packages/fight/fighter.py", line 21
[1.773s]     class 
[1.773s]           ^
[1.773s] SyntaxError: invalid syntax
[1.773s] 
[1.774s] running install_data
[1.775s] running install_egg_info
[1.776s] removing '/home/rai-m/robosys/install/fight/lib/python3.10/site-packages/fight-0.0.0-py3.10.egg-info' (and everything under it)
[1.776s] Copying ../../build/fight/fight.egg-info to /home/rai-m/robosys/install/fight/lib/python3.10/site-packages/fight-0.0.0-py3.10.egg-info
[1.781s] running install_scripts
[1.802s] Installing fightCli script to /home/rai-m/robosys/install/fight/lib/fight
[1.803s] Installing fightGui script to /home/rai-m/robosys/install/fight/lib/fight
[1.804s] Installing fightSv script to /home/rai-m/robosys/install/fight/lib/fight
[1.805s] writing list of installed files to '/home/rai-m/robosys/build/fight/install.log'
[1.831s] Invoked command in '/home/rai-m/robosys/src/fight' returned '0': PYTHONPATH=/home/rai-m/robosys/build/fight/prefix_override:/usr/lib/python3/dist-packages/colcon_core/task/python/colcon_distutils_commands:/home/rai-m/robosys/install/fight/lib/python3.10/site-packages:${PYTHONPATH} /usr/bin/python3 -W ignore:setup.py install is deprecated -W ignore:easy_install command is deprecated setup.py egg_info --egg-base ../../build/fight build --build-base /home/rai-m/robosys/build/fight/build install --record /home/rai-m/robosys/build/fight/install.log --single-version-externally-managed install_data
