[1.139s] Invoking command in '/home/rai-m/robosys/src/fight': PYTHONPATH=/home/rai-m/robosys/build/fight/prefix_override:/usr/lib/python3/dist-packages/colcon_core/task/python/colcon_distutils_commands:/home/rai-m/robosys/install/fight/lib/python3.10/site-packages:${PYTHONPATH} /usr/bin/python3 -W ignore:setup.py install is deprecated -W ignore:easy_install command is deprecated setup.py egg_info --egg-base ../../build/fight build --build-base /home/rai-m/robosys/build/fight/build install --record /home/rai-m/robosys/build/fight/install.log --single-version-externally-managed install_data
[1.438s] running egg_info
[1.439s] writing ../../build/fight/fight.egg-info/PKG-INFO
[1.439s] writing dependency_links to ../../build/fight/fight.egg-info/dependency_links.txt
[1.439s] writing entry points to ../../build/fight/fight.egg-info/entry_points.txt
[1.439s] writing requirements to ../../build/fight/fight.egg-info/requires.txt
[1.439s] writing top-level names to ../../build/fight/fight.egg-info/top_level.txt
[1.440s] reading manifest file '../../build/fight/fight.egg-info/SOURCES.txt'
[1.440s] adding license file 'LICENSE'
[1.441s] writing manifest file '../../build/fight/fight.egg-info/SOURCES.txt'
[1.441s] running build
[1.441s] running build_py
[1.441s] copying fight/fightClientK.py -> /home/rai-m/robosys/build/fight/build/lib/fight
[1.441s] copying fight/fightServerK.py -> /home/rai-m/robosys/build/fight/build/lib/fight
[1.442s] running install
[1.443s] running install_lib
[1.444s] copying /home/rai-m/robosys/build/fight/build/lib/fight/fightClientK.py -> /home/rai-m/robosys/install/fight/lib/python3.10/site-packages/fight
[1.445s] copying /home/rai-m/robosys/build/fight/build/lib/fight/fightServerK.py -> /home/rai-m/robosys/install/fight/lib/python3.10/site-packages/fight
[1.447s] byte-compiling /home/rai-m/robosys/install/fight/lib/python3.10/site-packages/fight/fightClientK.py to fightClientK.cpython-310.pyc
[1.453s] byte-compiling /home/rai-m/robosys/install/fight/lib/python3.10/site-packages/fight/fightServerK.py to fightServerK.cpython-310.pyc
[1.456s] running install_data
[1.457s] running install_egg_info
[1.460s] removing '/home/rai-m/robosys/install/fight/lib/python3.10/site-packages/fight-0.0.0-py3.10.egg-info' (and everything under it)
[1.461s] Copying ../../build/fight/fight.egg-info to /home/rai-m/robosys/install/fight/lib/python3.10/site-packages/fight-0.0.0-py3.10.egg-info
[1.461s] running install_scripts
[1.502s] Installing fightCli script to /home/rai-m/robosys/install/fight/lib/fight
[1.502s] Installing fightGui script to /home/rai-m/robosys/install/fight/lib/fight
[1.502s] Installing fightSv script to /home/rai-m/robosys/install/fight/lib/fight
[1.502s] writing list of installed files to '/home/rai-m/robosys/build/fight/install.log'
[1.531s] Invoked command in '/home/rai-m/robosys/src/fight' returned '0': PYTHONPATH=/home/rai-m/robosys/build/fight/prefix_override:/usr/lib/python3/dist-packages/colcon_core/task/python/colcon_distutils_commands:/home/rai-m/robosys/install/fight/lib/python3.10/site-packages:${PYTHONPATH} /usr/bin/python3 -W ignore:setup.py install is deprecated -W ignore:easy_install command is deprecated setup.py egg_info --egg-base ../../build/fight build --build-base /home/rai-m/robosys/build/fight/build install --record /home/rai-m/robosys/build/fight/install.log --single-version-externally-managed install_data
