[0.550s] Invoking command in '/home/rai-m/robosys/src/fight': PYTHONPATH=/home/rai-m/robosys/build/fight/prefix_override:/usr/lib/python3/dist-packages/colcon_core/task/python/colcon_distutils_commands:/home/rai-m/robosys/install/fight/lib/python3.10/site-packages:${PYTHONPATH} /usr/bin/python3 -W ignore:setup.py install is deprecated -W ignore:easy_install command is deprecated setup.py egg_info --egg-base ../../build/fight build --build-base /home/rai-m/robosys/build/fight/build install --record /home/rai-m/robosys/build/fight/install.log --single-version-externally-managed install_data
[0.700s] running egg_info
[0.701s] writing ../../build/fight/fight.egg-info/PKG-INFO
[0.702s] writing dependency_links to ../../build/fight/fight.egg-info/dependency_links.txt
[0.704s] writing entry points to ../../build/fight/fight.egg-info/entry_points.txt
[0.704s] writing requirements to ../../build/fight/fight.egg-info/requires.txt
[0.705s] writing top-level names to ../../build/fight/fight.egg-info/top_level.txt
[0.705s] reading manifest file '../../build/fight/fight.egg-info/SOURCES.txt'
[0.705s] adding license file 'LICENSE'
[0.705s] writing manifest file '../../build/fight/fight.egg-info/SOURCES.txt'
[0.706s] running build
[0.706s] running build_py
[0.706s] copying fight/fighter.py -> /home/rai-m/robosys/build/fight/build/lib/fight
[0.706s] running install
[0.706s] running install_lib
[0.707s] copying /home/rai-m/robosys/build/fight/build/lib/fight/fighter.py -> /home/rai-m/robosys/install/fight/lib/python3.10/site-packages/fight
[0.707s] byte-compiling /home/rai-m/robosys/install/fight/lib/python3.10/site-packages/fight/fighter.py to fighter.cpython-310.pyc
[0.708s] running install_data
[0.708s] running install_egg_info
[0.709s] removing '/home/rai-m/robosys/install/fight/lib/python3.10/site-packages/fight-0.0.0-py3.10.egg-info' (and everything under it)
[0.709s] Copying ../../build/fight/fight.egg-info to /home/rai-m/robosys/install/fight/lib/python3.10/site-packages/fight-0.0.0-py3.10.egg-info
[0.710s] running install_scripts
[0.724s] Installing fightSv script to /home/rai-m/robosys/install/fight/lib/fight
[0.724s] Installing fighter script to /home/rai-m/robosys/install/fight/lib/fight
[0.724s] writing list of installed files to '/home/rai-m/robosys/build/fight/install.log'
[0.740s] Invoked command in '/home/rai-m/robosys/src/fight' returned '0': PYTHONPATH=/home/rai-m/robosys/build/fight/prefix_override:/usr/lib/python3/dist-packages/colcon_core/task/python/colcon_distutils_commands:/home/rai-m/robosys/install/fight/lib/python3.10/site-packages:${PYTHONPATH} /usr/bin/python3 -W ignore:setup.py install is deprecated -W ignore:easy_install command is deprecated setup.py egg_info --egg-base ../../build/fight build --build-base /home/rai-m/robosys/build/fight/build install --record /home/rai-m/robosys/build/fight/install.log --single-version-externally-managed install_data
