[1.574s] Invoking command in '/home/rai-m/robosys/src/fight': PYTHONPATH=/home/rai-m/robosys/build/fight/prefix_override:/usr/lib/python3/dist-packages/colcon_core/task/python/colcon_distutils_commands:/home/rai-m/robosys/install/fight/lib/python3.10/site-packages:${PYTHONPATH} /usr/bin/python3 -W ignore:setup.py install is deprecated -W ignore:easy_install command is deprecated setup.py egg_info --egg-base ../../build/fight build --build-base /home/rai-m/robosys/build/fight/build install --record /home/rai-m/robosys/build/fight/install.log --single-version-externally-managed install_data
[1.856s] running egg_info
[1.856s] writing ../../build/fight/fight.egg-info/PKG-INFO
[1.858s] writing dependency_links to ../../build/fight/fight.egg-info/dependency_links.txt
[1.860s] writing entry points to ../../build/fight/fight.egg-info/entry_points.txt
[1.863s] writing requirements to ../../build/fight/fight.egg-info/requires.txt
[1.863s] writing top-level names to ../../build/fight/fight.egg-info/top_level.txt
[1.864s] reading manifest file '../../build/fight/fight.egg-info/SOURCES.txt'
[1.865s] adding license file 'LICENSE'
[1.867s] writing manifest file '../../build/fight/fight.egg-info/SOURCES.txt'
[1.867s] running build
[1.867s] running build_py
[1.867s] copying fight/fightServer2.py -> /home/rai-m/robosys/build/fight/build/lib/fight
[1.869s] copying fight/class001.py -> /home/rai-m/robosys/build/fight/build/lib/fight
[1.870s] copying fight/game_gui.py -> /home/rai-m/robosys/build/fight/build/lib/fight
[1.870s] running install
[1.871s] running install_lib
[1.871s] copying /home/rai-m/robosys/build/fight/build/lib/fight/fightServer2.py -> /home/rai-m/robosys/install/fight/lib/python3.10/site-packages/fight
[1.872s] copying /home/rai-m/robosys/build/fight/build/lib/fight/class001.py -> /home/rai-m/robosys/install/fight/lib/python3.10/site-packages/fight
[1.872s] copying /home/rai-m/robosys/build/fight/build/lib/fight/game_gui.py -> /home/rai-m/robosys/install/fight/lib/python3.10/site-packages/fight
[1.872s] byte-compiling /home/rai-m/robosys/install/fight/lib/python3.10/site-packages/fight/fightServer2.py to fightServer2.cpython-310.pyc
[1.873s] Sorry: IndentationError: unexpected indent (fightServer2.py, line 38)
[1.873s] byte-compiling /home/rai-m/robosys/install/fight/lib/python3.10/site-packages/fight/fighterClient.py to fighterClient.cpython-310.pyc
[1.874s] Sorry: IndentationError: expected an indented block after function definition on line 14 (fighterClient.py, line 18)
[1.874s] byte-compiling /home/rai-m/robosys/install/fight/lib/python3.10/site-packages/fight/fighter.py to fighter.cpython-310.pyc
[1.874s]   File "/home/rai-m/robosys/install/fight/lib/python3.10/site-packages/fight/fighter.py", line 21
[1.874s]     class 
[1.875s]           ^
[1.875s] SyntaxError: invalid syntax
[1.875s] 
[1.875s] byte-compiling /home/rai-m/robosys/install/fight/lib/python3.10/site-packages/fight/class001.py to class001.cpython-310.pyc
[1.875s] byte-compiling /home/rai-m/robosys/install/fight/lib/python3.10/site-packages/fight/game_gui.py to game_gui.cpython-310.pyc
[1.876s]   File "/home/rai-m/robosys/install/fight/lib/python3.10/site-packages/fight/class001.py", line 2
[1.876s]     def __init__(self, Pname, Pnum, monsters, Php, Pspeed, Pattack, Pdefense)
[1.876s]                                                                              ^
[1.876s] SyntaxError: expected ':'
[1.876s] 
[1.881s] running install_data
[1.881s] running install_egg_info
[1.883s] removing '/home/rai-m/robosys/install/fight/lib/python3.10/site-packages/fight-0.0.0-py3.10.egg-info' (and everything under it)
[1.884s] Copying ../../build/fight/fight.egg-info to /home/rai-m/robosys/install/fight/lib/python3.10/site-packages/fight-0.0.0-py3.10.egg-info
[1.887s] running install_scripts
[1.908s] Installing fightGui script to /home/rai-m/robosys/install/fight/lib/fight
[1.908s] Installing fightSv script to /home/rai-m/robosys/install/fight/lib/fight
[1.908s] Installing fighter script to /home/rai-m/robosys/install/fight/lib/fight
[1.909s] writing list of installed files to '/home/rai-m/robosys/build/fight/install.log'
[1.935s] Invoked command in '/home/rai-m/robosys/src/fight' returned '0': PYTHONPATH=/home/rai-m/robosys/build/fight/prefix_override:/usr/lib/python3/dist-packages/colcon_core/task/python/colcon_distutils_commands:/home/rai-m/robosys/install/fight/lib/python3.10/site-packages:${PYTHONPATH} /usr/bin/python3 -W ignore:setup.py install is deprecated -W ignore:easy_install command is deprecated setup.py egg_info --egg-base ../../build/fight build --build-base /home/rai-m/robosys/build/fight/build install --record /home/rai-m/robosys/build/fight/install.log --single-version-externally-managed install_data
