[0.999s] Invoking command in '/home/rai-m/robosys/src/fight': PYTHONPATH=/home/rai-m/robosys/build/fight/prefix_override:/usr/lib/python3/dist-packages/colcon_core/task/python/colcon_distutils_commands:/home/rai-m/robosys/install/fight/lib/python3.10/site-packages:${PYTHONPATH} /usr/bin/python3 -W ignore:setup.py install is deprecated -W ignore:easy_install command is deprecated setup.py egg_info --egg-base ../../build/fight build --build-base /home/rai-m/robosys/build/fight/build install --record /home/rai-m/robosys/build/fight/install.log --single-version-externally-managed install_data
[1.256s] running egg_info
[1.256s] writing ../../build/fight/fight.egg-info/PKG-INFO
[1.257s] writing dependency_links to ../../build/fight/fight.egg-info/dependency_links.txt
[1.258s] writing entry points to ../../build/fight/fight.egg-info/entry_points.txt
[1.259s] writing requirements to ../../build/fight/fight.egg-info/requires.txt
[1.259s] writing top-level names to ../../build/fight/fight.egg-info/top_level.txt
[1.261s] reading manifest file '../../build/fight/fight.egg-info/SOURCES.txt'
[1.261s] adding license file 'LICENSE'
[1.262s] writing manifest file '../../build/fight/fight.egg-info/SOURCES.txt'
[1.263s] running build
[1.263s] running build_py
[1.263s] running install
[1.264s] running install_lib
[1.266s] byte-compiling /home/rai-m/robosys/install/fight/lib/python3.10/site-packages/fight/fightServer2.py to fightServer2.cpython-310.pyc
[1.268s] byte-compiling /home/rai-m/robosys/install/fight/lib/python3.10/site-packages/fight/fighterClient.py to fighterClient.cpython-310.pyc
[1.268s] Sorry: IndentationError: unexpected indent (fightServer2.py, line 38)
[1.268s] Sorry: IndentationError: expected an indented block after function definition on line 14 (fighterClient.py, line 18)
[1.268s] byte-compiling /home/rai-m/robosys/install/fight/lib/python3.10/site-packages/fight/fighter.py to fighter.cpython-310.pyc
[1.268s] byte-compiling /home/rai-m/robosys/install/fight/lib/python3.10/site-packages/fight/class001.py to class001.cpython-310.pyc
[1.268s] running install_data
[1.268s]   File "/home/rai-m/robosys/install/fight/lib/python3.10/site-packages/fight/fighter.py", line 21
[1.268s]     class 
[1.268s]           ^
[1.268s] SyntaxError: invalid syntax
[1.268s] 
[1.269s]   File "/home/rai-m/robosys/install/fight/lib/python3.10/site-packages/fight/class001.py", line 2
[1.269s]     def __init__(self, Pname, Pnum, monsters, Php, Pspeed, Pattack, Pdefense)
[1.269s]                                                                              ^
[1.269s] SyntaxError: expected ':'
[1.269s] 
[1.269s] running install_egg_info
[1.270s] removing '/home/rai-m/robosys/install/fight/lib/python3.10/site-packages/fight-0.0.0-py3.10.egg-info' (and everything under it)
[1.271s] Copying ../../build/fight/fight.egg-info to /home/rai-m/robosys/install/fight/lib/python3.10/site-packages/fight-0.0.0-py3.10.egg-info
[1.274s] running install_scripts
[1.300s] Installing fightCli script to /home/rai-m/robosys/install/fight/lib/fight
[1.300s] Installing fightGui script to /home/rai-m/robosys/install/fight/lib/fight
[1.300s] Installing fightSv script to /home/rai-m/robosys/install/fight/lib/fight
[1.301s] writing list of installed files to '/home/rai-m/robosys/build/fight/install.log'
[1.330s] Invoked command in '/home/rai-m/robosys/src/fight' returned '0': PYTHONPATH=/home/rai-m/robosys/build/fight/prefix_override:/usr/lib/python3/dist-packages/colcon_core/task/python/colcon_distutils_commands:/home/rai-m/robosys/install/fight/lib/python3.10/site-packages:${PYTHONPATH} /usr/bin/python3 -W ignore:setup.py install is deprecated -W ignore:easy_install command is deprecated setup.py egg_info --egg-base ../../build/fight build --build-base /home/rai-m/robosys/build/fight/build install --record /home/rai-m/robosys/build/fight/install.log --single-version-externally-managed install_data
