[0.252s] DEBUG:colcon:Command line arguments: ['/usr/bin/colcon', 'build']
[0.253s] DEBUG:colcon:Parsed command line arguments: Namespace(log_base=None, log_level=None, verb_name='build', build_base='build', install_base='install', merge_install=False, symlink_install=False, test_result_base=None, continue_on_error=False, executor='parallel', parallel_workers=22, event_handlers=None, ignore_user_meta=False, metas=['./colcon.meta'], base_paths=['.'], packages_ignore=None, packages_ignore_regex=None, paths=None, packages_up_to=None, packages_up_to_regex=None, packages_above=None, packages_above_and_dependencies=None, packages_above_depth=None, packages_select_by_dep=None, packages_skip_by_dep=None, packages_skip_up_to=None, packages_select_build_failed=False, packages_skip_build_finished=False, packages_select_test_failures=False, packages_skip_test_passed=False, packages_select=None, packages_skip=None, packages_select_regex=None, packages_skip_regex=None, packages_start=None, packages_end=None, allow_overriding=[], cmake_args=None, cmake_target=None, cmake_target_skip_unavailable=False, cmake_clean_cache=False, cmake_clean_first=False, cmake_force_configure=False, ament_cmake_args=None, catkin_cmake_args=None, catkin_skip_building_tests=False, verb_parser=<colcon_defaults.argument_parser.defaults.DefaultArgumentsDecorator object at 0x7634d9555d20>, verb_extension=<colcon_core.verb.build.BuildVerb object at 0x7634d9555810>, main=<bound method BuildVerb.main of <colcon_core.verb.build.BuildVerb object at 0x7634d9555810>>)
[0.424s] Level 1:colcon.colcon_core.package_discovery:discover_packages(colcon_meta) check parameters
[0.425s] Level 1:colcon.colcon_core.package_discovery:discover_packages(recursive) check parameters
[0.425s] Level 1:colcon.colcon_core.package_discovery:discover_packages(ignore) check parameters
[0.425s] Level 1:colcon.colcon_core.package_discovery:discover_packages(path) check parameters
[0.425s] Level 1:colcon.colcon_core.package_discovery:discover_packages(colcon_meta) discover
[0.425s] Level 1:colcon.colcon_core.package_discovery:discover_packages(recursive) discover
[0.425s] INFO:colcon.colcon_core.package_discovery:Crawling recursively for packages in '/home/rai-m/robosys'
[0.425s] Level 1:colcon.colcon_core.package_identification:_identify(.) by extensions ['ignore', 'ignore_ament_install']
[0.426s] Level 1:colcon.colcon_core.package_identification:_identify(.) by extension 'ignore'
[0.426s] Level 1:colcon.colcon_core.package_identification:_identify(.) by extension 'ignore_ament_install'
[0.426s] Level 1:colcon.colcon_core.package_identification:_identify(.) by extensions ['colcon_pkg']
[0.426s] Level 1:colcon.colcon_core.package_identification:_identify(.) by extension 'colcon_pkg'
[0.426s] Level 1:colcon.colcon_core.package_identification:_identify(.) by extensions ['colcon_meta']
[0.426s] Level 1:colcon.colcon_core.package_identification:_identify(.) by extension 'colcon_meta'
[0.426s] Level 1:colcon.colcon_core.package_identification:_identify(.) by extensions ['ros']
[0.426s] Level 1:colcon.colcon_core.package_identification:_identify(.) by extension 'ros'
[0.438s] Level 1:colcon.colcon_core.package_identification:_identify(.) by extensions ['cmake', 'python']
[0.439s] Level 1:colcon.colcon_core.package_identification:_identify(.) by extension 'cmake'
[0.439s] Level 1:colcon.colcon_core.package_identification:_identify(.) by extension 'python'
[0.439s] Level 1:colcon.colcon_core.package_identification:_identify(.) by extensions ['python_setup_py']
[0.439s] Level 1:colcon.colcon_core.package_identification:_identify(.) by extension 'python_setup_py'
[0.439s] Level 1:colcon.colcon_core.package_identification:_identify(build) by extensions ['ignore', 'ignore_ament_install']
[0.439s] Level 1:colcon.colcon_core.package_identification:_identify(build) by extension 'ignore'
[0.440s] Level 1:colcon.colcon_core.package_identification:_identify(build) ignored
[0.440s] Level 1:colcon.colcon_core.package_identification:_identify(install) by extensions ['ignore', 'ignore_ament_install']
[0.440s] Level 1:colcon.colcon_core.package_identification:_identify(install) by extension 'ignore'
[0.440s] Level 1:colcon.colcon_core.package_identification:_identify(install) ignored
[0.440s] Level 1:colcon.colcon_core.package_identification:_identify(log) by extensions ['ignore', 'ignore_ament_install']
[0.440s] Level 1:colcon.colcon_core.package_identification:_identify(log) by extension 'ignore'
[0.441s] Level 1:colcon.colcon_core.package_identification:_identify(log) ignored
[0.441s] Level 1:colcon.colcon_core.package_identification:_identify(src) by extensions ['ignore', 'ignore_ament_install']
[0.441s] Level 1:colcon.colcon_core.package_identification:_identify(src) by extension 'ignore'
[0.441s] Level 1:colcon.colcon_core.package_identification:_identify(src) by extension 'ignore_ament_install'
[0.441s] Level 1:colcon.colcon_core.package_identification:_identify(src) by extensions ['colcon_pkg']
[0.441s] Level 1:colcon.colcon_core.package_identification:_identify(src) by extension 'colcon_pkg'
[0.441s] Level 1:colcon.colcon_core.package_identification:_identify(src) by extensions ['colcon_meta']
[0.441s] Level 1:colcon.colcon_core.package_identification:_identify(src) by extension 'colcon_meta'
[0.441s] Level 1:colcon.colcon_core.package_identification:_identify(src) by extensions ['ros']
[0.442s] Level 1:colcon.colcon_core.package_identification:_identify(src) by extension 'ros'
[0.442s] Level 1:colcon.colcon_core.package_identification:_identify(src) by extensions ['cmake', 'python']
[0.442s] Level 1:colcon.colcon_core.package_identification:_identify(src) by extension 'cmake'
[0.442s] Level 1:colcon.colcon_core.package_identification:_identify(src) by extension 'python'
[0.442s] Level 1:colcon.colcon_core.package_identification:_identify(src) by extensions ['python_setup_py']
[0.442s] Level 1:colcon.colcon_core.package_identification:_identify(src) by extension 'python_setup_py'
[0.442s] Level 1:colcon.colcon_core.package_identification:_identify(src/fight) by extensions ['ignore', 'ignore_ament_install']
[0.442s] Level 1:colcon.colcon_core.package_identification:_identify(src/fight) by extension 'ignore'
[0.442s] Level 1:colcon.colcon_core.package_identification:_identify(src/fight) by extension 'ignore_ament_install'
[0.442s] Level 1:colcon.colcon_core.package_identification:_identify(src/fight) by extensions ['colcon_pkg']
[0.443s] Level 1:colcon.colcon_core.package_identification:_identify(src/fight) by extension 'colcon_pkg'
[0.443s] Level 1:colcon.colcon_core.package_identification:_identify(src/fight) by extensions ['colcon_meta']
[0.443s] Level 1:colcon.colcon_core.package_identification:_identify(src/fight) by extension 'colcon_meta'
[0.443s] Level 1:colcon.colcon_core.package_identification:_identify(src/fight) by extensions ['ros']
[0.443s] Level 1:colcon.colcon_core.package_identification:_identify(src/fight) by extension 'ros'
[0.446s] DEBUG:colcon.colcon_core.package_identification:Package 'src/fight' with type 'ros.ament_python' and name 'fight'
[0.446s] Level 1:colcon.colcon_core.package_identification:_identify(src/rsysmsg) by extensions ['ignore', 'ignore_ament_install']
[0.446s] Level 1:colcon.colcon_core.package_identification:_identify(src/rsysmsg) by extension 'ignore'
[0.446s] Level 1:colcon.colcon_core.package_identification:_identify(src/rsysmsg) by extension 'ignore_ament_install'
[0.446s] Level 1:colcon.colcon_core.package_identification:_identify(src/rsysmsg) by extensions ['colcon_pkg']
[0.447s] Level 1:colcon.colcon_core.package_identification:_identify(src/rsysmsg) by extension 'colcon_pkg'
[0.447s] Level 1:colcon.colcon_core.package_identification:_identify(src/rsysmsg) by extensions ['colcon_meta']
[0.447s] Level 1:colcon.colcon_core.package_identification:_identify(src/rsysmsg) by extension 'colcon_meta'
[0.447s] Level 1:colcon.colcon_core.package_identification:_identify(src/rsysmsg) by extensions ['ros']
[0.447s] Level 1:colcon.colcon_core.package_identification:_identify(src/rsysmsg) by extension 'ros'
[0.448s] DEBUG:colcon.colcon_core.package_identification:Package 'src/rsysmsg' with type 'ros.ament_cmake' and name 'rsysmsg'
[0.448s] Level 1:colcon.colcon_core.package_discovery:discover_packages(recursive) using defaults
[0.448s] Level 1:colcon.colcon_core.package_discovery:discover_packages(ignore) discover
[0.449s] Level 1:colcon.colcon_core.package_discovery:discover_packages(ignore) using defaults
[0.449s] Level 1:colcon.colcon_core.package_discovery:discover_packages(path) discover
[0.449s] Level 1:colcon.colcon_core.package_discovery:discover_packages(path) using defaults
[0.471s] Level 1:colcon.colcon_core.package_discovery:discover_packages(prefix_path) check parameters
[0.471s] Level 1:colcon.colcon_core.package_discovery:discover_packages(prefix_path) discover
[0.473s] DEBUG:colcon.colcon_installed_package_information.package_discovery:Found 2 installed packages in /home/rai-m/robosys/install
[0.473s] DEBUG:colcon.colcon_installed_package_information.package_discovery:Found 1 installed packages in /home/rai-m/mlr01_ws/install
[0.474s] DEBUG:colcon.colcon_installed_package_information.package_discovery:Found 11 installed packages in /home/rai-m/test1_ws/install
[0.476s] DEBUG:colcon.colcon_installed_package_information.package_discovery:Found 271 installed packages in /opt/ros/humble
[0.488s] Level 1:colcon.colcon_core.package_discovery:discover_packages(prefix_path) using defaults
[0.526s] Level 5:colcon.colcon_core.verb:set package 'rsysmsg' build argument 'cmake_args' from command line to 'None'
[0.526s] Level 5:colcon.colcon_core.verb:set package 'rsysmsg' build argument 'cmake_target' from command line to 'None'
[0.526s] Level 5:colcon.colcon_core.verb:set package 'rsysmsg' build argument 'cmake_target_skip_unavailable' from command line to 'False'
[0.526s] Level 5:colcon.colcon_core.verb:set package 'rsysmsg' build argument 'cmake_clean_cache' from command line to 'False'
[0.526s] Level 5:colcon.colcon_core.verb:set package 'rsysmsg' build argument 'cmake_clean_first' from command line to 'False'
[0.526s] Level 5:colcon.colcon_core.verb:set package 'rsysmsg' build argument 'cmake_force_configure' from command line to 'False'
[0.526s] Level 5:colcon.colcon_core.verb:set package 'rsysmsg' build argument 'ament_cmake_args' from command line to 'None'
[0.526s] Level 5:colcon.colcon_core.verb:set package 'rsysmsg' build argument 'catkin_cmake_args' from command line to 'None'
[0.526s] Level 5:colcon.colcon_core.verb:set package 'rsysmsg' build argument 'catkin_skip_building_tests' from command line to 'False'
[0.526s] DEBUG:colcon.colcon_core.verb:Building package 'rsysmsg' with the following arguments: {'ament_cmake_args': None, 'build_base': '/home/rai-m/robosys/build/rsysmsg', 'catkin_cmake_args': None, 'catkin_skip_building_tests': False, 'cmake_args': None, 'cmake_clean_cache': False, 'cmake_clean_first': False, 'cmake_force_configure': False, 'cmake_target': None, 'cmake_target_skip_unavailable': False, 'install_base': '/home/rai-m/robosys/install/rsysmsg', 'merge_install': False, 'path': '/home/rai-m/robosys/src/rsysmsg', 'symlink_install': False, 'test_result_base': None}
[0.527s] Level 5:colcon.colcon_core.verb:set package 'fight' build argument 'cmake_args' from command line to 'None'
[0.527s] Level 5:colcon.colcon_core.verb:set package 'fight' build argument 'cmake_target' from command line to 'None'
[0.527s] Level 5:colcon.colcon_core.verb:set package 'fight' build argument 'cmake_target_skip_unavailable' from command line to 'False'
[0.527s] Level 5:colcon.colcon_core.verb:set package 'fight' build argument 'cmake_clean_cache' from command line to 'False'
[0.527s] Level 5:colcon.colcon_core.verb:set package 'fight' build argument 'cmake_clean_first' from command line to 'False'
[0.527s] Level 5:colcon.colcon_core.verb:set package 'fight' build argument 'cmake_force_configure' from command line to 'False'
[0.527s] Level 5:colcon.colcon_core.verb:set package 'fight' build argument 'ament_cmake_args' from command line to 'None'
[0.527s] Level 5:colcon.colcon_core.verb:set package 'fight' build argument 'catkin_cmake_args' from command line to 'None'
[0.527s] Level 5:colcon.colcon_core.verb:set package 'fight' build argument 'catkin_skip_building_tests' from command line to 'False'
[0.527s] DEBUG:colcon.colcon_core.verb:Building package 'fight' with the following arguments: {'ament_cmake_args': None, 'build_base': '/home/rai-m/robosys/build/fight', 'catkin_cmake_args': None, 'catkin_skip_building_tests': False, 'cmake_args': None, 'cmake_clean_cache': False, 'cmake_clean_first': False, 'cmake_force_configure': False, 'cmake_target': None, 'cmake_target_skip_unavailable': False, 'install_base': '/home/rai-m/robosys/install/fight', 'merge_install': False, 'path': '/home/rai-m/robosys/src/fight', 'symlink_install': False, 'test_result_base': None}
[0.528s] INFO:colcon.colcon_core.executor:Executing jobs using 'parallel' executor
[0.529s] DEBUG:colcon.colcon_parallel_executor.executor.parallel:run_until_complete
[0.530s] INFO:colcon.colcon_ros.task.ament_cmake.build:Building ROS package in '/home/rai-m/robosys/src/rsysmsg' with build type 'ament_cmake'
[0.531s] INFO:colcon.colcon_cmake.task.cmake.build:Building CMake package in '/home/rai-m/robosys/src/rsysmsg'
[0.533s] INFO:colcon.colcon_core.plugin_system:Skipping extension 'colcon_core.shell.bat': Not used on non-Windows systems
[0.534s] INFO:colcon.colcon_core.shell:Skip shell extension 'powershell' for command environment: Not usable outside of PowerShell
[0.534s] DEBUG:colcon.colcon_core.shell:Skip shell extension 'dsv' for command environment
[0.558s] DEBUG:colcon.colcon_core.event_handler.log_command:Invoking command in '/home/rai-m/robosys/build/rsysmsg': CMAKE_PREFIX_PATH=${CMAKE_PREFIX_PATH}:/home/rai-m/robosys/install/fight:/home/rai-m/mlr01_ws/install/lp01:/home/rai-m/test1_ws/install/robo02:/home/rai-m/test1_ws/install/robo01:/home/rai-m/test1_ws/install/py_pubsub:/home/rai-m/test1_ws/install/my_package2:/home/rai-m/test1_ws/install/my_package:/home/rai-m/test1_ws/install/multi01:/opt/ros/humble /usr/bin/cmake --build /home/rai-m/robosys/build/rsysmsg -- -j22 -l22
[1.053s] DEBUG:colcon.colcon_core.event_handler.log_command:Invoked command in '/home/rai-m/robosys/build/rsysmsg' returned '0': CMAKE_PREFIX_PATH=${CMAKE_PREFIX_PATH}:/home/rai-m/robosys/install/fight:/home/rai-m/mlr01_ws/install/lp01:/home/rai-m/test1_ws/install/robo02:/home/rai-m/test1_ws/install/robo01:/home/rai-m/test1_ws/install/py_pubsub:/home/rai-m/test1_ws/install/my_package2:/home/rai-m/test1_ws/install/my_package:/home/rai-m/test1_ws/install/multi01:/opt/ros/humble /usr/bin/cmake --build /home/rai-m/robosys/build/rsysmsg -- -j22 -l22
[1.067s] DEBUG:colcon.colcon_core.event_handler.log_command:Invoking command in '/home/rai-m/robosys/build/rsysmsg': CMAKE_PREFIX_PATH=${CMAKE_PREFIX_PATH}:/home/rai-m/robosys/install/fight:/home/rai-m/mlr01_ws/install/lp01:/home/rai-m/test1_ws/install/robo02:/home/rai-m/test1_ws/install/robo01:/home/rai-m/test1_ws/install/py_pubsub:/home/rai-m/test1_ws/install/my_package2:/home/rai-m/test1_ws/install/my_package:/home/rai-m/test1_ws/install/multi01:/opt/ros/humble /usr/bin/cmake --install /home/rai-m/robosys/build/rsysmsg
[1.147s] Level 1:colcon.colcon_core.environment:create_environment_scripts_only(rsysmsg)
[1.149s] DEBUG:colcon.colcon_core.event_handler.log_command:Invoked command in '/home/rai-m/robosys/build/rsysmsg' returned '0': CMAKE_PREFIX_PATH=${CMAKE_PREFIX_PATH}:/home/rai-m/robosys/install/fight:/home/rai-m/mlr01_ws/install/lp01:/home/rai-m/test1_ws/install/robo02:/home/rai-m/test1_ws/install/robo01:/home/rai-m/test1_ws/install/py_pubsub:/home/rai-m/test1_ws/install/my_package2:/home/rai-m/test1_ws/install/my_package:/home/rai-m/test1_ws/install/multi01:/opt/ros/humble /usr/bin/cmake --install /home/rai-m/robosys/build/rsysmsg
[1.151s] Level 1:colcon.colcon_core.environment:checking '/home/rai-m/robosys/install/rsysmsg' for CMake module files
[1.152s] Level 1:colcon.colcon_core.environment:checking '/home/rai-m/robosys/install/rsysmsg' for CMake config files
[1.152s] Level 1:colcon.colcon_core.shell:create_environment_hook('rsysmsg', 'cmake_prefix_path')
[1.153s] INFO:colcon.colcon_core.shell:Creating environment hook '/home/rai-m/robosys/install/rsysmsg/share/rsysmsg/hook/cmake_prefix_path.ps1'
[1.154s] INFO:colcon.colcon_core.shell:Creating environment descriptor '/home/rai-m/robosys/install/rsysmsg/share/rsysmsg/hook/cmake_prefix_path.dsv'
[1.154s] INFO:colcon.colcon_core.shell:Creating environment hook '/home/rai-m/robosys/install/rsysmsg/share/rsysmsg/hook/cmake_prefix_path.sh'
[1.155s] Level 1:colcon.colcon_core.environment:checking '/home/rai-m/robosys/install/rsysmsg/lib'
[1.156s] Level 1:colcon.colcon_core.shell:create_environment_hook('rsysmsg', 'ld_library_path_lib')
[1.156s] INFO:colcon.colcon_core.shell:Creating environment hook '/home/rai-m/robosys/install/rsysmsg/share/rsysmsg/hook/ld_library_path_lib.ps1'
[1.156s] INFO:colcon.colcon_core.shell:Creating environment descriptor '/home/rai-m/robosys/install/rsysmsg/share/rsysmsg/hook/ld_library_path_lib.dsv'
[1.157s] INFO:colcon.colcon_core.shell:Creating environment hook '/home/rai-m/robosys/install/rsysmsg/share/rsysmsg/hook/ld_library_path_lib.sh'
[1.157s] Level 1:colcon.colcon_core.environment:checking '/home/rai-m/robosys/install/rsysmsg/bin'
[1.158s] Level 1:colcon.colcon_core.environment:checking '/home/rai-m/robosys/install/rsysmsg/lib/pkgconfig/rsysmsg.pc'
[1.158s] Level 1:colcon.colcon_core.environment:checking '/home/rai-m/robosys/install/rsysmsg/lib/python3.10/site-packages'
[1.158s] Level 1:colcon.colcon_core.environment:checking '/home/rai-m/robosys/install/rsysmsg/bin'
[1.159s] INFO:colcon.colcon_core.shell:Creating package script '/home/rai-m/robosys/install/rsysmsg/share/rsysmsg/package.ps1'
[1.159s] INFO:colcon.colcon_core.shell:Creating package descriptor '/home/rai-m/robosys/install/rsysmsg/share/rsysmsg/package.dsv'
[1.160s] INFO:colcon.colcon_core.shell:Creating package script '/home/rai-m/robosys/install/rsysmsg/share/rsysmsg/package.sh'
[1.161s] INFO:colcon.colcon_core.shell:Creating package script '/home/rai-m/robosys/install/rsysmsg/share/rsysmsg/package.bash'
[1.162s] INFO:colcon.colcon_core.shell:Creating package script '/home/rai-m/robosys/install/rsysmsg/share/rsysmsg/package.zsh'
[1.163s] Level 1:colcon.colcon_core.environment:create_file_with_runtime_dependencies(/home/rai-m/robosys/install/rsysmsg/share/colcon-core/packages/rsysmsg)
[1.164s] Level 1:colcon.colcon_core.environment:create_environment_scripts_only(rsysmsg)
[1.164s] Level 1:colcon.colcon_core.environment:checking '/home/rai-m/robosys/install/rsysmsg' for CMake module files
[1.165s] Level 1:colcon.colcon_core.environment:checking '/home/rai-m/robosys/install/rsysmsg' for CMake config files
[1.165s] Level 1:colcon.colcon_core.shell:create_environment_hook('rsysmsg', 'cmake_prefix_path')
[1.166s] INFO:colcon.colcon_core.shell:Creating environment hook '/home/rai-m/robosys/install/rsysmsg/share/rsysmsg/hook/cmake_prefix_path.ps1'
[1.166s] INFO:colcon.colcon_core.shell:Creating environment descriptor '/home/rai-m/robosys/install/rsysmsg/share/rsysmsg/hook/cmake_prefix_path.dsv'
[1.167s] INFO:colcon.colcon_core.shell:Creating environment hook '/home/rai-m/robosys/install/rsysmsg/share/rsysmsg/hook/cmake_prefix_path.sh'
[1.168s] Level 1:colcon.colcon_core.environment:checking '/home/rai-m/robosys/install/rsysmsg/lib'
[1.168s] Level 1:colcon.colcon_core.shell:create_environment_hook('rsysmsg', 'ld_library_path_lib')
[1.168s] INFO:colcon.colcon_core.shell:Creating environment hook '/home/rai-m/robosys/install/rsysmsg/share/rsysmsg/hook/ld_library_path_lib.ps1'
[1.168s] INFO:colcon.colcon_core.shell:Creating environment descriptor '/home/rai-m/robosys/install/rsysmsg/share/rsysmsg/hook/ld_library_path_lib.dsv'
[1.169s] INFO:colcon.colcon_core.shell:Creating environment hook '/home/rai-m/robosys/install/rsysmsg/share/rsysmsg/hook/ld_library_path_lib.sh'
[1.170s] Level 1:colcon.colcon_core.environment:checking '/home/rai-m/robosys/install/rsysmsg/bin'
[1.170s] Level 1:colcon.colcon_core.environment:checking '/home/rai-m/robosys/install/rsysmsg/lib/pkgconfig/rsysmsg.pc'
[1.170s] Level 1:colcon.colcon_core.environment:checking '/home/rai-m/robosys/install/rsysmsg/lib/python3.10/site-packages'
[1.171s] Level 1:colcon.colcon_core.environment:checking '/home/rai-m/robosys/install/rsysmsg/bin'
[1.171s] INFO:colcon.colcon_core.shell:Creating package script '/home/rai-m/robosys/install/rsysmsg/share/rsysmsg/package.ps1'
[1.172s] INFO:colcon.colcon_core.shell:Creating package descriptor '/home/rai-m/robosys/install/rsysmsg/share/rsysmsg/package.dsv'
[1.173s] INFO:colcon.colcon_core.shell:Creating package script '/home/rai-m/robosys/install/rsysmsg/share/rsysmsg/package.sh'
[1.173s] INFO:colcon.colcon_core.shell:Creating package script '/home/rai-m/robosys/install/rsysmsg/share/rsysmsg/package.bash'
[1.174s] INFO:colcon.colcon_core.shell:Creating package script '/home/rai-m/robosys/install/rsysmsg/share/rsysmsg/package.zsh'
[1.174s] Level 1:colcon.colcon_core.environment:create_file_with_runtime_dependencies(/home/rai-m/robosys/install/rsysmsg/share/colcon-core/packages/rsysmsg)
[1.175s] INFO:colcon.colcon_ros.task.ament_python.build:Building ROS package in '/home/rai-m/robosys/src/fight' with build type 'ament_python'
[1.175s] Level 1:colcon.colcon_core.shell:create_environment_hook('fight', 'ament_prefix_path')
[1.176s] INFO:colcon.colcon_core.shell:Creating environment hook '/home/rai-m/robosys/install/fight/share/fight/hook/ament_prefix_path.ps1'
[1.177s] INFO:colcon.colcon_core.shell:Creating environment descriptor '/home/rai-m/robosys/install/fight/share/fight/hook/ament_prefix_path.dsv'
[1.178s] INFO:colcon.colcon_core.shell:Creating environment hook '/home/rai-m/robosys/install/fight/share/fight/hook/ament_prefix_path.sh'
[1.179s] INFO:colcon.colcon_core.shell:Skip shell extension 'powershell' for command environment: Not usable outside of PowerShell
[1.179s] DEBUG:colcon.colcon_core.shell:Skip shell extension 'dsv' for command environment
[1.729s] INFO:colcon.colcon_core.task.python.build:Building Python package in '/home/rai-m/robosys/src/fight'
[1.730s] INFO:colcon.colcon_core.shell:Skip shell extension 'powershell' for command environment: Not usable outside of PowerShell
[1.730s] DEBUG:colcon.colcon_core.shell:Skip shell extension 'dsv' for command environment
[2.364s] DEBUG:colcon.colcon_core.event_handler.log_command:Invoking command in '/home/rai-m/robosys/src/fight': PYTHONPATH=/home/rai-m/robosys/build/fight/prefix_override:/usr/lib/python3/dist-packages/colcon_core/task/python/colcon_distutils_commands:/home/rai-m/robosys/install/fight/lib/python3.10/site-packages:${PYTHONPATH} /usr/bin/python3 -W ignore:setup.py install is deprecated -W ignore:easy_install command is deprecated setup.py egg_info --egg-base ../../build/fight build --build-base /home/rai-m/robosys/build/fight/build install --record /home/rai-m/robosys/build/fight/install.log --single-version-externally-managed install_data
[2.739s] Level 1:colcon.colcon_core.environment:checking '/home/rai-m/robosys/install/fight' for CMake module files
[2.740s] DEBUG:colcon.colcon_core.event_handler.log_command:Invoked command in '/home/rai-m/robosys/src/fight' returned '0': PYTHONPATH=/home/rai-m/robosys/build/fight/prefix_override:/usr/lib/python3/dist-packages/colcon_core/task/python/colcon_distutils_commands:/home/rai-m/robosys/install/fight/lib/python3.10/site-packages:${PYTHONPATH} /usr/bin/python3 -W ignore:setup.py install is deprecated -W ignore:easy_install command is deprecated setup.py egg_info --egg-base ../../build/fight build --build-base /home/rai-m/robosys/build/fight/build install --record /home/rai-m/robosys/build/fight/install.log --single-version-externally-managed install_data
[2.741s] Level 1:colcon.colcon_core.environment:checking '/home/rai-m/robosys/install/fight' for CMake config files
[2.742s] Level 1:colcon.colcon_core.environment:checking '/home/rai-m/robosys/install/fight/lib'
[2.742s] Level 1:colcon.colcon_core.environment:checking '/home/rai-m/robosys/install/fight/bin'
[2.742s] Level 1:colcon.colcon_core.environment:checking '/home/rai-m/robosys/install/fight/lib/pkgconfig/fight.pc'
[2.742s] Level 1:colcon.colcon_core.environment:checking '/home/rai-m/robosys/install/fight/lib/python3.10/site-packages'
[2.742s] Level 1:colcon.colcon_core.shell:create_environment_hook('fight', 'pythonpath')
[2.743s] INFO:colcon.colcon_core.shell:Creating environment hook '/home/rai-m/robosys/install/fight/share/fight/hook/pythonpath.ps1'
[2.743s] INFO:colcon.colcon_core.shell:Creating environment descriptor '/home/rai-m/robosys/install/fight/share/fight/hook/pythonpath.dsv'
[2.744s] INFO:colcon.colcon_core.shell:Creating environment hook '/home/rai-m/robosys/install/fight/share/fight/hook/pythonpath.sh'
[2.745s] Level 1:colcon.colcon_core.environment:checking '/home/rai-m/robosys/install/fight/bin'
[2.745s] Level 1:colcon.colcon_core.environment:create_environment_scripts_only(fight)
[2.745s] INFO:colcon.colcon_core.shell:Creating package script '/home/rai-m/robosys/install/fight/share/fight/package.ps1'
[2.746s] INFO:colcon.colcon_core.shell:Creating package descriptor '/home/rai-m/robosys/install/fight/share/fight/package.dsv'
[2.746s] INFO:colcon.colcon_core.shell:Creating package script '/home/rai-m/robosys/install/fight/share/fight/package.sh'
[2.747s] INFO:colcon.colcon_core.shell:Creating package script '/home/rai-m/robosys/install/fight/share/fight/package.bash'
[2.748s] INFO:colcon.colcon_core.shell:Creating package script '/home/rai-m/robosys/install/fight/share/fight/package.zsh'
[2.748s] Level 1:colcon.colcon_core.environment:create_file_with_runtime_dependencies(/home/rai-m/robosys/install/fight/share/colcon-core/packages/fight)
[2.749s] DEBUG:colcon.colcon_parallel_executor.executor.parallel:closing loop
[2.749s] DEBUG:colcon.colcon_parallel_executor.executor.parallel:loop closed
[2.749s] DEBUG:colcon.colcon_parallel_executor.executor.parallel:run_until_complete finished with '0'
[2.750s] DEBUG:colcon.colcon_core.event_reactor:joining thread
[2.837s] INFO:colcon.colcon_core.plugin_system:Skipping extension 'colcon_notification.desktop_notification.notify_send': Could not find 'notify-send'
[2.838s] INFO:colcon.colcon_core.plugin_system:Skipping extension 'colcon_notification.desktop_notification.terminal_notifier': Not used on non-Darwin systems
[2.838s] INFO:colcon.colcon_core.plugin_system:Skipping extension 'colcon_notification.desktop_notification.win32': Not used on non-Windows systems
[2.838s] INFO:colcon.colcon_notification.desktop_notification:Sending desktop notification using 'notify2'
[2.839s] DEBUG:colcon.colcon_notification.desktop_notification.notify2:Failed to initialize notify2: org.freedesktop.DBus.Error.FileNotFound: Failed to connect to socket /run/user/1000/bus: No such file or directory
[2.839s] DEBUG:colcon.colcon_core.event_reactor:joined thread
[2.840s] INFO:colcon.colcon_core.shell:Creating prefix script '/home/rai-m/robosys/install/local_setup.ps1'
[2.842s] INFO:colcon.colcon_core.shell:Creating prefix util module '/home/rai-m/robosys/install/_local_setup_util_ps1.py'
[2.844s] INFO:colcon.colcon_core.shell:Creating prefix chain script '/home/rai-m/robosys/install/setup.ps1'
[2.847s] INFO:colcon.colcon_core.shell:Creating prefix script '/home/rai-m/robosys/install/local_setup.sh'
[2.849s] INFO:colcon.colcon_core.shell:Creating prefix util module '/home/rai-m/robosys/install/_local_setup_util_sh.py'
[2.852s] INFO:colcon.colcon_core.shell:Creating prefix chain script '/home/rai-m/robosys/install/setup.sh'
[2.855s] INFO:colcon.colcon_core.shell:Creating prefix script '/home/rai-m/robosys/install/local_setup.bash'
[2.856s] INFO:colcon.colcon_core.shell:Creating prefix chain script '/home/rai-m/robosys/install/setup.bash'
[2.858s] INFO:colcon.colcon_core.shell:Creating prefix script '/home/rai-m/robosys/install/local_setup.zsh'
[2.859s] INFO:colcon.colcon_core.shell:Creating prefix chain script '/home/rai-m/robosys/install/setup.zsh'
