[0.857s] DEBUG:colcon:Command line arguments: ['/usr/bin/colcon', 'build']
[0.857s] DEBUG:colcon:Parsed command line arguments: Namespace(log_base=None, log_level=None, verb_name='build', build_base='build', install_base='install', merge_install=False, symlink_install=False, test_result_base=None, continue_on_error=False, executor='parallel', parallel_workers=22, event_handlers=None, ignore_user_meta=False, metas=['./colcon.meta'], base_paths=['.'], packages_ignore=None, packages_ignore_regex=None, paths=None, packages_up_to=None, packages_up_to_regex=None, packages_above=None, packages_above_and_dependencies=None, packages_above_depth=None, packages_select_by_dep=None, packages_skip_by_dep=None, packages_skip_up_to=None, packages_select_build_failed=False, packages_skip_build_finished=False, packages_select_test_failures=False, packages_skip_test_passed=False, packages_select=None, packages_skip=None, packages_select_regex=None, packages_skip_regex=None, packages_start=None, packages_end=None, allow_overriding=[], cmake_args=None, cmake_target=None, cmake_target_skip_unavailable=False, cmake_clean_cache=False, cmake_clean_first=False, cmake_force_configure=False, ament_cmake_args=None, catkin_cmake_args=None, catkin_skip_building_tests=False, verb_parser=<colcon_defaults.argument_parser.defaults.DefaultArgumentsDecorator object at 0x7acb9284dd50>, verb_extension=<colcon_core.verb.build.BuildVerb object at 0x7acb9284d840>, main=<bound method BuildVerb.main of <colcon_core.verb.build.BuildVerb object at 0x7acb9284d840>>)
[1.340s] Level 1:colcon.colcon_core.package_discovery:discover_packages(colcon_meta) check parameters
[1.340s] Level 1:colcon.colcon_core.package_discovery:discover_packages(recursive) check parameters
[1.340s] Level 1:colcon.colcon_core.package_discovery:discover_packages(ignore) check parameters
[1.340s] Level 1:colcon.colcon_core.package_discovery:discover_packages(path) check parameters
[1.340s] Level 1:colcon.colcon_core.package_discovery:discover_packages(colcon_meta) discover
[1.340s] Level 1:colcon.colcon_core.package_discovery:discover_packages(recursive) discover
[1.341s] INFO:colcon.colcon_core.package_discovery:Crawling recursively for packages in '/home/rai-m/robosys'
[1.341s] Level 1:colcon.colcon_core.package_identification:_identify(.) by extensions ['ignore', 'ignore_ament_install']
[1.341s] Level 1:colcon.colcon_core.package_identification:_identify(.) by extension 'ignore'
[1.341s] Level 1:colcon.colcon_core.package_identification:_identify(.) by extension 'ignore_ament_install'
[1.341s] Level 1:colcon.colcon_core.package_identification:_identify(.) by extensions ['colcon_pkg']
[1.341s] Level 1:colcon.colcon_core.package_identification:_identify(.) by extension 'colcon_pkg'
[1.341s] Level 1:colcon.colcon_core.package_identification:_identify(.) by extensions ['colcon_meta']
[1.341s] Level 1:colcon.colcon_core.package_identification:_identify(.) by extension 'colcon_meta'
[1.341s] Level 1:colcon.colcon_core.package_identification:_identify(.) by extensions ['ros']
[1.341s] Level 1:colcon.colcon_core.package_identification:_identify(.) by extension 'ros'
[1.366s] Level 1:colcon.colcon_core.package_identification:_identify(.) by extensions ['cmake', 'python']
[1.366s] Level 1:colcon.colcon_core.package_identification:_identify(.) by extension 'cmake'
[1.367s] Level 1:colcon.colcon_core.package_identification:_identify(.) by extension 'python'
[1.367s] Level 1:colcon.colcon_core.package_identification:_identify(.) by extensions ['python_setup_py']
[1.367s] Level 1:colcon.colcon_core.package_identification:_identify(.) by extension 'python_setup_py'
[1.367s] Level 1:colcon.colcon_core.package_identification:_identify(build) by extensions ['ignore', 'ignore_ament_install']
[1.367s] Level 1:colcon.colcon_core.package_identification:_identify(build) by extension 'ignore'
[1.367s] Level 1:colcon.colcon_core.package_identification:_identify(build) ignored
[1.367s] Level 1:colcon.colcon_core.package_identification:_identify(install) by extensions ['ignore', 'ignore_ament_install']
[1.367s] Level 1:colcon.colcon_core.package_identification:_identify(install) by extension 'ignore'
[1.367s] Level 1:colcon.colcon_core.package_identification:_identify(install) ignored
[1.367s] Level 1:colcon.colcon_core.package_identification:_identify(log) by extensions ['ignore', 'ignore_ament_install']
[1.368s] Level 1:colcon.colcon_core.package_identification:_identify(log) by extension 'ignore'
[1.368s] Level 1:colcon.colcon_core.package_identification:_identify(log) ignored
[1.368s] Level 1:colcon.colcon_core.package_identification:_identify(src) by extensions ['ignore', 'ignore_ament_install']
[1.368s] Level 1:colcon.colcon_core.package_identification:_identify(src) by extension 'ignore'
[1.368s] Level 1:colcon.colcon_core.package_identification:_identify(src) by extension 'ignore_ament_install'
[1.368s] Level 1:colcon.colcon_core.package_identification:_identify(src) by extensions ['colcon_pkg']
[1.368s] Level 1:colcon.colcon_core.package_identification:_identify(src) by extension 'colcon_pkg'
[1.368s] Level 1:colcon.colcon_core.package_identification:_identify(src) by extensions ['colcon_meta']
[1.368s] Level 1:colcon.colcon_core.package_identification:_identify(src) by extension 'colcon_meta'
[1.368s] Level 1:colcon.colcon_core.package_identification:_identify(src) by extensions ['ros']
[1.368s] Level 1:colcon.colcon_core.package_identification:_identify(src) by extension 'ros'
[1.368s] Level 1:colcon.colcon_core.package_identification:_identify(src) by extensions ['cmake', 'python']
[1.369s] Level 1:colcon.colcon_core.package_identification:_identify(src) by extension 'cmake'
[1.369s] Level 1:colcon.colcon_core.package_identification:_identify(src) by extension 'python'
[1.369s] Level 1:colcon.colcon_core.package_identification:_identify(src) by extensions ['python_setup_py']
[1.369s] Level 1:colcon.colcon_core.package_identification:_identify(src) by extension 'python_setup_py'
[1.369s] Level 1:colcon.colcon_core.package_identification:_identify(src/fight) by extensions ['ignore', 'ignore_ament_install']
[1.369s] Level 1:colcon.colcon_core.package_identification:_identify(src/fight) by extension 'ignore'
[1.369s] Level 1:colcon.colcon_core.package_identification:_identify(src/fight) by extension 'ignore_ament_install'
[1.369s] Level 1:colcon.colcon_core.package_identification:_identify(src/fight) by extensions ['colcon_pkg']
[1.369s] Level 1:colcon.colcon_core.package_identification:_identify(src/fight) by extension 'colcon_pkg'
[1.369s] Level 1:colcon.colcon_core.package_identification:_identify(src/fight) by extensions ['colcon_meta']
[1.369s] Level 1:colcon.colcon_core.package_identification:_identify(src/fight) by extension 'colcon_meta'
[1.369s] Level 1:colcon.colcon_core.package_identification:_identify(src/fight) by extensions ['ros']
[1.369s] Level 1:colcon.colcon_core.package_identification:_identify(src/fight) by extension 'ros'
[1.374s] DEBUG:colcon.colcon_core.package_identification:Package 'src/fight' with type 'ros.ament_python' and name 'fight'
[1.374s] Level 1:colcon.colcon_core.package_identification:_identify(src/rsysmsg) by extensions ['ignore', 'ignore_ament_install']
[1.375s] Level 1:colcon.colcon_core.package_identification:_identify(src/rsysmsg) by extension 'ignore'
[1.375s] Level 1:colcon.colcon_core.package_identification:_identify(src/rsysmsg) by extension 'ignore_ament_install'
[1.375s] Level 1:colcon.colcon_core.package_identification:_identify(src/rsysmsg) by extensions ['colcon_pkg']
[1.375s] Level 1:colcon.colcon_core.package_identification:_identify(src/rsysmsg) by extension 'colcon_pkg'
[1.375s] Level 1:colcon.colcon_core.package_identification:_identify(src/rsysmsg) by extensions ['colcon_meta']
[1.375s] Level 1:colcon.colcon_core.package_identification:_identify(src/rsysmsg) by extension 'colcon_meta'
[1.375s] Level 1:colcon.colcon_core.package_identification:_identify(src/rsysmsg) by extensions ['ros']
[1.375s] Level 1:colcon.colcon_core.package_identification:_identify(src/rsysmsg) by extension 'ros'
[1.377s] DEBUG:colcon.colcon_core.package_identification:Package 'src/rsysmsg' with type 'ros.ament_cmake' and name 'rsysmsg'
[1.377s] Level 1:colcon.colcon_core.package_discovery:discover_packages(recursive) using defaults
[1.377s] Level 1:colcon.colcon_core.package_discovery:discover_packages(ignore) discover
[1.377s] Level 1:colcon.colcon_core.package_discovery:discover_packages(ignore) using defaults
[1.377s] Level 1:colcon.colcon_core.package_discovery:discover_packages(path) discover
[1.377s] Level 1:colcon.colcon_core.package_discovery:discover_packages(path) using defaults
[1.432s] Level 1:colcon.colcon_core.package_discovery:discover_packages(prefix_path) check parameters
[1.432s] Level 1:colcon.colcon_core.package_discovery:discover_packages(prefix_path) discover
[1.445s] DEBUG:colcon.colcon_installed_package_information.package_discovery:Found 2 installed packages in /home/rai-m/robosys/install
[1.445s] DEBUG:colcon.colcon_installed_package_information.package_discovery:Found 1 installed packages in /home/rai-m/mlr01_ws/install
[1.446s] DEBUG:colcon.colcon_installed_package_information.package_discovery:Found 11 installed packages in /home/rai-m/test1_ws/install
[1.447s] DEBUG:colcon.colcon_installed_package_information.package_discovery:Found 271 installed packages in /opt/ros/humble
[1.474s] Level 1:colcon.colcon_core.package_discovery:discover_packages(prefix_path) using defaults
[1.574s] Level 5:colcon.colcon_core.verb:set package 'rsysmsg' build argument 'cmake_args' from command line to 'None'
[1.574s] Level 5:colcon.colcon_core.verb:set package 'rsysmsg' build argument 'cmake_target' from command line to 'None'
[1.574s] Level 5:colcon.colcon_core.verb:set package 'rsysmsg' build argument 'cmake_target_skip_unavailable' from command line to 'False'
[1.575s] Level 5:colcon.colcon_core.verb:set package 'rsysmsg' build argument 'cmake_clean_cache' from command line to 'False'
[1.575s] Level 5:colcon.colcon_core.verb:set package 'rsysmsg' build argument 'cmake_clean_first' from command line to 'False'
[1.575s] Level 5:colcon.colcon_core.verb:set package 'rsysmsg' build argument 'cmake_force_configure' from command line to 'False'
[1.575s] Level 5:colcon.colcon_core.verb:set package 'rsysmsg' build argument 'ament_cmake_args' from command line to 'None'
[1.575s] Level 5:colcon.colcon_core.verb:set package 'rsysmsg' build argument 'catkin_cmake_args' from command line to 'None'
[1.575s] Level 5:colcon.colcon_core.verb:set package 'rsysmsg' build argument 'catkin_skip_building_tests' from command line to 'False'
[1.575s] DEBUG:colcon.colcon_core.verb:Building package 'rsysmsg' with the following arguments: {'ament_cmake_args': None, 'build_base': '/home/rai-m/robosys/build/rsysmsg', 'catkin_cmake_args': None, 'catkin_skip_building_tests': False, 'cmake_args': None, 'cmake_clean_cache': False, 'cmake_clean_first': False, 'cmake_force_configure': False, 'cmake_target': None, 'cmake_target_skip_unavailable': False, 'install_base': '/home/rai-m/robosys/install/rsysmsg', 'merge_install': False, 'path': '/home/rai-m/robosys/src/rsysmsg', 'symlink_install': False, 'test_result_base': None}
[1.576s] Level 5:colcon.colcon_core.verb:set package 'fight' build argument 'cmake_args' from command line to 'None'
[1.577s] Level 5:colcon.colcon_core.verb:set package 'fight' build argument 'cmake_target' from command line to 'None'
[1.578s] Level 5:colcon.colcon_core.verb:set package 'fight' build argument 'cmake_target_skip_unavailable' from command line to 'False'
[1.578s] Level 5:colcon.colcon_core.verb:set package 'fight' build argument 'cmake_clean_cache' from command line to 'False'
[1.578s] Level 5:colcon.colcon_core.verb:set package 'fight' build argument 'cmake_clean_first' from command line to 'False'
[1.578s] Level 5:colcon.colcon_core.verb:set package 'fight' build argument 'cmake_force_configure' from command line to 'False'
[1.578s] Level 5:colcon.colcon_core.verb:set package 'fight' build argument 'ament_cmake_args' from command line to 'None'
[1.578s] Level 5:colcon.colcon_core.verb:set package 'fight' build argument 'catkin_cmake_args' from command line to 'None'
[1.578s] Level 5:colcon.colcon_core.verb:set package 'fight' build argument 'catkin_skip_building_tests' from command line to 'False'
[1.578s] DEBUG:colcon.colcon_core.verb:Building package 'fight' with the following arguments: {'ament_cmake_args': None, 'build_base': '/home/rai-m/robosys/build/fight', 'catkin_cmake_args': None, 'catkin_skip_building_tests': False, 'cmake_args': None, 'cmake_clean_cache': False, 'cmake_clean_first': False, 'cmake_force_configure': False, 'cmake_target': None, 'cmake_target_skip_unavailable': False, 'install_base': '/home/rai-m/robosys/install/fight', 'merge_install': False, 'path': '/home/rai-m/robosys/src/fight', 'symlink_install': False, 'test_result_base': None}
[1.578s] INFO:colcon.colcon_core.executor:Executing jobs using 'parallel' executor
[1.581s] DEBUG:colcon.colcon_parallel_executor.executor.parallel:run_until_complete
[1.581s] INFO:colcon.colcon_ros.task.ament_cmake.build:Building ROS package in '/home/rai-m/robosys/src/rsysmsg' with build type 'ament_cmake'
[1.581s] INFO:colcon.colcon_cmake.task.cmake.build:Building CMake package in '/home/rai-m/robosys/src/rsysmsg'
[1.594s] INFO:colcon.colcon_core.plugin_system:Skipping extension 'colcon_core.shell.bat': Not used on non-Windows systems
[1.595s] INFO:colcon.colcon_core.shell:Skip shell extension 'powershell' for command environment: Not usable outside of PowerShell
[1.595s] DEBUG:colcon.colcon_core.shell:Skip shell extension 'dsv' for command environment
[1.612s] DEBUG:colcon.colcon_core.event_handler.log_command:Invoking command in '/home/rai-m/robosys/build/rsysmsg': CMAKE_PREFIX_PATH=${CMAKE_PREFIX_PATH}:/home/rai-m/robosys/install/fight:/home/rai-m/mlr01_ws/install/lp01:/home/rai-m/test1_ws/install/robo02:/home/rai-m/test1_ws/install/robo01:/home/rai-m/test1_ws/install/py_pubsub:/home/rai-m/test1_ws/install/my_package2:/home/rai-m/test1_ws/install/my_package:/home/rai-m/test1_ws/install/multi01:/opt/ros/humble /usr/bin/cmake --build /home/rai-m/robosys/build/rsysmsg -- -j22 -l22
[2.269s] DEBUG:colcon.colcon_core.event_handler.log_command:Invoked command in '/home/rai-m/robosys/build/rsysmsg' returned '0': CMAKE_PREFIX_PATH=${CMAKE_PREFIX_PATH}:/home/rai-m/robosys/install/fight:/home/rai-m/mlr01_ws/install/lp01:/home/rai-m/test1_ws/install/robo02:/home/rai-m/test1_ws/install/robo01:/home/rai-m/test1_ws/install/py_pubsub:/home/rai-m/test1_ws/install/my_package2:/home/rai-m/test1_ws/install/my_package:/home/rai-m/test1_ws/install/multi01:/opt/ros/humble /usr/bin/cmake --build /home/rai-m/robosys/build/rsysmsg -- -j22 -l22
[2.282s] DEBUG:colcon.colcon_core.event_handler.log_command:Invoking command in '/home/rai-m/robosys/build/rsysmsg': CMAKE_PREFIX_PATH=${CMAKE_PREFIX_PATH}:/home/rai-m/robosys/install/fight:/home/rai-m/mlr01_ws/install/lp01:/home/rai-m/test1_ws/install/robo02:/home/rai-m/test1_ws/install/robo01:/home/rai-m/test1_ws/install/py_pubsub:/home/rai-m/test1_ws/install/my_package2:/home/rai-m/test1_ws/install/my_package:/home/rai-m/test1_ws/install/multi01:/opt/ros/humble /usr/bin/cmake --install /home/rai-m/robosys/build/rsysmsg
[2.398s] Level 1:colcon.colcon_core.environment:create_environment_scripts_only(rsysmsg)
[2.399s] DEBUG:colcon.colcon_core.event_handler.log_command:Invoked command in '/home/rai-m/robosys/build/rsysmsg' returned '0': CMAKE_PREFIX_PATH=${CMAKE_PREFIX_PATH}:/home/rai-m/robosys/install/fight:/home/rai-m/mlr01_ws/install/lp01:/home/rai-m/test1_ws/install/robo02:/home/rai-m/test1_ws/install/robo01:/home/rai-m/test1_ws/install/py_pubsub:/home/rai-m/test1_ws/install/my_package2:/home/rai-m/test1_ws/install/my_package:/home/rai-m/test1_ws/install/multi01:/opt/ros/humble /usr/bin/cmake --install /home/rai-m/robosys/build/rsysmsg
[2.412s] Level 1:colcon.colcon_core.environment:checking '/home/rai-m/robosys/install/rsysmsg' for CMake module files
[2.413s] Level 1:colcon.colcon_core.environment:checking '/home/rai-m/robosys/install/rsysmsg' for CMake config files
[2.413s] Level 1:colcon.colcon_core.shell:create_environment_hook('rsysmsg', 'cmake_prefix_path')
[2.414s] INFO:colcon.colcon_core.shell:Creating environment hook '/home/rai-m/robosys/install/rsysmsg/share/rsysmsg/hook/cmake_prefix_path.ps1'
[2.415s] INFO:colcon.colcon_core.shell:Creating environment descriptor '/home/rai-m/robosys/install/rsysmsg/share/rsysmsg/hook/cmake_prefix_path.dsv'
[2.417s] INFO:colcon.colcon_core.shell:Creating environment hook '/home/rai-m/robosys/install/rsysmsg/share/rsysmsg/hook/cmake_prefix_path.sh'
[2.418s] Level 1:colcon.colcon_core.environment:checking '/home/rai-m/robosys/install/rsysmsg/lib'
[2.418s] Level 1:colcon.colcon_core.shell:create_environment_hook('rsysmsg', 'ld_library_path_lib')
[2.419s] INFO:colcon.colcon_core.shell:Creating environment hook '/home/rai-m/robosys/install/rsysmsg/share/rsysmsg/hook/ld_library_path_lib.ps1'
[2.419s] INFO:colcon.colcon_core.shell:Creating environment descriptor '/home/rai-m/robosys/install/rsysmsg/share/rsysmsg/hook/ld_library_path_lib.dsv'
[2.420s] INFO:colcon.colcon_core.shell:Creating environment hook '/home/rai-m/robosys/install/rsysmsg/share/rsysmsg/hook/ld_library_path_lib.sh'
[2.420s] Level 1:colcon.colcon_core.environment:checking '/home/rai-m/robosys/install/rsysmsg/bin'
[2.420s] Level 1:colcon.colcon_core.environment:checking '/home/rai-m/robosys/install/rsysmsg/lib/pkgconfig/rsysmsg.pc'
[2.420s] Level 1:colcon.colcon_core.environment:checking '/home/rai-m/robosys/install/rsysmsg/lib/python3.10/site-packages'
[2.421s] Level 1:colcon.colcon_core.environment:checking '/home/rai-m/robosys/install/rsysmsg/bin'
[2.421s] INFO:colcon.colcon_core.shell:Creating package script '/home/rai-m/robosys/install/rsysmsg/share/rsysmsg/package.ps1'
[2.423s] INFO:colcon.colcon_core.shell:Creating package descriptor '/home/rai-m/robosys/install/rsysmsg/share/rsysmsg/package.dsv'
[2.424s] INFO:colcon.colcon_core.shell:Creating package script '/home/rai-m/robosys/install/rsysmsg/share/rsysmsg/package.sh'
[2.425s] INFO:colcon.colcon_core.shell:Creating package script '/home/rai-m/robosys/install/rsysmsg/share/rsysmsg/package.bash'
[2.427s] INFO:colcon.colcon_core.shell:Creating package script '/home/rai-m/robosys/install/rsysmsg/share/rsysmsg/package.zsh'
[2.428s] Level 1:colcon.colcon_core.environment:create_file_with_runtime_dependencies(/home/rai-m/robosys/install/rsysmsg/share/colcon-core/packages/rsysmsg)
[2.429s] Level 1:colcon.colcon_core.environment:create_environment_scripts_only(rsysmsg)
[2.430s] Level 1:colcon.colcon_core.environment:checking '/home/rai-m/robosys/install/rsysmsg' for CMake module files
[2.430s] Level 1:colcon.colcon_core.environment:checking '/home/rai-m/robosys/install/rsysmsg' for CMake config files
[2.431s] Level 1:colcon.colcon_core.shell:create_environment_hook('rsysmsg', 'cmake_prefix_path')
[2.431s] INFO:colcon.colcon_core.shell:Creating environment hook '/home/rai-m/robosys/install/rsysmsg/share/rsysmsg/hook/cmake_prefix_path.ps1'
[2.432s] INFO:colcon.colcon_core.shell:Creating environment descriptor '/home/rai-m/robosys/install/rsysmsg/share/rsysmsg/hook/cmake_prefix_path.dsv'
[2.432s] INFO:colcon.colcon_core.shell:Creating environment hook '/home/rai-m/robosys/install/rsysmsg/share/rsysmsg/hook/cmake_prefix_path.sh'
[2.433s] Level 1:colcon.colcon_core.environment:checking '/home/rai-m/robosys/install/rsysmsg/lib'
[2.433s] Level 1:colcon.colcon_core.shell:create_environment_hook('rsysmsg', 'ld_library_path_lib')
[2.433s] INFO:colcon.colcon_core.shell:Creating environment hook '/home/rai-m/robosys/install/rsysmsg/share/rsysmsg/hook/ld_library_path_lib.ps1'
[2.434s] INFO:colcon.colcon_core.shell:Creating environment descriptor '/home/rai-m/robosys/install/rsysmsg/share/rsysmsg/hook/ld_library_path_lib.dsv'
[2.434s] INFO:colcon.colcon_core.shell:Creating environment hook '/home/rai-m/robosys/install/rsysmsg/share/rsysmsg/hook/ld_library_path_lib.sh'
[2.435s] Level 1:colcon.colcon_core.environment:checking '/home/rai-m/robosys/install/rsysmsg/bin'
[2.435s] Level 1:colcon.colcon_core.environment:checking '/home/rai-m/robosys/install/rsysmsg/lib/pkgconfig/rsysmsg.pc'
[2.435s] Level 1:colcon.colcon_core.environment:checking '/home/rai-m/robosys/install/rsysmsg/lib/python3.10/site-packages'
[2.436s] Level 1:colcon.colcon_core.environment:checking '/home/rai-m/robosys/install/rsysmsg/bin'
[2.436s] INFO:colcon.colcon_core.shell:Creating package script '/home/rai-m/robosys/install/rsysmsg/share/rsysmsg/package.ps1'
[2.437s] INFO:colcon.colcon_core.shell:Creating package descriptor '/home/rai-m/robosys/install/rsysmsg/share/rsysmsg/package.dsv'
[2.437s] INFO:colcon.colcon_core.shell:Creating package script '/home/rai-m/robosys/install/rsysmsg/share/rsysmsg/package.sh'
[2.438s] INFO:colcon.colcon_core.shell:Creating package script '/home/rai-m/robosys/install/rsysmsg/share/rsysmsg/package.bash'
[2.438s] INFO:colcon.colcon_core.shell:Creating package script '/home/rai-m/robosys/install/rsysmsg/share/rsysmsg/package.zsh'
[2.439s] Level 1:colcon.colcon_core.environment:create_file_with_runtime_dependencies(/home/rai-m/robosys/install/rsysmsg/share/colcon-core/packages/rsysmsg)
[2.440s] INFO:colcon.colcon_ros.task.ament_python.build:Building ROS package in '/home/rai-m/robosys/src/fight' with build type 'ament_python'
[2.440s] Level 1:colcon.colcon_core.shell:create_environment_hook('fight', 'ament_prefix_path')
[2.440s] INFO:colcon.colcon_core.shell:Creating environment hook '/home/rai-m/robosys/install/fight/share/fight/hook/ament_prefix_path.ps1'
[2.441s] INFO:colcon.colcon_core.shell:Creating environment descriptor '/home/rai-m/robosys/install/fight/share/fight/hook/ament_prefix_path.dsv'
[2.442s] INFO:colcon.colcon_core.shell:Creating environment hook '/home/rai-m/robosys/install/fight/share/fight/hook/ament_prefix_path.sh'
[2.443s] INFO:colcon.colcon_core.shell:Skip shell extension 'powershell' for command environment: Not usable outside of PowerShell
[2.443s] DEBUG:colcon.colcon_core.shell:Skip shell extension 'dsv' for command environment
[2.996s] INFO:colcon.colcon_core.task.python.build:Building Python package in '/home/rai-m/robosys/src/fight'
[2.996s] INFO:colcon.colcon_core.shell:Skip shell extension 'powershell' for command environment: Not usable outside of PowerShell
[2.996s] DEBUG:colcon.colcon_core.shell:Skip shell extension 'dsv' for command environment
[3.995s] DEBUG:colcon.colcon_core.event_handler.log_command:Invoking command in '/home/rai-m/robosys/src/fight': PYTHONPATH=/home/rai-m/robosys/build/fight/prefix_override:/usr/lib/python3/dist-packages/colcon_core/task/python/colcon_distutils_commands:/home/rai-m/robosys/install/fight/lib/python3.10/site-packages:${PYTHONPATH} /usr/bin/python3 -W ignore:setup.py install is deprecated -W ignore:easy_install command is deprecated setup.py egg_info --egg-base ../../build/fight build --build-base /home/rai-m/robosys/build/fight/build install --record /home/rai-m/robosys/build/fight/install.log --single-version-externally-managed install_data
[4.383s] Level 1:colcon.colcon_core.environment:checking '/home/rai-m/robosys/install/fight' for CMake module files
[4.384s] DEBUG:colcon.colcon_core.event_handler.log_command:Invoked command in '/home/rai-m/robosys/src/fight' returned '0': PYTHONPATH=/home/rai-m/robosys/build/fight/prefix_override:/usr/lib/python3/dist-packages/colcon_core/task/python/colcon_distutils_commands:/home/rai-m/robosys/install/fight/lib/python3.10/site-packages:${PYTHONPATH} /usr/bin/python3 -W ignore:setup.py install is deprecated -W ignore:easy_install command is deprecated setup.py egg_info --egg-base ../../build/fight build --build-base /home/rai-m/robosys/build/fight/build install --record /home/rai-m/robosys/build/fight/install.log --single-version-externally-managed install_data
[4.385s] Level 1:colcon.colcon_core.environment:checking '/home/rai-m/robosys/install/fight' for CMake config files
[4.386s] Level 1:colcon.colcon_core.environment:checking '/home/rai-m/robosys/install/fight/lib'
[4.386s] Level 1:colcon.colcon_core.environment:checking '/home/rai-m/robosys/install/fight/bin'
[4.386s] Level 1:colcon.colcon_core.environment:checking '/home/rai-m/robosys/install/fight/lib/pkgconfig/fight.pc'
[4.386s] Level 1:colcon.colcon_core.environment:checking '/home/rai-m/robosys/install/fight/lib/python3.10/site-packages'
[4.386s] Level 1:colcon.colcon_core.shell:create_environment_hook('fight', 'pythonpath')
[4.387s] INFO:colcon.colcon_core.shell:Creating environment hook '/home/rai-m/robosys/install/fight/share/fight/hook/pythonpath.ps1'
[4.388s] INFO:colcon.colcon_core.shell:Creating environment descriptor '/home/rai-m/robosys/install/fight/share/fight/hook/pythonpath.dsv'
[4.388s] INFO:colcon.colcon_core.shell:Creating environment hook '/home/rai-m/robosys/install/fight/share/fight/hook/pythonpath.sh'
[4.389s] Level 1:colcon.colcon_core.environment:checking '/home/rai-m/robosys/install/fight/bin'
[4.390s] Level 1:colcon.colcon_core.environment:create_environment_scripts_only(fight)
[4.390s] INFO:colcon.colcon_core.shell:Creating package script '/home/rai-m/robosys/install/fight/share/fight/package.ps1'
[4.391s] INFO:colcon.colcon_core.shell:Creating package descriptor '/home/rai-m/robosys/install/fight/share/fight/package.dsv'
[4.392s] INFO:colcon.colcon_core.shell:Creating package script '/home/rai-m/robosys/install/fight/share/fight/package.sh'
[4.393s] INFO:colcon.colcon_core.shell:Creating package script '/home/rai-m/robosys/install/fight/share/fight/package.bash'
[4.393s] INFO:colcon.colcon_core.shell:Creating package script '/home/rai-m/robosys/install/fight/share/fight/package.zsh'
[4.395s] Level 1:colcon.colcon_core.environment:create_file_with_runtime_dependencies(/home/rai-m/robosys/install/fight/share/colcon-core/packages/fight)
[4.396s] DEBUG:colcon.colcon_parallel_executor.executor.parallel:closing loop
[4.396s] DEBUG:colcon.colcon_parallel_executor.executor.parallel:loop closed
[4.397s] DEBUG:colcon.colcon_parallel_executor.executor.parallel:run_until_complete finished with '0'
[4.397s] DEBUG:colcon.colcon_core.event_reactor:joining thread
[4.501s] INFO:colcon.colcon_core.plugin_system:Skipping extension 'colcon_notification.desktop_notification.notify_send': Could not find 'notify-send'
[4.502s] INFO:colcon.colcon_core.plugin_system:Skipping extension 'colcon_notification.desktop_notification.terminal_notifier': Not used on non-Darwin systems
[4.502s] INFO:colcon.colcon_core.plugin_system:Skipping extension 'colcon_notification.desktop_notification.win32': Not used on non-Windows systems
[4.503s] INFO:colcon.colcon_notification.desktop_notification:Sending desktop notification using 'notify2'
[4.503s] DEBUG:colcon.colcon_notification.desktop_notification.notify2:Failed to initialize notify2: org.freedesktop.DBus.Error.FileNotFound: Failed to connect to socket /run/user/1000/bus: No such file or directory
[4.503s] DEBUG:colcon.colcon_core.event_reactor:joined thread
[4.504s] INFO:colcon.colcon_core.shell:Creating prefix script '/home/rai-m/robosys/install/local_setup.ps1'
[4.508s] INFO:colcon.colcon_core.shell:Creating prefix util module '/home/rai-m/robosys/install/_local_setup_util_ps1.py'
[4.512s] INFO:colcon.colcon_core.shell:Creating prefix chain script '/home/rai-m/robosys/install/setup.ps1'
[4.516s] INFO:colcon.colcon_core.shell:Creating prefix script '/home/rai-m/robosys/install/local_setup.sh'
[4.518s] INFO:colcon.colcon_core.shell:Creating prefix util module '/home/rai-m/robosys/install/_local_setup_util_sh.py'
[4.524s] INFO:colcon.colcon_core.shell:Creating prefix chain script '/home/rai-m/robosys/install/setup.sh'
[4.528s] INFO:colcon.colcon_core.shell:Creating prefix script '/home/rai-m/robosys/install/local_setup.bash'
[4.530s] INFO:colcon.colcon_core.shell:Creating prefix chain script '/home/rai-m/robosys/install/setup.bash'
[4.533s] INFO:colcon.colcon_core.shell:Creating prefix script '/home/rai-m/robosys/install/local_setup.zsh'
[4.535s] INFO:colcon.colcon_core.shell:Creating prefix chain script '/home/rai-m/robosys/install/setup.zsh'
