[1.100s] Invoking command in '/home/rai-m/robosys/src/fight': PYTHONPATH=/home/rai-m/robosys/build/fight/prefix_override:/usr/lib/python3/dist-packages/colcon_core/task/python/colcon_distutils_commands:/home/rai-m/robosys/install/fight/lib/python3.10/site-packages:${PYTHONPATH} /usr/bin/python3 -W ignore:setup.py install is deprecated -W ignore:easy_install command is deprecated setup.py egg_info --egg-base ../../build/fight build --build-base /home/rai-m/robosys/build/fight/build install --record /home/rai-m/robosys/build/fight/install.log --single-version-externally-managed install_data
[1.390s] running egg_info
[1.392s] writing ../../build/fight/fight.egg-info/PKG-INFO
[1.392s] writing dependency_links to ../../build/fight/fight.egg-info/dependency_links.txt
[1.392s] writing entry points to ../../build/fight/fight.egg-info/entry_points.txt
[1.392s] writing requirements to ../../build/fight/fight.egg-info/requires.txt
[1.393s] writing top-level names to ../../build/fight/fight.egg-info/top_level.txt
[1.395s] reading manifest file '../../build/fight/fight.egg-info/SOURCES.txt'
[1.395s] adding license file 'LICENSE'
[1.396s] writing manifest file '../../build/fight/fight.egg-info/SOURCES.txt'
[1.396s] running build
[1.396s] running build_py
[1.396s] copying fight/fightServer2.py -> /home/rai-m/robosys/build/fight/build/lib/fight
[1.397s] running install
[1.397s] running install_lib
[1.398s] copying /home/rai-m/robosys/build/fight/build/lib/fight/fightServer2.py -> /home/rai-m/robosys/install/fight/lib/python3.10/site-packages/fight
[1.400s] byte-compiling /home/rai-m/robosys/install/fight/lib/python3.10/site-packages/fight/fightServer2.py to fightServer2.cpython-310.pyc
[1.402s] byte-compiling /home/rai-m/robosys/install/fight/lib/python3.10/site-packages/fight/fighterClient.py to fighterClient.cpython-310.pyc
[1.403s] Sorry: IndentationError: expected an indented block after function definition on line 14 (fighterClient.py, line 18)
[1.403s] running install_data
[1.404s] running install_egg_info
[1.407s] removing '/home/rai-m/robosys/install/fight/lib/python3.10/site-packages/fight-0.0.0-py3.10.egg-info' (and everything under it)
[1.408s] Copying ../../build/fight/fight.egg-info to /home/rai-m/robosys/install/fight/lib/python3.10/site-packages/fight-0.0.0-py3.10.egg-info
[1.408s] running install_scripts
[1.437s] Installing fightCli script to /home/rai-m/robosys/install/fight/lib/fight
[1.438s] Installing fightGui script to /home/rai-m/robosys/install/fight/lib/fight
[1.439s] Installing fightSv script to /home/rai-m/robosys/install/fight/lib/fight
[1.440s] writing list of installed files to '/home/rai-m/robosys/build/fight/install.log'
[1.473s] Invoked command in '/home/rai-m/robosys/src/fight' returned '0': PYTHONPATH=/home/rai-m/robosys/build/fight/prefix_override:/usr/lib/python3/dist-packages/colcon_core/task/python/colcon_distutils_commands:/home/rai-m/robosys/install/fight/lib/python3.10/site-packages:${PYTHONPATH} /usr/bin/python3 -W ignore:setup.py install is deprecated -W ignore:easy_install command is deprecated setup.py egg_info --egg-base ../../build/fight build --build-base /home/rai-m/robosys/build/fight/build install --record /home/rai-m/robosys/build/fight/install.log --single-version-externally-managed install_data
