[0.018s] Invoking command in '/home/rai-m/robosys/build/rsysmsg': CMAKE_PREFIX_PATH=${CMAKE_PREFIX_PATH}:/home/rai-m/robosys/install/fight:/home/rai-m/mlr01_ws/install/lp01:/home/rai-m/test1_ws/install/robo02:/home/rai-m/test1_ws/install/robo01:/home/rai-m/test1_ws/install/py_pubsub:/home/rai-m/test1_ws/install/my_package2:/home/rai-m/test1_ws/install/my_package:/home/rai-m/test1_ws/install/multi01:/opt/ros/humble /usr/bin/cmake --build /home/rai-m/robosys/build/rsysmsg -- -j22 -l22
[0.051s] -- Found ament_cmake: 1.3.12 (/opt/ros/humble/share/ament_cmake/cmake)
[0.223s] -- Found geometry_msgs: 4.9.0 (/opt/ros/humble/share/geometry_msgs/cmake)
[0.542s] -- Found rosidl_generator_c: 3.1.7 (/opt/ros/humble/share/rosidl_generator_c/cmake)
[0.545s] -- Found rosidl_adapter: 3.1.7 (/opt/ros/humble/share/rosidl_adapter/cmake)
[0.552s] -- Found rosidl_generator_cpp: 3.1.7 (/opt/ros/humble/share/rosidl_generator_cpp/cmake)
[0.563s] -- Using all available rosidl_typesupport_c: rosidl_typesupport_fastrtps_c;rosidl_typesupport_introspection_c
[0.576s] -- Using all available rosidl_typesupport_cpp: rosidl_typesupport_fastrtps_cpp;rosidl_typesupport_introspection_cpp
[0.625s] -- Found rosidl_default_generators: 1.2.0 (/opt/ros/humble/share/rosidl_default_generators/cmake)
[1.095s] -- Found ament_cmake_ros: 0.10.0 (/opt/ros/humble/share/ament_cmake_ros/cmake)
[1.561s] -- Using all available rosidl_typesupport_c: rosidl_typesupport_fastrtps_c;rosidl_typesupport_introspection_c
[1.727s] -- Using all available rosidl_typesupport_cpp: rosidl_typesupport_fastrtps_cpp;rosidl_typesupport_introspection_cpp
[1.763s] -- Found python_cmake_module: 0.10.0 (/opt/ros/humble/share/python_cmake_module/cmake)
[1.794s] -- Using PYTHON_EXECUTABLE: /usr/bin/python3
[1.794s] -- Using PYTHON_INCLUDE_DIRS: /usr/include/python3.10
[1.795s] -- Using PYTHON_LIBRARIES: /usr/lib/x86_64-linux-gnu/libpython3.10.so
[1.825s] -- Found ament_lint_auto: 0.12.14 (/opt/ros/humble/share/ament_lint_auto/cmake)
[1.910s] -- Added test 'lint_cmake' to check CMake code style
[1.918s] -- Added test 'xmllint' to check XML markup files
[1.932s] -- Configuring done
[2.018s] -- Generating done
[2.041s] -- Build files have been written to: /home/rai-m/robosys/build/rsysmsg
[2.075s] [  1%] [34m[1mGenerating C code for ROS interfaces[0m
[2.088s] [  3%] [34m[1mGenerating C++ code for ROS interfaces[0m
[2.099s] [  3%] Built target ament_cmake_python_copy_rsysmsg
[2.386s] running egg_info
[2.386s] writing rsysmsg.egg-info/PKG-INFO
[2.387s] writing dependency_links to rsysmsg.egg-info/dependency_links.txt
[2.387s] writing top-level names to rsysmsg.egg-info/top_level.txt
[2.389s] reading manifest file 'rsysmsg.egg-info/SOURCES.txt'
[2.390s] writing manifest file 'rsysmsg.egg-info/SOURCES.txt'
[2.423s] [  3%] Built target ament_cmake_python_build_rsysmsg_egg
[2.810s] [  3%] Built target rsysmsg__cpp
[2.819s] [35m[1mConsolidate compiler generated dependencies of target rsysmsg__rosidl_generator_c[0m
[2.824s] [  6%] [34m[1mGenerating C++ type support dispatch for ROS interfaces[0m
[2.824s] [  6%] [34m[1mGenerating C++ type support for eProsima Fast-RTPS[0m
[2.828s] [  7%] [34m[1mGenerating C++ introspection for ROS interfaces[0m
[2.836s] [  9%] [32mBuilding C object CMakeFiles/rsysmsg__rosidl_generator_c.dir/rosidl_generator_c/rsysmsg/msg/detail/fighting__functions.c.o[0m
[2.836s] [ 11%] [32mBuilding C object CMakeFiles/rsysmsg__rosidl_generator_c.dir/rosidl_generator_c/rsysmsg/msg/detail/num__functions.c.o[0m
[2.838s] [ 14%] [32mBuilding C object CMakeFiles/rsysmsg__rosidl_generator_c.dir/rosidl_generator_c/rsysmsg/srv/detail/name__functions.c.o[0m
[2.838s] [ 14%] [32mBuilding C object CMakeFiles/rsysmsg__rosidl_generator_c.dir/rosidl_generator_c/rsysmsg/srv/detail/fight__functions.c.o[0m
[2.841s] [ 15%] [32mBuilding C object CMakeFiles/rsysmsg__rosidl_generator_c.dir/rosidl_generator_c/rsysmsg/action/detail/monster__functions.c.o[0m
[3.137s] [ 17%] [32m[1mLinking C shared library librsysmsg__rosidl_generator_c.so[0m
[3.298s] [35m[1mConsolidate compiler generated dependencies of target rsysmsg__rosidl_typesupport_cpp[0m
[3.318s] [ 19%] [32mBuilding CXX object CMakeFiles/rsysmsg__rosidl_typesupport_cpp.dir/rosidl_typesupport_cpp/rsysmsg/action/monster__type_support.cpp.o[0m
[3.318s] [ 20%] [32mBuilding CXX object CMakeFiles/rsysmsg__rosidl_typesupport_cpp.dir/rosidl_typesupport_cpp/rsysmsg/msg/fighting__type_support.cpp.o[0m
[3.318s] [ 22%] [32mBuilding CXX object CMakeFiles/rsysmsg__rosidl_typesupport_cpp.dir/rosidl_typesupport_cpp/rsysmsg/srv/fight__type_support.cpp.o[0m
[3.318s] [ 25%] [32mBuilding CXX object CMakeFiles/rsysmsg__rosidl_typesupport_cpp.dir/rosidl_typesupport_cpp/rsysmsg/srv/name__type_support.cpp.o[0m
[3.318s] [ 25%] [32mBuilding CXX object CMakeFiles/rsysmsg__rosidl_typesupport_cpp.dir/rosidl_typesupport_cpp/rsysmsg/msg/num__type_support.cpp.o[0m
[3.336s] [ 25%] Built target rsysmsg__rosidl_generator_c
[3.349s] [ 28%] [34m[1mGenerating C type support dispatch for ROS interfaces[0m
[3.349s] [ 28%] [34m[1mGenerating C type support for eProsima Fast-RTPS[0m
[3.350s] [ 30%] [34m[1mGenerating C introspection for ROS interfaces[0m
[3.403s] [35m[1mConsolidate compiler generated dependencies of target rsysmsg__rosidl_typesupport_introspection_cpp[0m
[3.428s] [ 31%] [32mBuilding CXX object CMakeFiles/rsysmsg__rosidl_typesupport_introspection_cpp.dir/rosidl_typesupport_introspection_cpp/rsysmsg/msg/detail/fighting__type_support.cpp.o[0m
[3.428s] [ 33%] [32mBuilding CXX object CMakeFiles/rsysmsg__rosidl_typesupport_introspection_cpp.dir/rosidl_typesupport_introspection_cpp/rsysmsg/msg/detail/num__type_support.cpp.o[0m
[3.428s] [ 34%] [32mBuilding CXX object CMakeFiles/rsysmsg__rosidl_typesupport_introspection_cpp.dir/rosidl_typesupport_introspection_cpp/rsysmsg/action/detail/monster__type_support.cpp.o[0m
[3.429s] [ 36%] [32mBuilding CXX object CMakeFiles/rsysmsg__rosidl_typesupport_introspection_cpp.dir/rosidl_typesupport_introspection_cpp/rsysmsg/srv/detail/name__type_support.cpp.o[0m
[3.436s] [ 38%] [32mBuilding CXX object CMakeFiles/rsysmsg__rosidl_typesupport_introspection_cpp.dir/rosidl_typesupport_introspection_cpp/rsysmsg/srv/detail/fight__type_support.cpp.o[0m
[3.620s] [35m[1mConsolidate compiler generated dependencies of target rsysmsg__rosidl_typesupport_fastrtps_cpp[0m
[3.650s] [ 39%] [32mBuilding CXX object CMakeFiles/rsysmsg__rosidl_typesupport_fastrtps_cpp.dir/rosidl_typesupport_fastrtps_cpp/rsysmsg/srv/detail/dds_fastrtps/name__type_support.cpp.o[0m
[3.651s] [ 41%] [32mBuilding CXX object CMakeFiles/rsysmsg__rosidl_typesupport_fastrtps_cpp.dir/rosidl_typesupport_fastrtps_cpp/rsysmsg/srv/detail/dds_fastrtps/fight__type_support.cpp.o[0m
[3.655s] [ 42%] [32mBuilding CXX object CMakeFiles/rsysmsg__rosidl_typesupport_fastrtps_cpp.dir/rosidl_typesupport_fastrtps_cpp/rsysmsg/msg/detail/dds_fastrtps/num__type_support.cpp.o[0m
[3.655s] [ 44%] [32mBuilding CXX object CMakeFiles/rsysmsg__rosidl_typesupport_fastrtps_cpp.dir/rosidl_typesupport_fastrtps_cpp/rsysmsg/msg/detail/dds_fastrtps/fighting__type_support.cpp.o[0m
[3.659s] [ 46%] [32mBuilding CXX object CMakeFiles/rsysmsg__rosidl_typesupport_fastrtps_cpp.dir/rosidl_typesupport_fastrtps_cpp/rsysmsg/action/detail/dds_fastrtps/monster__type_support.cpp.o[0m
[4.051s] [35m[1mConsolidate compiler generated dependencies of target rsysmsg__rosidl_typesupport_c[0m
[4.080s] [ 47%] [32mBuilding CXX object CMakeFiles/rsysmsg__rosidl_typesupport_c.dir/rosidl_typesupport_c/rsysmsg/srv/fight__type_support.cpp.o[0m
[4.082s] [ 50%] [32mBuilding CXX object CMakeFiles/rsysmsg__rosidl_typesupport_c.dir/rosidl_typesupport_c/rsysmsg/srv/name__type_support.cpp.o[0m
[4.082s] [ 50%] [32mBuilding CXX object CMakeFiles/rsysmsg__rosidl_typesupport_c.dir/rosidl_typesupport_c/rsysmsg/msg/fighting__type_support.cpp.o[0m
[4.082s] [ 53%] [32mBuilding CXX object CMakeFiles/rsysmsg__rosidl_typesupport_c.dir/rosidl_typesupport_c/rsysmsg/action/monster__type_support.cpp.o[0m
[4.082s] [ 53%] [32mBuilding CXX object CMakeFiles/rsysmsg__rosidl_typesupport_c.dir/rosidl_typesupport_c/rsysmsg/msg/num__type_support.cpp.o[0m
[4.175s] [35m[1mConsolidate compiler generated dependencies of target rsysmsg__rosidl_typesupport_introspection_c[0m
[4.178s] [ 55%] [32m[1mLinking CXX shared library librsysmsg__rosidl_typesupport_c.so[0m
[4.193s] [ 57%] [32mBuilding C object CMakeFiles/rsysmsg__rosidl_typesupport_introspection_c.dir/rosidl_typesupport_introspection_c/rsysmsg/srv/detail/name__type_support.c.o[0m
[4.193s] [ 58%] [32mBuilding C object CMakeFiles/rsysmsg__rosidl_typesupport_introspection_c.dir/rosidl_typesupport_introspection_c/rsysmsg/msg/detail/num__type_support.c.o[0m
[4.194s] [ 60%] [32mBuilding C object CMakeFiles/rsysmsg__rosidl_typesupport_introspection_c.dir/rosidl_typesupport_introspection_c/rsysmsg/srv/detail/fight__type_support.c.o[0m
[4.195s] [ 61%] [32mBuilding C object CMakeFiles/rsysmsg__rosidl_typesupport_introspection_c.dir/rosidl_typesupport_introspection_c/rsysmsg/msg/detail/fighting__type_support.c.o[0m
[4.200s] [ 63%] [32mBuilding C object CMakeFiles/rsysmsg__rosidl_typesupport_introspection_c.dir/rosidl_typesupport_introspection_c/rsysmsg/action/detail/monster__type_support.c.o[0m
[4.276s] [ 65%] [32m[1mLinking C shared library librsysmsg__rosidl_typesupport_introspection_c.so[0m
[4.308s] [35m[1mConsolidate compiler generated dependencies of target rsysmsg__rosidl_typesupport_fastrtps_c[0m
[4.330s] [ 66%] [32mBuilding CXX object CMakeFiles/rsysmsg__rosidl_typesupport_fastrtps_c.dir/rosidl_typesupport_fastrtps_c/rsysmsg/msg/detail/num__type_support_c.cpp.o[0m
[4.331s] [ 68%] [32mBuilding CXX object CMakeFiles/rsysmsg__rosidl_typesupport_fastrtps_c.dir/rosidl_typesupport_fastrtps_c/rsysmsg/srv/detail/fight__type_support_c.cpp.o[0m
[4.331s] [ 69%] [32mBuilding CXX object CMakeFiles/rsysmsg__rosidl_typesupport_fastrtps_c.dir/rosidl_typesupport_fastrtps_c/rsysmsg/msg/detail/fighting__type_support_c.cpp.o[0m
[4.333s] [ 71%] [32mBuilding CXX object CMakeFiles/rsysmsg__rosidl_typesupport_fastrtps_c.dir/rosidl_typesupport_fastrtps_c/rsysmsg/srv/detail/name__type_support_c.cpp.o[0m
[4.335s] [ 73%] [32mBuilding CXX object CMakeFiles/rsysmsg__rosidl_typesupport_fastrtps_c.dir/rosidl_typesupport_fastrtps_c/rsysmsg/action/detail/monster__type_support_c.cpp.o[0m
[4.346s] [ 73%] Built target rsysmsg__rosidl_typesupport_c
[4.348s] [ 74%] [32m[1mLinking CXX shared library librsysmsg__rosidl_typesupport_cpp.so[0m
[4.435s] [ 74%] Built target rsysmsg__rosidl_typesupport_introspection_c
[4.492s] [ 76%] [32m[1mLinking CXX shared library librsysmsg__rosidl_typesupport_introspection_cpp.so[0m
[4.492s] [ 76%] Built target rsysmsg__rosidl_typesupport_cpp
[4.682s] [ 77%] [32m[1mLinking CXX shared library librsysmsg__rosidl_typesupport_fastrtps_cpp.so[0m
[4.685s] [ 77%] Built target rsysmsg__rosidl_typesupport_introspection_cpp
[4.852s] [ 79%] [32m[1mLinking CXX shared library librsysmsg__rosidl_typesupport_fastrtps_c.so[0m
[4.855s] [ 79%] Built target rsysmsg__rosidl_typesupport_fastrtps_cpp
[5.181s] [ 79%] Built target rsysmsg__rosidl_typesupport_fastrtps_c
[5.212s] [ 79%] Built target rsysmsg
[5.238s] [ 80%] [34m[1mGenerating Python code for ROS interfaces[0m
[6.518s] [ 80%] Built target rsysmsg__py
[6.535s] [35m[1mConsolidate compiler generated dependencies of target rsysmsg__rosidl_generator_py[0m
[6.554s] [ 84%] [32mBuilding C object CMakeFiles/rsysmsg__rosidl_generator_py.dir/rosidl_generator_py/rsysmsg/srv/_name_s.c.o[0m
[6.555s] [ 84%] [32mBuilding C object CMakeFiles/rsysmsg__rosidl_generator_py.dir/rosidl_generator_py/rsysmsg/msg/_num_s.c.o[0m
[6.555s] [ 85%] [32mBuilding C object CMakeFiles/rsysmsg__rosidl_generator_py.dir/rosidl_generator_py/rsysmsg/msg/_fighting_s.c.o[0m
[6.556s] [ 87%] [32mBuilding C object CMakeFiles/rsysmsg__rosidl_generator_py.dir/rosidl_generator_py/rsysmsg/action/_monster_s.c.o[0m
[6.556s] [ 88%] [32mBuilding C object CMakeFiles/rsysmsg__rosidl_generator_py.dir/rosidl_generator_py/rsysmsg/srv/_fight_s.c.o[0m
[6.806s] [ 90%] [32m[1mLinking C shared library rosidl_generator_py/rsysmsg/librsysmsg__rosidl_generator_py.so[0m
[6.987s] [ 90%] Built target rsysmsg__rosidl_generator_py
[7.001s] [35m[1mConsolidate compiler generated dependencies of target rsysmsg__rosidl_typesupport_fastrtps_c__pyext[0m
[7.004s] [35m[1mConsolidate compiler generated dependencies of target rsysmsg__rosidl_typesupport_introspection_c__pyext[0m
[7.005s] [35m[1mConsolidate compiler generated dependencies of target rsysmsg__rosidl_typesupport_c__pyext[0m
[7.018s] [ 92%] [32mBuilding C object CMakeFiles/rsysmsg__rosidl_typesupport_fastrtps_c__pyext.dir/rosidl_generator_py/rsysmsg/_rsysmsg_s.ep.rosidl_typesupport_fastrtps_c.c.o[0m
[7.020s] [ 93%] [32mBuilding C object CMakeFiles/rsysmsg__rosidl_typesupport_c__pyext.dir/rosidl_generator_py/rsysmsg/_rsysmsg_s.ep.rosidl_typesupport_c.c.o[0m
[7.021s] [ 95%] [32mBuilding C object CMakeFiles/rsysmsg__rosidl_typesupport_introspection_c__pyext.dir/rosidl_generator_py/rsysmsg/_rsysmsg_s.ep.rosidl_typesupport_introspection_c.c.o[0m
[7.169s] [ 98%] [32m[1mLinking C shared library rosidl_generator_py/rsysmsg/rsysmsg_s__rosidl_typesupport_introspection_c.cpython-310-x86_64-linux-gnu.so[0m
[7.169s] [ 98%] [32m[1mLinking C shared library rosidl_generator_py/rsysmsg/rsysmsg_s__rosidl_typesupport_c.cpython-310-x86_64-linux-gnu.so[0m
[7.170s] [100%] [32m[1mLinking C shared library rosidl_generator_py/rsysmsg/rsysmsg_s__rosidl_typesupport_fastrtps_c.cpython-310-x86_64-linux-gnu.so[0m
[7.284s] [100%] Built target rsysmsg__rosidl_typesupport_c__pyext
[7.284s] [100%] Built target rsysmsg__rosidl_typesupport_introspection_c__pyext
[7.298s] [100%] Built target rsysmsg__rosidl_typesupport_fastrtps_c__pyext
[7.314s] Invoked command in '/home/rai-m/robosys/build/rsysmsg' returned '0': CMAKE_PREFIX_PATH=${CMAKE_PREFIX_PATH}:/home/rai-m/robosys/install/fight:/home/rai-m/mlr01_ws/install/lp01:/home/rai-m/test1_ws/install/robo02:/home/rai-m/test1_ws/install/robo01:/home/rai-m/test1_ws/install/py_pubsub:/home/rai-m/test1_ws/install/my_package2:/home/rai-m/test1_ws/install/my_package:/home/rai-m/test1_ws/install/multi01:/opt/ros/humble /usr/bin/cmake --build /home/rai-m/robosys/build/rsysmsg -- -j22 -l22
[7.327s] Invoking command in '/home/rai-m/robosys/build/rsysmsg': CMAKE_PREFIX_PATH=${CMAKE_PREFIX_PATH}:/home/rai-m/robosys/install/fight:/home/rai-m/mlr01_ws/install/lp01:/home/rai-m/test1_ws/install/robo02:/home/rai-m/test1_ws/install/robo01:/home/rai-m/test1_ws/install/py_pubsub:/home/rai-m/test1_ws/install/my_package2:/home/rai-m/test1_ws/install/my_package:/home/rai-m/test1_ws/install/multi01:/opt/ros/humble /usr/bin/cmake --install /home/rai-m/robosys/build/rsysmsg
[7.339s] -- Install configuration: ""
[7.339s] -- Installing: /home/rai-m/robosys/install/rsysmsg/share/ament_index/resource_index/rosidl_interfaces/rsysmsg
[7.340s] -- Up-to-date: /home/rai-m/robosys/install/rsysmsg/include/rsysmsg/rsysmsg
[7.340s] -- Up-to-date: /home/rai-m/robosys/install/rsysmsg/include/rsysmsg/rsysmsg/msg
[7.340s] -- Up-to-date: /home/rai-m/robosys/install/rsysmsg/include/rsysmsg/rsysmsg/msg/rosidl_generator_c__visibility_control.h
[7.340s] -- Up-to-date: /home/rai-m/robosys/install/rsysmsg/include/rsysmsg/rsysmsg/msg/detail
[7.340s] -- Installing: /home/rai-m/robosys/install/rsysmsg/include/rsysmsg/rsysmsg/msg/detail/num__functions.h
[7.341s] -- Installing: /home/rai-m/robosys/install/rsysmsg/include/rsysmsg/rsysmsg/msg/detail/num__functions.c
[7.341s] -- Installing: /home/rai-m/robosys/install/rsysmsg/include/rsysmsg/rsysmsg/msg/detail/fighting__type_support.h
[7.341s] -- Installing: /home/rai-m/robosys/install/rsysmsg/include/rsysmsg/rsysmsg/msg/detail/fighting__functions.h
[7.342s] -- Installing: /home/rai-m/robosys/install/rsysmsg/include/rsysmsg/rsysmsg/msg/detail/num__struct.h
[7.342s] -- Installing: /home/rai-m/robosys/install/rsysmsg/include/rsysmsg/rsysmsg/msg/detail/num__type_support.h
[7.342s] -- Installing: /home/rai-m/robosys/install/rsysmsg/include/rsysmsg/rsysmsg/msg/detail/fighting__struct.h
[7.342s] -- Installing: /home/rai-m/robosys/install/rsysmsg/include/rsysmsg/rsysmsg/msg/detail/fighting__functions.c
[7.342s] -- Installing: /home/rai-m/robosys/install/rsysmsg/include/rsysmsg/rsysmsg/msg/num.h
[7.342s] -- Installing: /home/rai-m/robosys/install/rsysmsg/include/rsysmsg/rsysmsg/msg/fighting.h
[7.343s] -- Up-to-date: /home/rai-m/robosys/install/rsysmsg/include/rsysmsg/rsysmsg/srv
[7.343s] -- Installing: /home/rai-m/robosys/install/rsysmsg/include/rsysmsg/rsysmsg/srv/fight.h
[7.344s] -- Up-to-date: /home/rai-m/robosys/install/rsysmsg/include/rsysmsg/rsysmsg/srv/detail
[7.344s] -- Installing: /home/rai-m/robosys/install/rsysmsg/include/rsysmsg/rsysmsg/srv/detail/name__functions.h
[7.345s] -- Installing: /home/rai-m/robosys/install/rsysmsg/include/rsysmsg/rsysmsg/srv/detail/fight__functions.h
[7.345s] -- Installing: /home/rai-m/robosys/install/rsysmsg/include/rsysmsg/rsysmsg/srv/detail/fight__struct.h
[7.346s] -- Installing: /home/rai-m/robosys/install/rsysmsg/include/rsysmsg/rsysmsg/srv/detail/fight__functions.c
[7.346s] -- Installing: /home/rai-m/robosys/install/rsysmsg/include/rsysmsg/rsysmsg/srv/detail/name__type_support.h
[7.346s] -- Installing: /home/rai-m/robosys/install/rsysmsg/include/rsysmsg/rsysmsg/srv/detail/name__functions.c
[7.346s] -- Installing: /home/rai-m/robosys/install/rsysmsg/include/rsysmsg/rsysmsg/srv/detail/fight__type_support.h
[7.346s] -- Installing: /home/rai-m/robosys/install/rsysmsg/include/rsysmsg/rsysmsg/srv/detail/name__struct.h
[7.346s] -- Installing: /home/rai-m/robosys/install/rsysmsg/include/rsysmsg/rsysmsg/srv/name.h
[7.346s] -- Up-to-date: /home/rai-m/robosys/install/rsysmsg/include/rsysmsg/rsysmsg/action
[7.346s] -- Installing: /home/rai-m/robosys/install/rsysmsg/include/rsysmsg/rsysmsg/action/monster.h
[7.346s] -- Up-to-date: /home/rai-m/robosys/install/rsysmsg/include/rsysmsg/rsysmsg/action/detail
[7.346s] -- Installing: /home/rai-m/robosys/install/rsysmsg/include/rsysmsg/rsysmsg/action/detail/monster__functions.h
[7.346s] -- Installing: /home/rai-m/robosys/install/rsysmsg/include/rsysmsg/rsysmsg/action/detail/monster__type_support.h
[7.346s] -- Installing: /home/rai-m/robosys/install/rsysmsg/include/rsysmsg/rsysmsg/action/detail/monster__struct.h
[7.347s] -- Installing: /home/rai-m/robosys/install/rsysmsg/include/rsysmsg/rsysmsg/action/detail/monster__functions.c
[7.347s] -- Up-to-date: /home/rai-m/robosys/install/rsysmsg/share/rsysmsg/environment/library_path.sh
[7.347s] -- Installing: /home/rai-m/robosys/install/rsysmsg/share/rsysmsg/environment/library_path.dsv
[7.347s] -- Installing: /home/rai-m/robosys/install/rsysmsg/lib/librsysmsg__rosidl_generator_c.so
[7.347s] -- Set runtime path of "/home/rai-m/robosys/install/rsysmsg/lib/librsysmsg__rosidl_generator_c.so" to ""
[7.348s] -- Up-to-date: /home/rai-m/robosys/install/rsysmsg/include/rsysmsg/rsysmsg
[7.348s] -- Up-to-date: /home/rai-m/robosys/install/rsysmsg/include/rsysmsg/rsysmsg/msg
[7.348s] -- Up-to-date: /home/rai-m/robosys/install/rsysmsg/include/rsysmsg/rsysmsg/msg/rosidl_typesupport_fastrtps_c__visibility_control.h
[7.348s] -- Up-to-date: /home/rai-m/robosys/install/rsysmsg/include/rsysmsg/rsysmsg/msg/detail
[7.348s] -- Installing: /home/rai-m/robosys/install/rsysmsg/include/rsysmsg/rsysmsg/msg/detail/fighting__rosidl_typesupport_fastrtps_c.h
[7.348s] -- Installing: /home/rai-m/robosys/install/rsysmsg/include/rsysmsg/rsysmsg/msg/detail/num__rosidl_typesupport_fastrtps_c.h
[7.348s] -- Up-to-date: /home/rai-m/robosys/install/rsysmsg/include/rsysmsg/rsysmsg/srv
[7.348s] -- Up-to-date: /home/rai-m/robosys/install/rsysmsg/include/rsysmsg/rsysmsg/srv/detail
[7.349s] -- Installing: /home/rai-m/robosys/install/rsysmsg/include/rsysmsg/rsysmsg/srv/detail/name__rosidl_typesupport_fastrtps_c.h
[7.349s] -- Installing: /home/rai-m/robosys/install/rsysmsg/include/rsysmsg/rsysmsg/srv/detail/fight__rosidl_typesupport_fastrtps_c.h
[7.349s] -- Up-to-date: /home/rai-m/robosys/install/rsysmsg/include/rsysmsg/rsysmsg/action
[7.349s] -- Up-to-date: /home/rai-m/robosys/install/rsysmsg/include/rsysmsg/rsysmsg/action/detail
[7.349s] -- Installing: /home/rai-m/robosys/install/rsysmsg/include/rsysmsg/rsysmsg/action/detail/monster__rosidl_typesupport_fastrtps_c.h
[7.349s] -- Installing: /home/rai-m/robosys/install/rsysmsg/lib/librsysmsg__rosidl_typesupport_fastrtps_c.so
[7.350s] -- Set runtime path of "/home/rai-m/robosys/install/rsysmsg/lib/librsysmsg__rosidl_typesupport_fastrtps_c.so" to ""
[7.350s] -- Up-to-date: /home/rai-m/robosys/install/rsysmsg/include/rsysmsg/rsysmsg
[7.350s] -- Up-to-date: /home/rai-m/robosys/install/rsysmsg/include/rsysmsg/rsysmsg/msg
[7.350s] -- Installing: /home/rai-m/robosys/install/rsysmsg/include/rsysmsg/rsysmsg/msg/fighting.hpp
[7.350s] -- Installing: /home/rai-m/robosys/install/rsysmsg/include/rsysmsg/rsysmsg/msg/num.hpp
[7.350s] -- Up-to-date: /home/rai-m/robosys/install/rsysmsg/include/rsysmsg/rsysmsg/msg/detail
[7.350s] -- Installing: /home/rai-m/robosys/install/rsysmsg/include/rsysmsg/rsysmsg/msg/detail/fighting__traits.hpp
[7.351s] -- Installing: /home/rai-m/robosys/install/rsysmsg/include/rsysmsg/rsysmsg/msg/detail/fighting__struct.hpp
[7.351s] -- Installing: /home/rai-m/robosys/install/rsysmsg/include/rsysmsg/rsysmsg/msg/detail/fighting__builder.hpp
[7.351s] -- Installing: /home/rai-m/robosys/install/rsysmsg/include/rsysmsg/rsysmsg/msg/detail/num__type_support.hpp
[7.351s] -- Installing: /home/rai-m/robosys/install/rsysmsg/include/rsysmsg/rsysmsg/msg/detail/num__traits.hpp
[7.351s] -- Installing: /home/rai-m/robosys/install/rsysmsg/include/rsysmsg/rsysmsg/msg/detail/num__struct.hpp
[7.351s] -- Installing: /home/rai-m/robosys/install/rsysmsg/include/rsysmsg/rsysmsg/msg/detail/fighting__type_support.hpp
[7.351s] -- Installing: /home/rai-m/robosys/install/rsysmsg/include/rsysmsg/rsysmsg/msg/detail/num__builder.hpp
[7.351s] -- Up-to-date: /home/rai-m/robosys/install/rsysmsg/include/rsysmsg/rsysmsg/msg/rosidl_generator_cpp__visibility_control.hpp
[7.352s] -- Up-to-date: /home/rai-m/robosys/install/rsysmsg/include/rsysmsg/rsysmsg/srv
[7.352s] -- Installing: /home/rai-m/robosys/install/rsysmsg/include/rsysmsg/rsysmsg/srv/name.hpp
[7.352s] -- Installing: /home/rai-m/robosys/install/rsysmsg/include/rsysmsg/rsysmsg/srv/fight.hpp
[7.352s] -- Up-to-date: /home/rai-m/robosys/install/rsysmsg/include/rsysmsg/rsysmsg/srv/detail
[7.352s] -- Installing: /home/rai-m/robosys/install/rsysmsg/include/rsysmsg/rsysmsg/srv/detail/name__type_support.hpp
[7.352s] -- Installing: /home/rai-m/robosys/install/rsysmsg/include/rsysmsg/rsysmsg/srv/detail/fight__type_support.hpp
[7.352s] -- Installing: /home/rai-m/robosys/install/rsysmsg/include/rsysmsg/rsysmsg/srv/detail/name__traits.hpp
[7.353s] -- Installing: /home/rai-m/robosys/install/rsysmsg/include/rsysmsg/rsysmsg/srv/detail/fight__builder.hpp
[7.353s] -- Installing: /home/rai-m/robosys/install/rsysmsg/include/rsysmsg/rsysmsg/srv/detail/fight__struct.hpp
[7.353s] -- Installing: /home/rai-m/robosys/install/rsysmsg/include/rsysmsg/rsysmsg/srv/detail/name__builder.hpp
[7.353s] -- Installing: /home/rai-m/robosys/install/rsysmsg/include/rsysmsg/rsysmsg/srv/detail/fight__traits.hpp
[7.353s] -- Installing: /home/rai-m/robosys/install/rsysmsg/include/rsysmsg/rsysmsg/srv/detail/name__struct.hpp
[7.354s] -- Up-to-date: /home/rai-m/robosys/install/rsysmsg/include/rsysmsg/rsysmsg/action
[7.354s] -- Installing: /home/rai-m/robosys/install/rsysmsg/include/rsysmsg/rsysmsg/action/monster.hpp
[7.354s] -- Up-to-date: /home/rai-m/robosys/install/rsysmsg/include/rsysmsg/rsysmsg/action/detail
[7.355s] -- Installing: /home/rai-m/robosys/install/rsysmsg/include/rsysmsg/rsysmsg/action/detail/monster__type_support.hpp
[7.355s] -- Installing: /home/rai-m/robosys/install/rsysmsg/include/rsysmsg/rsysmsg/action/detail/monster__traits.hpp
[7.356s] -- Installing: /home/rai-m/robosys/install/rsysmsg/include/rsysmsg/rsysmsg/action/detail/monster__struct.hpp
[7.356s] -- Installing: /home/rai-m/robosys/install/rsysmsg/include/rsysmsg/rsysmsg/action/detail/monster__builder.hpp
[7.357s] -- Up-to-date: /home/rai-m/robosys/install/rsysmsg/include/rsysmsg/rsysmsg
[7.357s] -- Up-to-date: /home/rai-m/robosys/install/rsysmsg/include/rsysmsg/rsysmsg/msg
[7.357s] -- Up-to-date: /home/rai-m/robosys/install/rsysmsg/include/rsysmsg/rsysmsg/msg/rosidl_typesupport_fastrtps_cpp__visibility_control.h
[7.357s] -- Up-to-date: /home/rai-m/robosys/install/rsysmsg/include/rsysmsg/rsysmsg/msg/detail
[7.357s] -- Up-to-date: /home/rai-m/robosys/install/rsysmsg/include/rsysmsg/rsysmsg/msg/detail/dds_fastrtps
[7.357s] -- Installing: /home/rai-m/robosys/install/rsysmsg/include/rsysmsg/rsysmsg/msg/detail/num__rosidl_typesupport_fastrtps_cpp.hpp
[7.357s] -- Installing: /home/rai-m/robosys/install/rsysmsg/include/rsysmsg/rsysmsg/msg/detail/fighting__rosidl_typesupport_fastrtps_cpp.hpp
[7.357s] -- Up-to-date: /home/rai-m/robosys/install/rsysmsg/include/rsysmsg/rsysmsg/srv
[7.357s] -- Up-to-date: /home/rai-m/robosys/install/rsysmsg/include/rsysmsg/rsysmsg/srv/detail
[7.357s] -- Installing: /home/rai-m/robosys/install/rsysmsg/include/rsysmsg/rsysmsg/srv/detail/name__rosidl_typesupport_fastrtps_cpp.hpp
[7.358s] -- Installing: /home/rai-m/robosys/install/rsysmsg/include/rsysmsg/rsysmsg/srv/detail/fight__rosidl_typesupport_fastrtps_cpp.hpp
[7.358s] -- Up-to-date: /home/rai-m/robosys/install/rsysmsg/include/rsysmsg/rsysmsg/srv/detail/dds_fastrtps
[7.358s] -- Up-to-date: /home/rai-m/robosys/install/rsysmsg/include/rsysmsg/rsysmsg/action
[7.358s] -- Up-to-date: /home/rai-m/robosys/install/rsysmsg/include/rsysmsg/rsysmsg/action/detail
[7.358s] -- Up-to-date: /home/rai-m/robosys/install/rsysmsg/include/rsysmsg/rsysmsg/action/detail/dds_fastrtps
[7.359s] -- Installing: /home/rai-m/robosys/install/rsysmsg/include/rsysmsg/rsysmsg/action/detail/monster__rosidl_typesupport_fastrtps_cpp.hpp
[7.359s] -- Installing: /home/rai-m/robosys/install/rsysmsg/lib/librsysmsg__rosidl_typesupport_fastrtps_cpp.so
[7.359s] -- Set runtime path of "/home/rai-m/robosys/install/rsysmsg/lib/librsysmsg__rosidl_typesupport_fastrtps_cpp.so" to ""
[7.359s] -- Up-to-date: /home/rai-m/robosys/install/rsysmsg/include/rsysmsg/rsysmsg
[7.359s] -- Up-to-date: /home/rai-m/robosys/install/rsysmsg/include/rsysmsg/rsysmsg/msg
[7.359s] -- Up-to-date: /home/rai-m/robosys/install/rsysmsg/include/rsysmsg/rsysmsg/msg/rosidl_typesupport_introspection_c__visibility_control.h
[7.359s] -- Up-to-date: /home/rai-m/robosys/install/rsysmsg/include/rsysmsg/rsysmsg/msg/detail
[7.359s] -- Installing: /home/rai-m/robosys/install/rsysmsg/include/rsysmsg/rsysmsg/msg/detail/num__type_support.c
[7.359s] -- Installing: /home/rai-m/robosys/install/rsysmsg/include/rsysmsg/rsysmsg/msg/detail/fighting__type_support.c
[7.360s] -- Installing: /home/rai-m/robosys/install/rsysmsg/include/rsysmsg/rsysmsg/msg/detail/num__rosidl_typesupport_introspection_c.h
[7.360s] -- Installing: /home/rai-m/robosys/install/rsysmsg/include/rsysmsg/rsysmsg/msg/detail/fighting__rosidl_typesupport_introspection_c.h
[7.360s] -- Up-to-date: /home/rai-m/robosys/install/rsysmsg/include/rsysmsg/rsysmsg/srv
[7.360s] -- Up-to-date: /home/rai-m/robosys/install/rsysmsg/include/rsysmsg/rsysmsg/srv/detail
[7.360s] -- Installing: /home/rai-m/robosys/install/rsysmsg/include/rsysmsg/rsysmsg/srv/detail/fight__rosidl_typesupport_introspection_c.h
[7.361s] -- Installing: /home/rai-m/robosys/install/rsysmsg/include/rsysmsg/rsysmsg/srv/detail/name__type_support.c
[7.361s] -- Installing: /home/rai-m/robosys/install/rsysmsg/include/rsysmsg/rsysmsg/srv/detail/fight__type_support.c
[7.361s] -- Installing: /home/rai-m/robosys/install/rsysmsg/include/rsysmsg/rsysmsg/srv/detail/name__rosidl_typesupport_introspection_c.h
[7.361s] -- Up-to-date: /home/rai-m/robosys/install/rsysmsg/include/rsysmsg/rsysmsg/action
[7.361s] -- Up-to-date: /home/rai-m/robosys/install/rsysmsg/include/rsysmsg/rsysmsg/action/detail
[7.362s] -- Installing: /home/rai-m/robosys/install/rsysmsg/include/rsysmsg/rsysmsg/action/detail/monster__type_support.c
[7.362s] -- Installing: /home/rai-m/robosys/install/rsysmsg/include/rsysmsg/rsysmsg/action/detail/monster__rosidl_typesupport_introspection_c.h
[7.362s] -- Installing: /home/rai-m/robosys/install/rsysmsg/lib/librsysmsg__rosidl_typesupport_introspection_c.so
[7.362s] -- Set runtime path of "/home/rai-m/robosys/install/rsysmsg/lib/librsysmsg__rosidl_typesupport_introspection_c.so" to ""
[7.362s] -- Installing: /home/rai-m/robosys/install/rsysmsg/lib/librsysmsg__rosidl_typesupport_c.so
[7.362s] -- Set runtime path of "/home/rai-m/robosys/install/rsysmsg/lib/librsysmsg__rosidl_typesupport_c.so" to ""
[7.362s] -- Up-to-date: /home/rai-m/robosys/install/rsysmsg/include/rsysmsg/rsysmsg
[7.363s] -- Up-to-date: /home/rai-m/robosys/install/rsysmsg/include/rsysmsg/rsysmsg/msg
[7.363s] -- Up-to-date: /home/rai-m/robosys/install/rsysmsg/include/rsysmsg/rsysmsg/msg/detail
[7.363s] -- Installing: /home/rai-m/robosys/install/rsysmsg/include/rsysmsg/rsysmsg/msg/detail/fighting__type_support.cpp
[7.363s] -- Installing: /home/rai-m/robosys/install/rsysmsg/include/rsysmsg/rsysmsg/msg/detail/fighting__rosidl_typesupport_introspection_cpp.hpp
[7.363s] -- Installing: /home/rai-m/robosys/install/rsysmsg/include/rsysmsg/rsysmsg/msg/detail/num__rosidl_typesupport_introspection_cpp.hpp
[7.364s] -- Installing: /home/rai-m/robosys/install/rsysmsg/include/rsysmsg/rsysmsg/msg/detail/num__type_support.cpp
[7.364s] -- Up-to-date: /home/rai-m/robosys/install/rsysmsg/include/rsysmsg/rsysmsg/srv
[7.364s] -- Up-to-date: /home/rai-m/robosys/install/rsysmsg/include/rsysmsg/rsysmsg/srv/detail
[7.364s] -- Installing: /home/rai-m/robosys/install/rsysmsg/include/rsysmsg/rsysmsg/srv/detail/name__type_support.cpp
[7.364s] -- Installing: /home/rai-m/robosys/install/rsysmsg/include/rsysmsg/rsysmsg/srv/detail/name__rosidl_typesupport_introspection_cpp.hpp
[7.364s] -- Installing: /home/rai-m/robosys/install/rsysmsg/include/rsysmsg/rsysmsg/srv/detail/fight__rosidl_typesupport_introspection_cpp.hpp
[7.364s] -- Installing: /home/rai-m/robosys/install/rsysmsg/include/rsysmsg/rsysmsg/srv/detail/fight__type_support.cpp
[7.364s] -- Up-to-date: /home/rai-m/robosys/install/rsysmsg/include/rsysmsg/rsysmsg/action
[7.364s] -- Up-to-date: /home/rai-m/robosys/install/rsysmsg/include/rsysmsg/rsysmsg/action/detail
[7.364s] -- Installing: /home/rai-m/robosys/install/rsysmsg/include/rsysmsg/rsysmsg/action/detail/monster__type_support.cpp
[7.365s] -- Installing: /home/rai-m/robosys/install/rsysmsg/include/rsysmsg/rsysmsg/action/detail/monster__rosidl_typesupport_introspection_cpp.hpp
[7.365s] -- Installing: /home/rai-m/robosys/install/rsysmsg/lib/librsysmsg__rosidl_typesupport_introspection_cpp.so
[7.365s] -- Set runtime path of "/home/rai-m/robosys/install/rsysmsg/lib/librsysmsg__rosidl_typesupport_introspection_cpp.so" to ""
[7.365s] -- Installing: /home/rai-m/robosys/install/rsysmsg/lib/librsysmsg__rosidl_typesupport_cpp.so
[7.365s] -- Set runtime path of "/home/rai-m/robosys/install/rsysmsg/lib/librsysmsg__rosidl_typesupport_cpp.so" to ""
[7.365s] -- Up-to-date: /home/rai-m/robosys/install/rsysmsg/share/rsysmsg/environment/pythonpath.sh
[7.365s] -- Installing: /home/rai-m/robosys/install/rsysmsg/share/rsysmsg/environment/pythonpath.dsv
[7.365s] -- Up-to-date: /home/rai-m/robosys/install/rsysmsg/local/lib/python3.10/dist-packages/rsysmsg-0.0.0-py3.10.egg-info
[7.365s] -- Installing: /home/rai-m/robosys/install/rsysmsg/local/lib/python3.10/dist-packages/rsysmsg-0.0.0-py3.10.egg-info/SOURCES.txt
[7.365s] -- Installing: /home/rai-m/robosys/install/rsysmsg/local/lib/python3.10/dist-packages/rsysmsg-0.0.0-py3.10.egg-info/dependency_links.txt
[7.365s] -- Installing: /home/rai-m/robosys/install/rsysmsg/local/lib/python3.10/dist-packages/rsysmsg-0.0.0-py3.10.egg-info/top_level.txt
[7.365s] -- Installing: /home/rai-m/robosys/install/rsysmsg/local/lib/python3.10/dist-packages/rsysmsg-0.0.0-py3.10.egg-info/PKG-INFO
[7.365s] -- Up-to-date: /home/rai-m/robosys/install/rsysmsg/local/lib/python3.10/dist-packages/rsysmsg
[7.366s] -- Up-to-date: /home/rai-m/robosys/install/rsysmsg/local/lib/python3.10/dist-packages/rsysmsg/msg
[7.366s] -- Installing: /home/rai-m/robosys/install/rsysmsg/local/lib/python3.10/dist-packages/rsysmsg/msg/_num.py
[7.366s] -- Installing: /home/rai-m/robosys/install/rsysmsg/local/lib/python3.10/dist-packages/rsysmsg/msg/_fighting.py
[7.366s] -- Installing: /home/rai-m/robosys/install/rsysmsg/local/lib/python3.10/dist-packages/rsysmsg/msg/_fighting_s.c
[7.366s] -- Installing: /home/rai-m/robosys/install/rsysmsg/local/lib/python3.10/dist-packages/rsysmsg/msg/_num_s.c
[7.366s] -- Installing: /home/rai-m/robosys/install/rsysmsg/local/lib/python3.10/dist-packages/rsysmsg/msg/__init__.py
[7.366s] -- Installing: /home/rai-m/robosys/install/rsysmsg/local/lib/python3.10/dist-packages/rsysmsg/librsysmsg__rosidl_generator_py.so
[7.367s] -- Up-to-date: /home/rai-m/robosys/install/rsysmsg/local/lib/python3.10/dist-packages/rsysmsg/srv
[7.367s] -- Installing: /home/rai-m/robosys/install/rsysmsg/local/lib/python3.10/dist-packages/rsysmsg/srv/_name.py
[7.367s] -- Installing: /home/rai-m/robosys/install/rsysmsg/local/lib/python3.10/dist-packages/rsysmsg/srv/_fight_s.c
[7.367s] -- Installing: /home/rai-m/robosys/install/rsysmsg/local/lib/python3.10/dist-packages/rsysmsg/srv/_fight.py
[7.367s] -- Installing: /home/rai-m/robosys/install/rsysmsg/local/lib/python3.10/dist-packages/rsysmsg/srv/_name_s.c
[7.368s] -- Installing: /home/rai-m/robosys/install/rsysmsg/local/lib/python3.10/dist-packages/rsysmsg/srv/__init__.py
[7.368s] -- Up-to-date: /home/rai-m/robosys/install/rsysmsg/local/lib/python3.10/dist-packages/rsysmsg/action
[7.368s] -- Installing: /home/rai-m/robosys/install/rsysmsg/local/lib/python3.10/dist-packages/rsysmsg/action/_monster_s.c
[7.368s] -- Installing: /home/rai-m/robosys/install/rsysmsg/local/lib/python3.10/dist-packages/rsysmsg/action/_monster.py
[7.369s] -- Installing: /home/rai-m/robosys/install/rsysmsg/local/lib/python3.10/dist-packages/rsysmsg/action/__init__.py
[7.369s] -- Installing: /home/rai-m/robosys/install/rsysmsg/local/lib/python3.10/dist-packages/rsysmsg/_rsysmsg_s.ep.rosidl_typesupport_introspection_c.c
[7.369s] -- Installing: /home/rai-m/robosys/install/rsysmsg/local/lib/python3.10/dist-packages/rsysmsg/rsysmsg_s__rosidl_typesupport_fastrtps_c.cpython-310-x86_64-linux-gnu.so
[7.369s] -- Installing: /home/rai-m/robosys/install/rsysmsg/local/lib/python3.10/dist-packages/rsysmsg/rsysmsg_s__rosidl_typesupport_c.cpython-310-x86_64-linux-gnu.so
[7.370s] -- Installing: /home/rai-m/robosys/install/rsysmsg/local/lib/python3.10/dist-packages/rsysmsg/_rsysmsg_s.ep.rosidl_typesupport_c.c
[7.370s] -- Installing: /home/rai-m/robosys/install/rsysmsg/local/lib/python3.10/dist-packages/rsysmsg/_rsysmsg_s.ep.rosidl_typesupport_fastrtps_c.c
[7.370s] -- Installing: /home/rai-m/robosys/install/rsysmsg/local/lib/python3.10/dist-packages/rsysmsg/__init__.py
[7.370s] -- Installing: /home/rai-m/robosys/install/rsysmsg/local/lib/python3.10/dist-packages/rsysmsg/rsysmsg_s__rosidl_typesupport_introspection_c.cpython-310-x86_64-linux-gnu.so
[7.444s] Listing '/home/rai-m/robosys/install/rsysmsg/local/lib/python3.10/dist-packages/rsysmsg'...
[7.445s] Compiling '/home/rai-m/robosys/install/rsysmsg/local/lib/python3.10/dist-packages/rsysmsg/__init__.py'...
[7.445s] Listing '/home/rai-m/robosys/install/rsysmsg/local/lib/python3.10/dist-packages/rsysmsg/action'...
[7.445s] Compiling '/home/rai-m/robosys/install/rsysmsg/local/lib/python3.10/dist-packages/rsysmsg/action/__init__.py'...
[7.445s] Compiling '/home/rai-m/robosys/install/rsysmsg/local/lib/python3.10/dist-packages/rsysmsg/action/_monster.py'...
[7.445s] Listing '/home/rai-m/robosys/install/rsysmsg/local/lib/python3.10/dist-packages/rsysmsg/msg'...
[7.445s] Compiling '/home/rai-m/robosys/install/rsysmsg/local/lib/python3.10/dist-packages/rsysmsg/msg/__init__.py'...
[7.445s] Compiling '/home/rai-m/robosys/install/rsysmsg/local/lib/python3.10/dist-packages/rsysmsg/msg/_fighting.py'...
[7.445s] Compiling '/home/rai-m/robosys/install/rsysmsg/local/lib/python3.10/dist-packages/rsysmsg/msg/_num.py'...
[7.445s] Listing '/home/rai-m/robosys/install/rsysmsg/local/lib/python3.10/dist-packages/rsysmsg/srv'...
[7.445s] Compiling '/home/rai-m/robosys/install/rsysmsg/local/lib/python3.10/dist-packages/rsysmsg/srv/__init__.py'...
[7.445s] Compiling '/home/rai-m/robosys/install/rsysmsg/local/lib/python3.10/dist-packages/rsysmsg/srv/_fight.py'...
[7.445s] Compiling '/home/rai-m/robosys/install/rsysmsg/local/lib/python3.10/dist-packages/rsysmsg/srv/_name.py'...
[7.445s] -- Installing: /home/rai-m/robosys/install/rsysmsg/local/lib/python3.10/dist-packages/rsysmsg/rsysmsg_s__rosidl_typesupport_fastrtps_c.cpython-310-x86_64-linux-gnu.so
[7.445s] -- Set runtime path of "/home/rai-m/robosys/install/rsysmsg/local/lib/python3.10/dist-packages/rsysmsg/rsysmsg_s__rosidl_typesupport_fastrtps_c.cpython-310-x86_64-linux-gnu.so" to ""
[7.445s] -- Installing: /home/rai-m/robosys/install/rsysmsg/local/lib/python3.10/dist-packages/rsysmsg/rsysmsg_s__rosidl_typesupport_introspection_c.cpython-310-x86_64-linux-gnu.so
[7.445s] -- Set runtime path of "/home/rai-m/robosys/install/rsysmsg/local/lib/python3.10/dist-packages/rsysmsg/rsysmsg_s__rosidl_typesupport_introspection_c.cpython-310-x86_64-linux-gnu.so" to ""
[7.445s] -- Installing: /home/rai-m/robosys/install/rsysmsg/local/lib/python3.10/dist-packages/rsysmsg/rsysmsg_s__rosidl_typesupport_c.cpython-310-x86_64-linux-gnu.so
[7.445s] -- Set runtime path of "/home/rai-m/robosys/install/rsysmsg/local/lib/python3.10/dist-packages/rsysmsg/rsysmsg_s__rosidl_typesupport_c.cpython-310-x86_64-linux-gnu.so" to ""
[7.445s] -- Installing: /home/rai-m/robosys/install/rsysmsg/lib/librsysmsg__rosidl_generator_py.so
[7.445s] -- Set runtime path of "/home/rai-m/robosys/install/rsysmsg/lib/librsysmsg__rosidl_generator_py.so" to ""
[7.446s] -- Up-to-date: /home/rai-m/robosys/install/rsysmsg/share/rsysmsg/msg/Num.idl
[7.446s] -- Installing: /home/rai-m/robosys/install/rsysmsg/share/rsysmsg/msg/Fighting.idl
[7.446s] -- Up-to-date: /home/rai-m/robosys/install/rsysmsg/share/rsysmsg/srv/Name.idl
[7.446s] -- Installing: /home/rai-m/robosys/install/rsysmsg/share/rsysmsg/srv/Fight.idl
[7.446s] -- Up-to-date: /home/rai-m/robosys/install/rsysmsg/share/rsysmsg/action/Monster.idl
[7.446s] -- Up-to-date: /home/rai-m/robosys/install/rsysmsg/share/rsysmsg/msg/Num.msg
[7.446s] -- Installing: /home/rai-m/robosys/install/rsysmsg/share/rsysmsg/msg/Fighting.msg
[7.446s] -- Up-to-date: /home/rai-m/robosys/install/rsysmsg/share/rsysmsg/srv/Name.srv
[7.446s] -- Up-to-date: /home/rai-m/robosys/install/rsysmsg/share/rsysmsg/srv/Name_Request.msg
[7.446s] -- Up-to-date: /home/rai-m/robosys/install/rsysmsg/share/rsysmsg/srv/Name_Response.msg
[7.446s] -- Installing: /home/rai-m/robosys/install/rsysmsg/share/rsysmsg/srv/Fight.srv
[7.446s] -- Installing: /home/rai-m/robosys/install/rsysmsg/share/rsysmsg/srv/Fight_Request.msg
[7.446s] -- Installing: /home/rai-m/robosys/install/rsysmsg/share/rsysmsg/srv/Fight_Response.msg
[7.446s] -- Up-to-date: /home/rai-m/robosys/install/rsysmsg/share/rsysmsg/action/Monster.action
[7.446s] -- Up-to-date: /home/rai-m/robosys/install/rsysmsg/share/ament_index/resource_index/package_run_dependencies/rsysmsg
[7.446s] -- Up-to-date: /home/rai-m/robosys/install/rsysmsg/share/ament_index/resource_index/parent_prefix_path/rsysmsg
[7.446s] -- Up-to-date: /home/rai-m/robosys/install/rsysmsg/share/rsysmsg/environment/ament_prefix_path.sh
[7.446s] -- Installing: /home/rai-m/robosys/install/rsysmsg/share/rsysmsg/environment/ament_prefix_path.dsv
[7.446s] -- Up-to-date: /home/rai-m/robosys/install/rsysmsg/share/rsysmsg/environment/path.sh
[7.446s] -- Installing: /home/rai-m/robosys/install/rsysmsg/share/rsysmsg/environment/path.dsv
[7.446s] -- Up-to-date: /home/rai-m/robosys/install/rsysmsg/share/rsysmsg/local_setup.bash
[7.447s] -- Up-to-date: /home/rai-m/robosys/install/rsysmsg/share/rsysmsg/local_setup.sh
[7.447s] -- Up-to-date: /home/rai-m/robosys/install/rsysmsg/share/rsysmsg/local_setup.zsh
[7.447s] -- Installing: /home/rai-m/robosys/install/rsysmsg/share/rsysmsg/local_setup.dsv
[7.447s] -- Installing: /home/rai-m/robosys/install/rsysmsg/share/rsysmsg/package.dsv
[7.447s] -- Up-to-date: /home/rai-m/robosys/install/rsysmsg/share/ament_index/resource_index/packages/rsysmsg
[7.447s] -- Up-to-date: /home/rai-m/robosys/install/rsysmsg/share/rsysmsg/cmake/export_rsysmsg__rosidl_generator_cExport.cmake
[7.447s] -- Up-to-date: /home/rai-m/robosys/install/rsysmsg/share/rsysmsg/cmake/export_rsysmsg__rosidl_generator_cExport-noconfig.cmake
[7.447s] -- Up-to-date: /home/rai-m/robosys/install/rsysmsg/share/rsysmsg/cmake/export_rsysmsg__rosidl_typesupport_fastrtps_cExport.cmake
[7.447s] -- Up-to-date: /home/rai-m/robosys/install/rsysmsg/share/rsysmsg/cmake/export_rsysmsg__rosidl_typesupport_fastrtps_cExport-noconfig.cmake
[7.447s] -- Up-to-date: /home/rai-m/robosys/install/rsysmsg/share/rsysmsg/cmake/export_rsysmsg__rosidl_generator_cppExport.cmake
[7.447s] -- Up-to-date: /home/rai-m/robosys/install/rsysmsg/share/rsysmsg/cmake/export_rsysmsg__rosidl_typesupport_fastrtps_cppExport.cmake
[7.447s] -- Up-to-date: /home/rai-m/robosys/install/rsysmsg/share/rsysmsg/cmake/export_rsysmsg__rosidl_typesupport_fastrtps_cppExport-noconfig.cmake
[7.447s] -- Up-to-date: /home/rai-m/robosys/install/rsysmsg/share/rsysmsg/cmake/rsysmsg__rosidl_typesupport_introspection_cExport.cmake
[7.447s] -- Up-to-date: /home/rai-m/robosys/install/rsysmsg/share/rsysmsg/cmake/rsysmsg__rosidl_typesupport_introspection_cExport-noconfig.cmake
[7.447s] -- Up-to-date: /home/rai-m/robosys/install/rsysmsg/share/rsysmsg/cmake/rsysmsg__rosidl_typesupport_cExport.cmake
[7.447s] -- Up-to-date: /home/rai-m/robosys/install/rsysmsg/share/rsysmsg/cmake/rsysmsg__rosidl_typesupport_cExport-noconfig.cmake
[7.447s] -- Up-to-date: /home/rai-m/robosys/install/rsysmsg/share/rsysmsg/cmake/rsysmsg__rosidl_typesupport_introspection_cppExport.cmake
[7.447s] -- Up-to-date: /home/rai-m/robosys/install/rsysmsg/share/rsysmsg/cmake/rsysmsg__rosidl_typesupport_introspection_cppExport-noconfig.cmake
[7.447s] -- Up-to-date: /home/rai-m/robosys/install/rsysmsg/share/rsysmsg/cmake/rsysmsg__rosidl_typesupport_cppExport.cmake
[7.448s] -- Up-to-date: /home/rai-m/robosys/install/rsysmsg/share/rsysmsg/cmake/rsysmsg__rosidl_typesupport_cppExport-noconfig.cmake
[7.448s] -- Up-to-date: /home/rai-m/robosys/install/rsysmsg/share/rsysmsg/cmake/export_rsysmsg__rosidl_generator_pyExport.cmake
[7.448s] -- Up-to-date: /home/rai-m/robosys/install/rsysmsg/share/rsysmsg/cmake/export_rsysmsg__rosidl_generator_pyExport-noconfig.cmake
[7.448s] -- Installing: /home/rai-m/robosys/install/rsysmsg/share/rsysmsg/cmake/rosidl_cmake-extras.cmake
[7.448s] -- Up-to-date: /home/rai-m/robosys/install/rsysmsg/share/rsysmsg/cmake/ament_cmake_export_dependencies-extras.cmake
[7.448s] -- Up-to-date: /home/rai-m/robosys/install/rsysmsg/share/rsysmsg/cmake/ament_cmake_export_include_directories-extras.cmake
[7.448s] -- Up-to-date: /home/rai-m/robosys/install/rsysmsg/share/rsysmsg/cmake/ament_cmake_export_libraries-extras.cmake
[7.448s] -- Up-to-date: /home/rai-m/robosys/install/rsysmsg/share/rsysmsg/cmake/ament_cmake_export_targets-extras.cmake
[7.448s] -- Up-to-date: /home/rai-m/robosys/install/rsysmsg/share/rsysmsg/cmake/rosidl_cmake_export_typesupport_targets-extras.cmake
[7.448s] -- Up-to-date: /home/rai-m/robosys/install/rsysmsg/share/rsysmsg/cmake/rosidl_cmake_export_typesupport_libraries-extras.cmake
[7.448s] -- Up-to-date: /home/rai-m/robosys/install/rsysmsg/share/rsysmsg/cmake/rsysmsgConfig.cmake
[7.448s] -- Up-to-date: /home/rai-m/robosys/install/rsysmsg/share/rsysmsg/cmake/rsysmsgConfig-version.cmake
[7.448s] -- Up-to-date: /home/rai-m/robosys/install/rsysmsg/share/rsysmsg/package.xml
[7.453s] Invoked command in '/home/rai-m/robosys/build/rsysmsg' returned '0': CMAKE_PREFIX_PATH=${CMAKE_PREFIX_PATH}:/home/rai-m/robosys/install/fight:/home/rai-m/mlr01_ws/install/lp01:/home/rai-m/test1_ws/install/robo02:/home/rai-m/test1_ws/install/robo01:/home/rai-m/test1_ws/install/py_pubsub:/home/rai-m/test1_ws/install/my_package2:/home/rai-m/test1_ws/install/my_package:/home/rai-m/test1_ws/install/multi01:/opt/ros/humble /usr/bin/cmake --install /home/rai-m/robosys/build/rsysmsg
