[0.684s] Invoking command in '/home/rai-m/robosys/src/fight': PYTHONPATH=/home/rai-m/robosys/build/fight/prefix_override:/usr/lib/python3/dist-packages/colcon_core/task/python/colcon_distutils_commands:/home/rai-m/robosys/install/fight/lib/python3.10/site-packages:${PYTHONPATH} /usr/bin/python3 -W ignore:setup.py install is deprecated -W ignore:easy_install command is deprecated setup.py egg_info --egg-base ../../build/fight build --build-base /home/rai-m/robosys/build/fight/build install --record /home/rai-m/robosys/build/fight/install.log --single-version-externally-managed install_data
[0.874s] running egg_info
[0.875s] writing ../../build/fight/fight.egg-info/PKG-INFO
[0.875s] writing dependency_links to ../../build/fight/fight.egg-info/dependency_links.txt
[0.875s] writing entry points to ../../build/fight/fight.egg-info/entry_points.txt
[0.875s] writing requirements to ../../build/fight/fight.egg-info/requires.txt
[0.875s] writing top-level names to ../../build/fight/fight.egg-info/top_level.txt
[0.877s] reading manifest file '../../build/fight/fight.egg-info/SOURCES.txt'
[0.877s] adding license file 'LICENSE'
[0.877s] writing manifest file '../../build/fight/fight.egg-info/SOURCES.txt'
[0.878s] running build
[0.878s] running build_py
[0.878s] running install
[0.879s] running install_lib
[0.880s] running install_data
[0.883s] running install_egg_info
[0.884s] removing '/home/rai-m/robosys/install/fight/lib/python3.10/site-packages/fight-0.0.0-py3.10.egg-info' (and everything under it)
[0.884s] Copying ../../build/fight/fight.egg-info to /home/rai-m/robosys/install/fight/lib/python3.10/site-packages/fight-0.0.0-py3.10.egg-info
[0.885s] running install_scripts
[0.900s] Installing fightCli script to /home/rai-m/robosys/install/fight/lib/fight
[0.901s] Installing fightGui script to /home/rai-m/robosys/install/fight/lib/fight
[0.901s] Installing fightSv script to /home/rai-m/robosys/install/fight/lib/fight
[0.902s] writing list of installed files to '/home/rai-m/robosys/build/fight/install.log'
[0.921s] Invoked command in '/home/rai-m/robosys/src/fight' returned '0': PYTHONPATH=/home/rai-m/robosys/build/fight/prefix_override:/usr/lib/python3/dist-packages/colcon_core/task/python/colcon_distutils_commands:/home/rai-m/robosys/install/fight/lib/python3.10/site-packages:${PYTHONPATH} /usr/bin/python3 -W ignore:setup.py install is deprecated -W ignore:easy_install command is deprecated setup.py egg_info --egg-base ../../build/fight build --build-base /home/rai-m/robosys/build/fight/build install --record /home/rai-m/robosys/build/fight/install.log --single-version-externally-managed install_data
