[1.599s] Invoking command in '/home/rai-m/robosys/src/fight': PYTHONPATH=/home/rai-m/robosys/build/fight/prefix_override:/usr/lib/python3/dist-packages/colcon_core/task/python/colcon_distutils_commands:/home/rai-m/robosys/install/fight/lib/python3.10/site-packages:${PYTHONPATH} /usr/bin/python3 -W ignore:setup.py install is deprecated -W ignore:easy_install command is deprecated setup.py egg_info --egg-base ../../build/fight build --build-base /home/rai-m/robosys/build/fight/build install --record /home/rai-m/robosys/build/fight/install.log --single-version-externally-managed install_data
[1.911s] running egg_info
[1.912s] writing ../../build/fight/fight.egg-info/PKG-INFO
[1.915s] writing dependency_links to ../../build/fight/fight.egg-info/dependency_links.txt
[1.915s] writing entry points to ../../build/fight/fight.egg-info/entry_points.txt
[1.915s] writing requirements to ../../build/fight/fight.egg-info/requires.txt
[1.916s] writing top-level names to ../../build/fight/fight.egg-info/top_level.txt
[1.918s] reading manifest file '../../build/fight/fight.egg-info/SOURCES.txt'
[1.919s] adding license file 'LICENSE'
[1.920s] writing manifest file '../../build/fight/fight.egg-info/SOURCES.txt'
[1.921s] running build
[1.921s] running build_py
[1.921s] copying fight/fighter.py -> /home/rai-m/robosys/build/fight/build/lib/fight
[1.922s] copying fight/monster.py -> /home/rai-m/robosys/build/fight/build/lib/fight
[1.923s] copying fight/class001.py -> /home/rai-m/robosys/build/fight/build/lib/fight
[1.924s] running install
[1.924s] running install_lib
[1.925s] copying /home/rai-m/robosys/build/fight/build/lib/fight/fighter.py -> /home/rai-m/robosys/install/fight/lib/python3.10/site-packages/fight
[1.926s] copying /home/rai-m/robosys/build/fight/build/lib/fight/monster.py -> /home/rai-m/robosys/install/fight/lib/python3.10/site-packages/fight
[1.927s] copying /home/rai-m/robosys/build/fight/build/lib/fight/class001.py -> /home/rai-m/robosys/install/fight/lib/python3.10/site-packages/fight
[1.927s] byte-compiling /home/rai-m/robosys/install/fight/lib/python3.10/site-packages/fight/fighter.py to fighter.cpython-310.pyc
[1.928s]   File "/home/rai-m/robosys/install/fight/lib/python3.10/site-packages/fight/fighter.py", line 21
[1.928s]     class 
[1.928s]           ^
[1.928s] SyntaxError: invalid syntax
[1.928s] 
[1.928s] byte-compiling /home/rai-m/robosys/install/fight/lib/python3.10/site-packages/fight/monster.py to monster.cpython-310.pyc
[1.929s] byte-compiling /home/rai-m/robosys/install/fight/lib/python3.10/site-packages/fight/class001.py to class001.cpython-310.pyc
[1.930s]   File "/home/rai-m/robosys/install/fight/lib/python3.10/site-packages/fight/class001.py", line 2
[1.930s]     def __init__(self, Pname, Pnum, monsters, Php, Pspeed, Pattack, Pdefense)
[1.930s]                                                                              ^
[1.930s] SyntaxError: expected ':'
[1.930s] 
[1.930s] running install_data
[1.930s] running install_egg_info
[1.931s] removing '/home/rai-m/robosys/install/fight/lib/python3.10/site-packages/fight-0.0.0-py3.10.egg-info' (and everything under it)
[1.933s] Copying ../../build/fight/fight.egg-info to /home/rai-m/robosys/install/fight/lib/python3.10/site-packages/fight-0.0.0-py3.10.egg-info
[1.935s] running install_scripts
[1.960s] Installing fightSv script to /home/rai-m/robosys/install/fight/lib/fight
[1.961s] Installing fighter script to /home/rai-m/robosys/install/fight/lib/fight
[1.962s] writing list of installed files to '/home/rai-m/robosys/build/fight/install.log'
[1.991s] Invoked command in '/home/rai-m/robosys/src/fight' returned '0': PYTHONPATH=/home/rai-m/robosys/build/fight/prefix_override:/usr/lib/python3/dist-packages/colcon_core/task/python/colcon_distutils_commands:/home/rai-m/robosys/install/fight/lib/python3.10/site-packages:${PYTHONPATH} /usr/bin/python3 -W ignore:setup.py install is deprecated -W ignore:easy_install command is deprecated setup.py egg_info --egg-base ../../build/fight build --build-base /home/rai-m/robosys/build/fight/build install --record /home/rai-m/robosys/build/fight/install.log --single-version-externally-managed install_data
