[0.028s] Invoking command in '/home/rai-m/robosys/build/rsysmsg': CMAKE_PREFIX_PATH=${CMAKE_PREFIX_PATH}:/home/rai-m/robosys/install/fight:/home/rai-m/mlr01_ws/install/lp01:/home/rai-m/test1_ws/install/robo02:/home/rai-m/test1_ws/install/robo01:/home/rai-m/test1_ws/install/py_pubsub:/home/rai-m/test1_ws/install/my_package2:/home/rai-m/test1_ws/install/my_package:/home/rai-m/test1_ws/install/multi01:/opt/ros/humble /usr/bin/cmake --build /home/rai-m/robosys/build/rsysmsg -- -j22 -l22
[0.255s] [  2%] Built target rsysmsg__cpp
[0.260s] [ 12%] Built target rsysmsg__rosidl_generator_c
[0.278s] [ 12%] Built target ament_cmake_python_copy_rsysmsg
[0.296s] [ 23%] Built target rsysmsg__rosidl_typesupport_introspection_c
[0.296s] [ 34%] Built target rsysmsg__rosidl_typesupport_fastrtps_cpp
[0.299s] [ 44%] Built target rsysmsg__rosidl_typesupport_c
[0.300s] [ 55%] Built target rsysmsg__rosidl_typesupport_introspection_cpp
[0.301s] [ 65%] Built target rsysmsg__rosidl_typesupport_fastrtps_c
[0.305s] [ 76%] Built target rsysmsg__rosidl_typesupport_cpp
[0.338s] [ 76%] Built target rsysmsg
[0.373s] [ 78%] Built target rsysmsg__py
[0.407s] [ 87%] Built target rsysmsg__rosidl_generator_py
[0.439s] [ 91%] Built target rsysmsg__rosidl_typesupport_fastrtps_c__pyext
[0.439s] [ 95%] Built target rsysmsg__rosidl_typesupport_c__pyext
[0.440s] [100%] Built target rsysmsg__rosidl_typesupport_introspection_c__pyext
[0.616s] running egg_info
[0.617s] writing rsysmsg.egg-info/PKG-INFO
[0.618s] writing dependency_links to rsysmsg.egg-info/dependency_links.txt
[0.618s] writing top-level names to rsysmsg.egg-info/top_level.txt
[0.622s] reading manifest file 'rsysmsg.egg-info/SOURCES.txt'
[0.623s] writing manifest file 'rsysmsg.egg-info/SOURCES.txt'
[0.655s] [100%] Built target ament_cmake_python_build_rsysmsg_egg
[0.669s] Invoked command in '/home/rai-m/robosys/build/rsysmsg' returned '0': CMAKE_PREFIX_PATH=${CMAKE_PREFIX_PATH}:/home/rai-m/robosys/install/fight:/home/rai-m/mlr01_ws/install/lp01:/home/rai-m/test1_ws/install/robo02:/home/rai-m/test1_ws/install/robo01:/home/rai-m/test1_ws/install/py_pubsub:/home/rai-m/test1_ws/install/my_package2:/home/rai-m/test1_ws/install/my_package:/home/rai-m/test1_ws/install/multi01:/opt/ros/humble /usr/bin/cmake --build /home/rai-m/robosys/build/rsysmsg -- -j22 -l22
[0.684s] Invoking command in '/home/rai-m/robosys/build/rsysmsg': CMAKE_PREFIX_PATH=${CMAKE_PREFIX_PATH}:/home/rai-m/robosys/install/fight:/home/rai-m/mlr01_ws/install/lp01:/home/rai-m/test1_ws/install/robo02:/home/rai-m/test1_ws/install/robo01:/home/rai-m/test1_ws/install/py_pubsub:/home/rai-m/test1_ws/install/my_package2:/home/rai-m/test1_ws/install/my_package:/home/rai-m/test1_ws/install/multi01:/opt/ros/humble /usr/bin/cmake --install /home/rai-m/robosys/build/rsysmsg
[0.695s] -- Install configuration: ""
[0.696s] -- Up-to-date: /home/rai-m/robosys/install/rsysmsg/share/ament_index/resource_index/rosidl_interfaces/rsysmsg
[0.697s] -- Up-to-date: /home/rai-m/robosys/install/rsysmsg/include/rsysmsg/rsysmsg
[0.697s] -- Up-to-date: /home/rai-m/robosys/install/rsysmsg/include/rsysmsg/rsysmsg/msg
[0.698s] -- Up-to-date: /home/rai-m/robosys/install/rsysmsg/include/rsysmsg/rsysmsg/msg/rosidl_generator_c__visibility_control.h
[0.698s] -- Up-to-date: /home/rai-m/robosys/install/rsysmsg/include/rsysmsg/rsysmsg/msg/detail
[0.698s] -- Up-to-date: /home/rai-m/robosys/install/rsysmsg/include/rsysmsg/rsysmsg/msg/detail/num__functions.h
[0.699s] -- Up-to-date: /home/rai-m/robosys/install/rsysmsg/include/rsysmsg/rsysmsg/msg/detail/num__functions.c
[0.699s] -- Up-to-date: /home/rai-m/robosys/install/rsysmsg/include/rsysmsg/rsysmsg/msg/detail/num__struct.h
[0.700s] -- Up-to-date: /home/rai-m/robosys/install/rsysmsg/include/rsysmsg/rsysmsg/msg/detail/num__type_support.h
[0.700s] -- Up-to-date: /home/rai-m/robosys/install/rsysmsg/include/rsysmsg/rsysmsg/msg/num.h
[0.700s] -- Up-to-date: /home/rai-m/robosys/install/rsysmsg/include/rsysmsg/rsysmsg/srv
[0.700s] -- Up-to-date: /home/rai-m/robosys/install/rsysmsg/include/rsysmsg/rsysmsg/srv/detail
[0.700s] -- Up-to-date: /home/rai-m/robosys/install/rsysmsg/include/rsysmsg/rsysmsg/srv/detail/name__functions.h
[0.700s] -- Up-to-date: /home/rai-m/robosys/install/rsysmsg/include/rsysmsg/rsysmsg/srv/detail/name__type_support.h
[0.700s] -- Up-to-date: /home/rai-m/robosys/install/rsysmsg/include/rsysmsg/rsysmsg/srv/detail/name__functions.c
[0.700s] -- Up-to-date: /home/rai-m/robosys/install/rsysmsg/include/rsysmsg/rsysmsg/srv/detail/name__struct.h
[0.701s] -- Up-to-date: /home/rai-m/robosys/install/rsysmsg/include/rsysmsg/rsysmsg/srv/name.h
[0.701s] -- Up-to-date: /home/rai-m/robosys/install/rsysmsg/include/rsysmsg/rsysmsg/action
[0.701s] -- Up-to-date: /home/rai-m/robosys/install/rsysmsg/include/rsysmsg/rsysmsg/action/monster.h
[0.701s] -- Up-to-date: /home/rai-m/robosys/install/rsysmsg/include/rsysmsg/rsysmsg/action/detail
[0.701s] -- Up-to-date: /home/rai-m/robosys/install/rsysmsg/include/rsysmsg/rsysmsg/action/detail/monster__functions.h
[0.701s] -- Up-to-date: /home/rai-m/robosys/install/rsysmsg/include/rsysmsg/rsysmsg/action/detail/monster__type_support.h
[0.701s] -- Up-to-date: /home/rai-m/robosys/install/rsysmsg/include/rsysmsg/rsysmsg/action/detail/monster__struct.h
[0.702s] -- Up-to-date: /home/rai-m/robosys/install/rsysmsg/include/rsysmsg/rsysmsg/action/detail/monster__functions.c
[0.702s] -- Up-to-date: /home/rai-m/robosys/install/rsysmsg/share/rsysmsg/environment/library_path.sh
[0.702s] -- Up-to-date: /home/rai-m/robosys/install/rsysmsg/share/rsysmsg/environment/library_path.dsv
[0.702s] -- Up-to-date: /home/rai-m/robosys/install/rsysmsg/lib/librsysmsg__rosidl_generator_c.so
[0.702s] -- Up-to-date: /home/rai-m/robosys/install/rsysmsg/include/rsysmsg/rsysmsg
[0.702s] -- Up-to-date: /home/rai-m/robosys/install/rsysmsg/include/rsysmsg/rsysmsg/msg
[0.703s] -- Up-to-date: /home/rai-m/robosys/install/rsysmsg/include/rsysmsg/rsysmsg/msg/rosidl_typesupport_fastrtps_c__visibility_control.h
[0.703s] -- Up-to-date: /home/rai-m/robosys/install/rsysmsg/include/rsysmsg/rsysmsg/msg/detail
[0.704s] -- Up-to-date: /home/rai-m/robosys/install/rsysmsg/include/rsysmsg/rsysmsg/msg/detail/num__rosidl_typesupport_fastrtps_c.h
[0.704s] -- Up-to-date: /home/rai-m/robosys/install/rsysmsg/include/rsysmsg/rsysmsg/srv
[0.704s] -- Up-to-date: /home/rai-m/robosys/install/rsysmsg/include/rsysmsg/rsysmsg/srv/detail
[0.704s] -- Up-to-date: /home/rai-m/robosys/install/rsysmsg/include/rsysmsg/rsysmsg/srv/detail/name__rosidl_typesupport_fastrtps_c.h
[0.704s] -- Up-to-date: /home/rai-m/robosys/install/rsysmsg/include/rsysmsg/rsysmsg/action
[0.704s] -- Up-to-date: /home/rai-m/robosys/install/rsysmsg/include/rsysmsg/rsysmsg/action/detail
[0.704s] -- Up-to-date: /home/rai-m/robosys/install/rsysmsg/include/rsysmsg/rsysmsg/action/detail/monster__rosidl_typesupport_fastrtps_c.h
[0.704s] -- Up-to-date: /home/rai-m/robosys/install/rsysmsg/lib/librsysmsg__rosidl_typesupport_fastrtps_c.so
[0.705s] -- Up-to-date: /home/rai-m/robosys/install/rsysmsg/include/rsysmsg/rsysmsg
[0.705s] -- Up-to-date: /home/rai-m/robosys/install/rsysmsg/include/rsysmsg/rsysmsg/msg
[0.705s] -- Up-to-date: /home/rai-m/robosys/install/rsysmsg/include/rsysmsg/rsysmsg/msg/num.hpp
[0.705s] -- Up-to-date: /home/rai-m/robosys/install/rsysmsg/include/rsysmsg/rsysmsg/msg/detail
[0.705s] -- Up-to-date: /home/rai-m/robosys/install/rsysmsg/include/rsysmsg/rsysmsg/msg/detail/num__type_support.hpp
[0.705s] -- Up-to-date: /home/rai-m/robosys/install/rsysmsg/include/rsysmsg/rsysmsg/msg/detail/num__traits.hpp
[0.706s] -- Up-to-date: /home/rai-m/robosys/install/rsysmsg/include/rsysmsg/rsysmsg/msg/detail/num__struct.hpp
[0.706s] -- Up-to-date: /home/rai-m/robosys/install/rsysmsg/include/rsysmsg/rsysmsg/msg/detail/num__builder.hpp
[0.707s] -- Up-to-date: /home/rai-m/robosys/install/rsysmsg/include/rsysmsg/rsysmsg/msg/rosidl_generator_cpp__visibility_control.hpp
[0.707s] -- Up-to-date: /home/rai-m/robosys/install/rsysmsg/include/rsysmsg/rsysmsg/srv
[0.707s] -- Up-to-date: /home/rai-m/robosys/install/rsysmsg/include/rsysmsg/rsysmsg/srv/name.hpp
[0.707s] -- Up-to-date: /home/rai-m/robosys/install/rsysmsg/include/rsysmsg/rsysmsg/srv/detail
[0.707s] -- Up-to-date: /home/rai-m/robosys/install/rsysmsg/include/rsysmsg/rsysmsg/srv/detail/name__type_support.hpp
[0.707s] -- Up-to-date: /home/rai-m/robosys/install/rsysmsg/include/rsysmsg/rsysmsg/srv/detail/name__traits.hpp
[0.707s] -- Up-to-date: /home/rai-m/robosys/install/rsysmsg/include/rsysmsg/rsysmsg/srv/detail/name__builder.hpp
[0.707s] -- Up-to-date: /home/rai-m/robosys/install/rsysmsg/include/rsysmsg/rsysmsg/srv/detail/name__struct.hpp
[0.707s] -- Up-to-date: /home/rai-m/robosys/install/rsysmsg/include/rsysmsg/rsysmsg/action
[0.707s] -- Up-to-date: /home/rai-m/robosys/install/rsysmsg/include/rsysmsg/rsysmsg/action/monster.hpp
[0.707s] -- Up-to-date: /home/rai-m/robosys/install/rsysmsg/include/rsysmsg/rsysmsg/action/detail
[0.707s] -- Up-to-date: /home/rai-m/robosys/install/rsysmsg/include/rsysmsg/rsysmsg/action/detail/monster__type_support.hpp
[0.707s] -- Up-to-date: /home/rai-m/robosys/install/rsysmsg/include/rsysmsg/rsysmsg/action/detail/monster__traits.hpp
[0.708s] -- Up-to-date: /home/rai-m/robosys/install/rsysmsg/include/rsysmsg/rsysmsg/action/detail/monster__struct.hpp
[0.708s] -- Up-to-date: /home/rai-m/robosys/install/rsysmsg/include/rsysmsg/rsysmsg/action/detail/monster__builder.hpp
[0.708s] -- Up-to-date: /home/rai-m/robosys/install/rsysmsg/include/rsysmsg/rsysmsg
[0.708s] -- Up-to-date: /home/rai-m/robosys/install/rsysmsg/include/rsysmsg/rsysmsg/msg
[0.708s] -- Up-to-date: /home/rai-m/robosys/install/rsysmsg/include/rsysmsg/rsysmsg/msg/rosidl_typesupport_fastrtps_cpp__visibility_control.h
[0.708s] -- Up-to-date: /home/rai-m/robosys/install/rsysmsg/include/rsysmsg/rsysmsg/msg/detail
[0.708s] -- Up-to-date: /home/rai-m/robosys/install/rsysmsg/include/rsysmsg/rsysmsg/msg/detail/dds_fastrtps
[0.708s] -- Up-to-date: /home/rai-m/robosys/install/rsysmsg/include/rsysmsg/rsysmsg/msg/detail/num__rosidl_typesupport_fastrtps_cpp.hpp
[0.708s] -- Up-to-date: /home/rai-m/robosys/install/rsysmsg/include/rsysmsg/rsysmsg/srv
[0.708s] -- Up-to-date: /home/rai-m/robosys/install/rsysmsg/include/rsysmsg/rsysmsg/srv/detail
[0.708s] -- Up-to-date: /home/rai-m/robosys/install/rsysmsg/include/rsysmsg/rsysmsg/srv/detail/name__rosidl_typesupport_fastrtps_cpp.hpp
[0.708s] -- Up-to-date: /home/rai-m/robosys/install/rsysmsg/include/rsysmsg/rsysmsg/srv/detail/dds_fastrtps
[0.708s] -- Up-to-date: /home/rai-m/robosys/install/rsysmsg/include/rsysmsg/rsysmsg/action
[0.708s] -- Up-to-date: /home/rai-m/robosys/install/rsysmsg/include/rsysmsg/rsysmsg/action/detail
[0.708s] -- Up-to-date: /home/rai-m/robosys/install/rsysmsg/include/rsysmsg/rsysmsg/action/detail/dds_fastrtps
[0.708s] -- Up-to-date: /home/rai-m/robosys/install/rsysmsg/include/rsysmsg/rsysmsg/action/detail/monster__rosidl_typesupport_fastrtps_cpp.hpp
[0.708s] -- Up-to-date: /home/rai-m/robosys/install/rsysmsg/lib/librsysmsg__rosidl_typesupport_fastrtps_cpp.so
[0.708s] -- Up-to-date: /home/rai-m/robosys/install/rsysmsg/include/rsysmsg/rsysmsg
[0.708s] -- Up-to-date: /home/rai-m/robosys/install/rsysmsg/include/rsysmsg/rsysmsg/msg
[0.708s] -- Up-to-date: /home/rai-m/robosys/install/rsysmsg/include/rsysmsg/rsysmsg/msg/rosidl_typesupport_introspection_c__visibility_control.h
[0.708s] -- Up-to-date: /home/rai-m/robosys/install/rsysmsg/include/rsysmsg/rsysmsg/msg/detail
[0.708s] -- Up-to-date: /home/rai-m/robosys/install/rsysmsg/include/rsysmsg/rsysmsg/msg/detail/num__type_support.c
[0.708s] -- Up-to-date: /home/rai-m/robosys/install/rsysmsg/include/rsysmsg/rsysmsg/msg/detail/num__rosidl_typesupport_introspection_c.h
[0.708s] -- Up-to-date: /home/rai-m/robosys/install/rsysmsg/include/rsysmsg/rsysmsg/srv
[0.709s] -- Up-to-date: /home/rai-m/robosys/install/rsysmsg/include/rsysmsg/rsysmsg/srv/detail
[0.709s] -- Up-to-date: /home/rai-m/robosys/install/rsysmsg/include/rsysmsg/rsysmsg/srv/detail/name__type_support.c
[0.709s] -- Up-to-date: /home/rai-m/robosys/install/rsysmsg/include/rsysmsg/rsysmsg/srv/detail/name__rosidl_typesupport_introspection_c.h
[0.709s] -- Up-to-date: /home/rai-m/robosys/install/rsysmsg/include/rsysmsg/rsysmsg/action
[0.709s] -- Up-to-date: /home/rai-m/robosys/install/rsysmsg/include/rsysmsg/rsysmsg/action/detail
[0.709s] -- Up-to-date: /home/rai-m/robosys/install/rsysmsg/include/rsysmsg/rsysmsg/action/detail/monster__type_support.c
[0.709s] -- Up-to-date: /home/rai-m/robosys/install/rsysmsg/include/rsysmsg/rsysmsg/action/detail/monster__rosidl_typesupport_introspection_c.h
[0.709s] -- Up-to-date: /home/rai-m/robosys/install/rsysmsg/lib/librsysmsg__rosidl_typesupport_introspection_c.so
[0.709s] -- Up-to-date: /home/rai-m/robosys/install/rsysmsg/lib/librsysmsg__rosidl_typesupport_c.so
[0.709s] -- Up-to-date: /home/rai-m/robosys/install/rsysmsg/include/rsysmsg/rsysmsg
[0.709s] -- Up-to-date: /home/rai-m/robosys/install/rsysmsg/include/rsysmsg/rsysmsg/msg
[0.709s] -- Up-to-date: /home/rai-m/robosys/install/rsysmsg/include/rsysmsg/rsysmsg/msg/detail
[0.709s] -- Up-to-date: /home/rai-m/robosys/install/rsysmsg/include/rsysmsg/rsysmsg/msg/detail/num__rosidl_typesupport_introspection_cpp.hpp
[0.709s] -- Up-to-date: /home/rai-m/robosys/install/rsysmsg/include/rsysmsg/rsysmsg/msg/detail/num__type_support.cpp
[0.710s] -- Up-to-date: /home/rai-m/robosys/install/rsysmsg/include/rsysmsg/rsysmsg/srv
[0.710s] -- Up-to-date: /home/rai-m/robosys/install/rsysmsg/include/rsysmsg/rsysmsg/srv/detail
[0.710s] -- Up-to-date: /home/rai-m/robosys/install/rsysmsg/include/rsysmsg/rsysmsg/srv/detail/name__type_support.cpp
[0.711s] -- Up-to-date: /home/rai-m/robosys/install/rsysmsg/include/rsysmsg/rsysmsg/srv/detail/name__rosidl_typesupport_introspection_cpp.hpp
[0.711s] -- Up-to-date: /home/rai-m/robosys/install/rsysmsg/include/rsysmsg/rsysmsg/action
[0.711s] -- Up-to-date: /home/rai-m/robosys/install/rsysmsg/include/rsysmsg/rsysmsg/action/detail
[0.711s] -- Up-to-date: /home/rai-m/robosys/install/rsysmsg/include/rsysmsg/rsysmsg/action/detail/monster__type_support.cpp
[0.711s] -- Up-to-date: /home/rai-m/robosys/install/rsysmsg/include/rsysmsg/rsysmsg/action/detail/monster__rosidl_typesupport_introspection_cpp.hpp
[0.711s] -- Up-to-date: /home/rai-m/robosys/install/rsysmsg/lib/librsysmsg__rosidl_typesupport_introspection_cpp.so
[0.711s] -- Up-to-date: /home/rai-m/robosys/install/rsysmsg/lib/librsysmsg__rosidl_typesupport_cpp.so
[0.711s] -- Up-to-date: /home/rai-m/robosys/install/rsysmsg/share/rsysmsg/environment/pythonpath.sh
[0.711s] -- Up-to-date: /home/rai-m/robosys/install/rsysmsg/share/rsysmsg/environment/pythonpath.dsv
[0.711s] -- Up-to-date: /home/rai-m/robosys/install/rsysmsg/local/lib/python3.10/dist-packages/rsysmsg-0.0.0-py3.10.egg-info
[0.711s] -- Installing: /home/rai-m/robosys/install/rsysmsg/local/lib/python3.10/dist-packages/rsysmsg-0.0.0-py3.10.egg-info/SOURCES.txt
[0.711s] -- Installing: /home/rai-m/robosys/install/rsysmsg/local/lib/python3.10/dist-packages/rsysmsg-0.0.0-py3.10.egg-info/dependency_links.txt
[0.711s] -- Installing: /home/rai-m/robosys/install/rsysmsg/local/lib/python3.10/dist-packages/rsysmsg-0.0.0-py3.10.egg-info/top_level.txt
[0.711s] -- Installing: /home/rai-m/robosys/install/rsysmsg/local/lib/python3.10/dist-packages/rsysmsg-0.0.0-py3.10.egg-info/PKG-INFO
[0.711s] -- Up-to-date: /home/rai-m/robosys/install/rsysmsg/local/lib/python3.10/dist-packages/rsysmsg
[0.711s] -- Up-to-date: /home/rai-m/robosys/install/rsysmsg/local/lib/python3.10/dist-packages/rsysmsg/msg
[0.711s] -- Up-to-date: /home/rai-m/robosys/install/rsysmsg/local/lib/python3.10/dist-packages/rsysmsg/msg/_num.py
[0.711s] -- Up-to-date: /home/rai-m/robosys/install/rsysmsg/local/lib/python3.10/dist-packages/rsysmsg/msg/_num_s.c
[0.711s] -- Up-to-date: /home/rai-m/robosys/install/rsysmsg/local/lib/python3.10/dist-packages/rsysmsg/msg/__init__.py
[0.712s] -- Up-to-date: /home/rai-m/robosys/install/rsysmsg/local/lib/python3.10/dist-packages/rsysmsg/librsysmsg__rosidl_generator_py.so
[0.712s] -- Up-to-date: /home/rai-m/robosys/install/rsysmsg/local/lib/python3.10/dist-packages/rsysmsg/srv
[0.712s] -- Up-to-date: /home/rai-m/robosys/install/rsysmsg/local/lib/python3.10/dist-packages/rsysmsg/srv/_name.py
[0.712s] -- Up-to-date: /home/rai-m/robosys/install/rsysmsg/local/lib/python3.10/dist-packages/rsysmsg/srv/_name_s.c
[0.712s] -- Up-to-date: /home/rai-m/robosys/install/rsysmsg/local/lib/python3.10/dist-packages/rsysmsg/srv/__init__.py
[0.712s] -- Up-to-date: /home/rai-m/robosys/install/rsysmsg/local/lib/python3.10/dist-packages/rsysmsg/action
[0.712s] -- Up-to-date: /home/rai-m/robosys/install/rsysmsg/local/lib/python3.10/dist-packages/rsysmsg/action/_monster_s.c
[0.712s] -- Up-to-date: /home/rai-m/robosys/install/rsysmsg/local/lib/python3.10/dist-packages/rsysmsg/action/_monster.py
[0.712s] -- Up-to-date: /home/rai-m/robosys/install/rsysmsg/local/lib/python3.10/dist-packages/rsysmsg/action/__init__.py
[0.713s] -- Up-to-date: /home/rai-m/robosys/install/rsysmsg/local/lib/python3.10/dist-packages/rsysmsg/_rsysmsg_s.ep.rosidl_typesupport_introspection_c.c
[0.713s] -- Up-to-date: /home/rai-m/robosys/install/rsysmsg/local/lib/python3.10/dist-packages/rsysmsg/rsysmsg_s__rosidl_typesupport_fastrtps_c.cpython-310-x86_64-linux-gnu.so
[0.713s] -- Up-to-date: /home/rai-m/robosys/install/rsysmsg/local/lib/python3.10/dist-packages/rsysmsg/rsysmsg_s__rosidl_typesupport_c.cpython-310-x86_64-linux-gnu.so
[0.713s] -- Up-to-date: /home/rai-m/robosys/install/rsysmsg/local/lib/python3.10/dist-packages/rsysmsg/_rsysmsg_s.ep.rosidl_typesupport_c.c
[0.713s] -- Up-to-date: /home/rai-m/robosys/install/rsysmsg/local/lib/python3.10/dist-packages/rsysmsg/_rsysmsg_s.ep.rosidl_typesupport_fastrtps_c.c
[0.713s] -- Up-to-date: /home/rai-m/robosys/install/rsysmsg/local/lib/python3.10/dist-packages/rsysmsg/__init__.py
[0.713s] -- Up-to-date: /home/rai-m/robosys/install/rsysmsg/local/lib/python3.10/dist-packages/rsysmsg/rsysmsg_s__rosidl_typesupport_introspection_c.cpython-310-x86_64-linux-gnu.so
[0.752s] Listing '/home/rai-m/robosys/install/rsysmsg/local/lib/python3.10/dist-packages/rsysmsg'...
[0.752s] Listing '/home/rai-m/robosys/install/rsysmsg/local/lib/python3.10/dist-packages/rsysmsg/action'...
[0.752s] Listing '/home/rai-m/robosys/install/rsysmsg/local/lib/python3.10/dist-packages/rsysmsg/msg'...
[0.752s] Listing '/home/rai-m/robosys/install/rsysmsg/local/lib/python3.10/dist-packages/rsysmsg/srv'...
[0.758s] -- Up-to-date: /home/rai-m/robosys/install/rsysmsg/local/lib/python3.10/dist-packages/rsysmsg/rsysmsg_s__rosidl_typesupport_fastrtps_c.cpython-310-x86_64-linux-gnu.so
[0.758s] -- Up-to-date: /home/rai-m/robosys/install/rsysmsg/local/lib/python3.10/dist-packages/rsysmsg/rsysmsg_s__rosidl_typesupport_introspection_c.cpython-310-x86_64-linux-gnu.so
[0.759s] -- Up-to-date: /home/rai-m/robosys/install/rsysmsg/local/lib/python3.10/dist-packages/rsysmsg/rsysmsg_s__rosidl_typesupport_c.cpython-310-x86_64-linux-gnu.so
[0.759s] -- Up-to-date: /home/rai-m/robosys/install/rsysmsg/lib/librsysmsg__rosidl_generator_py.so
[0.759s] -- Up-to-date: /home/rai-m/robosys/install/rsysmsg/share/rsysmsg/msg/Num.idl
[0.760s] -- Up-to-date: /home/rai-m/robosys/install/rsysmsg/share/rsysmsg/srv/Name.idl
[0.760s] -- Up-to-date: /home/rai-m/robosys/install/rsysmsg/share/rsysmsg/action/Monster.idl
[0.760s] -- Up-to-date: /home/rai-m/robosys/install/rsysmsg/share/rsysmsg/msg/Num.msg
[0.760s] -- Up-to-date: /home/rai-m/robosys/install/rsysmsg/share/rsysmsg/srv/Name.srv
[0.761s] -- Up-to-date: /home/rai-m/robosys/install/rsysmsg/share/rsysmsg/srv/Name_Request.msg
[0.761s] -- Up-to-date: /home/rai-m/robosys/install/rsysmsg/share/rsysmsg/srv/Name_Response.msg
[0.761s] -- Up-to-date: /home/rai-m/robosys/install/rsysmsg/share/rsysmsg/action/Monster.action
[0.761s] -- Up-to-date: /home/rai-m/robosys/install/rsysmsg/share/ament_index/resource_index/package_run_dependencies/rsysmsg
[0.761s] -- Up-to-date: /home/rai-m/robosys/install/rsysmsg/share/ament_index/resource_index/parent_prefix_path/rsysmsg
[0.761s] -- Up-to-date: /home/rai-m/robosys/install/rsysmsg/share/rsysmsg/environment/ament_prefix_path.sh
[0.761s] -- Up-to-date: /home/rai-m/robosys/install/rsysmsg/share/rsysmsg/environment/ament_prefix_path.dsv
[0.761s] -- Up-to-date: /home/rai-m/robosys/install/rsysmsg/share/rsysmsg/environment/path.sh
[0.762s] -- Up-to-date: /home/rai-m/robosys/install/rsysmsg/share/rsysmsg/environment/path.dsv
[0.762s] -- Up-to-date: /home/rai-m/robosys/install/rsysmsg/share/rsysmsg/local_setup.bash
[0.762s] -- Up-to-date: /home/rai-m/robosys/install/rsysmsg/share/rsysmsg/local_setup.sh
[0.762s] -- Up-to-date: /home/rai-m/robosys/install/rsysmsg/share/rsysmsg/local_setup.zsh
[0.762s] -- Up-to-date: /home/rai-m/robosys/install/rsysmsg/share/rsysmsg/local_setup.dsv
[0.762s] -- Installing: /home/rai-m/robosys/install/rsysmsg/share/rsysmsg/package.dsv
[0.762s] -- Up-to-date: /home/rai-m/robosys/install/rsysmsg/share/ament_index/resource_index/packages/rsysmsg
[0.763s] -- Up-to-date: /home/rai-m/robosys/install/rsysmsg/share/rsysmsg/cmake/export_rsysmsg__rosidl_generator_cExport.cmake
[0.763s] -- Up-to-date: /home/rai-m/robosys/install/rsysmsg/share/rsysmsg/cmake/export_rsysmsg__rosidl_generator_cExport-noconfig.cmake
[0.764s] -- Up-to-date: /home/rai-m/robosys/install/rsysmsg/share/rsysmsg/cmake/export_rsysmsg__rosidl_typesupport_fastrtps_cExport.cmake
[0.764s] -- Up-to-date: /home/rai-m/robosys/install/rsysmsg/share/rsysmsg/cmake/export_rsysmsg__rosidl_typesupport_fastrtps_cExport-noconfig.cmake
[0.765s] -- Up-to-date: /home/rai-m/robosys/install/rsysmsg/share/rsysmsg/cmake/export_rsysmsg__rosidl_generator_cppExport.cmake
[0.765s] -- Up-to-date: /home/rai-m/robosys/install/rsysmsg/share/rsysmsg/cmake/export_rsysmsg__rosidl_typesupport_fastrtps_cppExport.cmake
[0.765s] -- Up-to-date: /home/rai-m/robosys/install/rsysmsg/share/rsysmsg/cmake/export_rsysmsg__rosidl_typesupport_fastrtps_cppExport-noconfig.cmake
[0.766s] -- Up-to-date: /home/rai-m/robosys/install/rsysmsg/share/rsysmsg/cmake/rsysmsg__rosidl_typesupport_introspection_cExport.cmake
[0.766s] -- Up-to-date: /home/rai-m/robosys/install/rsysmsg/share/rsysmsg/cmake/rsysmsg__rosidl_typesupport_introspection_cExport-noconfig.cmake
[0.767s] -- Up-to-date: /home/rai-m/robosys/install/rsysmsg/share/rsysmsg/cmake/rsysmsg__rosidl_typesupport_cExport.cmake
[0.767s] -- Up-to-date: /home/rai-m/robosys/install/rsysmsg/share/rsysmsg/cmake/rsysmsg__rosidl_typesupport_cExport-noconfig.cmake
[0.768s] -- Up-to-date: /home/rai-m/robosys/install/rsysmsg/share/rsysmsg/cmake/rsysmsg__rosidl_typesupport_introspection_cppExport.cmake
[0.768s] -- Up-to-date: /home/rai-m/robosys/install/rsysmsg/share/rsysmsg/cmake/rsysmsg__rosidl_typesupport_introspection_cppExport-noconfig.cmake
[0.769s] -- Up-to-date: /home/rai-m/robosys/install/rsysmsg/share/rsysmsg/cmake/rsysmsg__rosidl_typesupport_cppExport.cmake
[0.769s] -- Up-to-date: /home/rai-m/robosys/install/rsysmsg/share/rsysmsg/cmake/rsysmsg__rosidl_typesupport_cppExport-noconfig.cmake
[0.770s] -- Up-to-date: /home/rai-m/robosys/install/rsysmsg/share/rsysmsg/cmake/export_rsysmsg__rosidl_generator_pyExport.cmake
[0.770s] -- Up-to-date: /home/rai-m/robosys/install/rsysmsg/share/rsysmsg/cmake/export_rsysmsg__rosidl_generator_pyExport-noconfig.cmake
[0.770s] -- Up-to-date: /home/rai-m/robosys/install/rsysmsg/share/rsysmsg/cmake/rosidl_cmake-extras.cmake
[0.771s] -- Up-to-date: /home/rai-m/robosys/install/rsysmsg/share/rsysmsg/cmake/ament_cmake_export_dependencies-extras.cmake
[0.771s] -- Up-to-date: /home/rai-m/robosys/install/rsysmsg/share/rsysmsg/cmake/ament_cmake_export_include_directories-extras.cmake
[0.771s] -- Up-to-date: /home/rai-m/robosys/install/rsysmsg/share/rsysmsg/cmake/ament_cmake_export_libraries-extras.cmake
[0.771s] -- Up-to-date: /home/rai-m/robosys/install/rsysmsg/share/rsysmsg/cmake/ament_cmake_export_targets-extras.cmake
[0.771s] -- Up-to-date: /home/rai-m/robosys/install/rsysmsg/share/rsysmsg/cmake/rosidl_cmake_export_typesupport_targets-extras.cmake
[0.771s] -- Up-to-date: /home/rai-m/robosys/install/rsysmsg/share/rsysmsg/cmake/rosidl_cmake_export_typesupport_libraries-extras.cmake
[0.772s] -- Up-to-date: /home/rai-m/robosys/install/rsysmsg/share/rsysmsg/cmake/rsysmsgConfig.cmake
[0.772s] -- Up-to-date: /home/rai-m/robosys/install/rsysmsg/share/rsysmsg/cmake/rsysmsgConfig-version.cmake
[0.772s] -- Up-to-date: /home/rai-m/robosys/install/rsysmsg/share/rsysmsg/package.xml
[0.775s] Invoked command in '/home/rai-m/robosys/build/rsysmsg' returned '0': CMAKE_PREFIX_PATH=${CMAKE_PREFIX_PATH}:/home/rai-m/robosys/install/fight:/home/rai-m/mlr01_ws/install/lp01:/home/rai-m/test1_ws/install/robo02:/home/rai-m/test1_ws/install/robo01:/home/rai-m/test1_ws/install/py_pubsub:/home/rai-m/test1_ws/install/my_package2:/home/rai-m/test1_ws/install/my_package:/home/rai-m/test1_ws/install/multi01:/opt/ros/humble /usr/bin/cmake --install /home/rai-m/robosys/build/rsysmsg
