[0.620s] Invoking command in '/home/rai-m/robosys/src/fight': PYTHONPATH=/home/rai-m/robosys/build/fight/prefix_override:/usr/lib/python3/dist-packages/colcon_core/task/python/colcon_distutils_commands:/home/rai-m/robosys/install/fight/lib/python3.10/site-packages:${PYTHONPATH} /usr/bin/python3 -W ignore:setup.py install is deprecated -W ignore:easy_install command is deprecated setup.py egg_info --egg-base ../../build/fight build --build-base /home/rai-m/robosys/build/fight/build install --record /home/rai-m/robosys/build/fight/install.log --single-version-externally-managed install_data
[0.777s] running egg_info
[0.778s] writing ../../build/fight/fight.egg-info/PKG-INFO
[0.781s] writing dependency_links to ../../build/fight/fight.egg-info/dependency_links.txt
[0.782s] writing entry points to ../../build/fight/fight.egg-info/entry_points.txt
[0.782s] writing requirements to ../../build/fight/fight.egg-info/requires.txt
[0.782s] writing top-level names to ../../build/fight/fight.egg-info/top_level.txt
[0.783s] reading manifest file '../../build/fight/fight.egg-info/SOURCES.txt'
[0.783s] adding license file 'LICENSE'
[0.785s] writing manifest file '../../build/fight/fight.egg-info/SOURCES.txt'
[0.785s] running build
[0.785s] running build_py
[0.785s] running install
[0.785s] running install_lib
[0.787s] running install_data
[0.787s] running install_egg_info
[0.787s] removing '/home/rai-m/robosys/install/fight/lib/python3.10/site-packages/fight-0.0.0-py3.10.egg-info' (and everything under it)
[0.788s] Copying ../../build/fight/fight.egg-info to /home/rai-m/robosys/install/fight/lib/python3.10/site-packages/fight-0.0.0-py3.10.egg-info
[0.789s] running install_scripts
[0.804s] Installing fightSv script to /home/rai-m/robosys/install/fight/lib/fight
[0.805s] Installing fighter script to /home/rai-m/robosys/install/fight/lib/fight
[0.806s] writing list of installed files to '/home/rai-m/robosys/build/fight/install.log'
[0.824s] Invoked command in '/home/rai-m/robosys/src/fight' returned '0': PYTHONPATH=/home/rai-m/robosys/build/fight/prefix_override:/usr/lib/python3/dist-packages/colcon_core/task/python/colcon_distutils_commands:/home/rai-m/robosys/install/fight/lib/python3.10/site-packages:${PYTHONPATH} /usr/bin/python3 -W ignore:setup.py install is deprecated -W ignore:easy_install command is deprecated setup.py egg_info --egg-base ../../build/fight build --build-base /home/rai-m/robosys/build/fight/build install --record /home/rai-m/robosys/build/fight/install.log --single-version-externally-managed install_data
