[1.552s] Invoking command in '/home/rai-m/robosys/src/fight': PYTHONPATH=/home/rai-m/robosys/build/fight/prefix_override:/usr/lib/python3/dist-packages/colcon_core/task/python/colcon_distutils_commands:/home/rai-m/robosys/install/fight/lib/python3.10/site-packages:${PYTHONPATH} /usr/bin/python3 -W ignore:setup.py install is deprecated -W ignore:easy_install command is deprecated setup.py egg_info --egg-base ../../build/fight build --build-base /home/rai-m/robosys/build/fight/build install --record /home/rai-m/robosys/build/fight/install.log --single-version-externally-managed install_data
[1.820s] running egg_info
[1.821s] writing ../../build/fight/fight.egg-info/PKG-INFO
[1.821s] writing dependency_links to ../../build/fight/fight.egg-info/dependency_links.txt
[1.822s] writing entry points to ../../build/fight/fight.egg-info/entry_points.txt
[1.822s] writing requirements to ../../build/fight/fight.egg-info/requires.txt
[1.822s] writing top-level names to ../../build/fight/fight.egg-info/top_level.txt
[1.824s] reading manifest file '../../build/fight/fight.egg-info/SOURCES.txt'
[1.826s] adding license file 'LICENSE'
[1.828s] writing manifest file '../../build/fight/fight.egg-info/SOURCES.txt'
[1.828s] running build
[1.829s] running build_py
[1.829s] copying fight/fightClientK.py -> /home/rai-m/robosys/build/fight/build/lib/fight
[1.829s] running install
[1.829s] running install_lib
[1.830s] copying /home/rai-m/robosys/build/fight/build/lib/fight/fightClientK.py -> /home/rai-m/robosys/install/fight/lib/python3.10/site-packages/fight
[1.831s] byte-compiling /home/rai-m/robosys/install/fight/lib/python3.10/site-packages/fight/fightClientK.py to fightClientK.cpython-310.pyc
[1.833s] byte-compiling /home/rai-m/robosys/install/fight/lib/python3.10/site-packages/fight/fighterClient.py to fighterClient.cpython-310.pyc
[1.833s] Sorry: IndentationError: expected an indented block after function definition on line 14 (fighterClient.py, line 18)
[1.834s] running install_data
[1.834s] running install_egg_info
[1.836s] removing '/home/rai-m/robosys/install/fight/lib/python3.10/site-packages/fight-0.0.0-py3.10.egg-info' (and everything under it)
[1.837s] Copying ../../build/fight/fight.egg-info to /home/rai-m/robosys/install/fight/lib/python3.10/site-packages/fight-0.0.0-py3.10.egg-info
[1.839s] running install_scripts
[1.867s] Installing fightCli script to /home/rai-m/robosys/install/fight/lib/fight
[1.867s] Installing fightGui script to /home/rai-m/robosys/install/fight/lib/fight
[1.869s] Installing fightSv script to /home/rai-m/robosys/install/fight/lib/fight
[1.870s] writing list of installed files to '/home/rai-m/robosys/build/fight/install.log'
[1.899s] Invoked command in '/home/rai-m/robosys/src/fight' returned '0': PYTHONPATH=/home/rai-m/robosys/build/fight/prefix_override:/usr/lib/python3/dist-packages/colcon_core/task/python/colcon_distutils_commands:/home/rai-m/robosys/install/fight/lib/python3.10/site-packages:${PYTHONPATH} /usr/bin/python3 -W ignore:setup.py install is deprecated -W ignore:easy_install command is deprecated setup.py egg_info --egg-base ../../build/fight build --build-base /home/rai-m/robosys/build/fight/build install --record /home/rai-m/robosys/build/fight/install.log --single-version-externally-managed install_data
