[0.028s] Invoking command in '/home/rai-m/robosys/build/rsysmsg': CMAKE_PREFIX_PATH=${CMAKE_PREFIX_PATH}:/home/rai-m/robosys/install/fight:/home/rai-m/mlr01_ws/install/lp01:/home/rai-m/test1_ws/install/robo02:/home/rai-m/test1_ws/install/robo01:/home/rai-m/test1_ws/install/py_pubsub:/home/rai-m/test1_ws/install/my_package2:/home/rai-m/test1_ws/install/my_package:/home/rai-m/test1_ws/install/multi01:/opt/ros/humble /usr/bin/cmake --build /home/rai-m/robosys/build/rsysmsg -- -j22 -l22
[0.119s] -- Found ament_cmake: 1.3.12 (/opt/ros/humble/share/ament_cmake/cmake)
[0.408s] -- Found geometry_msgs: 4.9.0 (/opt/ros/humble/share/geometry_msgs/cmake)
[0.727s] -- Found rosidl_generator_c: 3.1.7 (/opt/ros/humble/share/rosidl_generator_c/cmake)
[0.736s] -- Found rosidl_adapter: 3.1.7 (/opt/ros/humble/share/rosidl_adapter/cmake)
[0.775s] -- Found rosidl_generator_cpp: 3.1.7 (/opt/ros/humble/share/rosidl_generator_cpp/cmake)
[0.806s] -- Using all available rosidl_typesupport_c: rosidl_typesupport_fastrtps_c;rosidl_typesupport_introspection_c
[0.839s] -- Using all available rosidl_typesupport_cpp: rosidl_typesupport_fastrtps_cpp;rosidl_typesupport_introspection_cpp
[0.911s] -- Found rosidl_default_generators: 1.2.0 (/opt/ros/humble/share/rosidl_default_generators/cmake)
[1.425s] -- Found ament_cmake_ros: 0.10.0 (/opt/ros/humble/share/ament_cmake_ros/cmake)
[1.895s] -- Using all available rosidl_typesupport_c: rosidl_typesupport_fastrtps_c;rosidl_typesupport_introspection_c
[2.080s] -- Using all available rosidl_typesupport_cpp: rosidl_typesupport_fastrtps_cpp;rosidl_typesupport_introspection_cpp
[2.116s] -- Found python_cmake_module: 0.10.0 (/opt/ros/humble/share/python_cmake_module/cmake)
[2.153s] -- Using PYTHON_EXECUTABLE: /usr/bin/python3
[2.153s] -- Using PYTHON_INCLUDE_DIRS: /usr/include/python3.10
[2.153s] -- Using PYTHON_LIBRARIES: /usr/lib/x86_64-linux-gnu/libpython3.10.so
[2.185s] -- Found ament_lint_auto: 0.12.14 (/opt/ros/humble/share/ament_lint_auto/cmake)
[2.236s] -- Added test 'lint_cmake' to check CMake code style
[2.239s] -- Added test 'xmllint' to check XML markup files
[2.244s] -- Configuring done
[2.339s] -- Generating done
[2.356s] -- Build files have been written to: /home/rai-m/robosys/build/rsysmsg
[2.395s] [35m[1mConsolidate compiler generated dependencies of target rsysmsg__rosidl_generator_c[0m
[2.411s] [  2%] Built target rsysmsg__cpp
[2.432s] [35m[1mConsolidate compiler generated dependencies of target rsysmsg__rosidl_typesupport_introspection_cpp[0m
[2.432s] [35m[1mConsolidate compiler generated dependencies of target rsysmsg__rosidl_typesupport_cpp[0m
[2.434s] [ 12%] Built target rsysmsg__rosidl_generator_c
[2.434s] [35m[1mConsolidate compiler generated dependencies of target rsysmsg__rosidl_typesupport_fastrtps_cpp[0m
[2.445s] [ 12%] Built target ament_cmake_python_copy_rsysmsg
[2.448s] [35m[1mConsolidate compiler generated dependencies of target rsysmsg__rosidl_typesupport_fastrtps_c[0m
[2.449s] [35m[1mConsolidate compiler generated dependencies of target rsysmsg__rosidl_typesupport_introspection_c[0m
[2.451s] [35m[1mConsolidate compiler generated dependencies of target rsysmsg__rosidl_typesupport_c[0m
[2.469s] [ 23%] Built target rsysmsg__rosidl_typesupport_introspection_c
[2.471s] [ 34%] Built target rsysmsg__rosidl_typesupport_fastrtps_c
[2.472s] [ 44%] Built target rsysmsg__rosidl_typesupport_c
[2.478s] [ 57%] Built target rsysmsg__rosidl_typesupport_fastrtps_cpp
[2.479s] [ 65%] Built target rsysmsg__rosidl_typesupport_cpp
[2.480s] [ 76%] Built target rsysmsg__rosidl_typesupport_introspection_cpp
[2.506s] [ 76%] Built target rsysmsg
[2.535s] [ 78%] Built target rsysmsg__py
[2.550s] [35m[1mConsolidate compiler generated dependencies of target rsysmsg__rosidl_generator_py[0m
[2.574s] [ 87%] Built target rsysmsg__rosidl_generator_py
[2.589s] [35m[1mConsolidate compiler generated dependencies of target rsysmsg__rosidl_typesupport_introspection_c__pyext[0m
[2.589s] [35m[1mConsolidate compiler generated dependencies of target rsysmsg__rosidl_typesupport_fastrtps_c__pyext[0m
[2.590s] [35m[1mConsolidate compiler generated dependencies of target rsysmsg__rosidl_typesupport_c__pyext[0m
[2.606s] [ 91%] Built target rsysmsg__rosidl_typesupport_introspection_c__pyext
[2.607s] [ 95%] Built target rsysmsg__rosidl_typesupport_fastrtps_c__pyext
[2.612s] [100%] Built target rsysmsg__rosidl_typesupport_c__pyext
[2.756s] running egg_info
[2.757s] writing rsysmsg.egg-info/PKG-INFO
[2.759s] writing dependency_links to rsysmsg.egg-info/dependency_links.txt
[2.760s] writing top-level names to rsysmsg.egg-info/top_level.txt
[2.763s] reading manifest file 'rsysmsg.egg-info/SOURCES.txt'
[2.763s] writing manifest file 'rsysmsg.egg-info/SOURCES.txt'
[2.798s] [100%] Built target ament_cmake_python_build_rsysmsg_egg
[2.814s] Invoked command in '/home/rai-m/robosys/build/rsysmsg' returned '0': CMAKE_PREFIX_PATH=${CMAKE_PREFIX_PATH}:/home/rai-m/robosys/install/fight:/home/rai-m/mlr01_ws/install/lp01:/home/rai-m/test1_ws/install/robo02:/home/rai-m/test1_ws/install/robo01:/home/rai-m/test1_ws/install/py_pubsub:/home/rai-m/test1_ws/install/my_package2:/home/rai-m/test1_ws/install/my_package:/home/rai-m/test1_ws/install/multi01:/opt/ros/humble /usr/bin/cmake --build /home/rai-m/robosys/build/rsysmsg -- -j22 -l22
[2.828s] Invoking command in '/home/rai-m/robosys/build/rsysmsg': CMAKE_PREFIX_PATH=${CMAKE_PREFIX_PATH}:/home/rai-m/robosys/install/fight:/home/rai-m/mlr01_ws/install/lp01:/home/rai-m/test1_ws/install/robo02:/home/rai-m/test1_ws/install/robo01:/home/rai-m/test1_ws/install/py_pubsub:/home/rai-m/test1_ws/install/my_package2:/home/rai-m/test1_ws/install/my_package:/home/rai-m/test1_ws/install/multi01:/opt/ros/humble /usr/bin/cmake --install /home/rai-m/robosys/build/rsysmsg
[2.837s] -- Install configuration: ""
[2.837s] -- Up-to-date: /home/rai-m/robosys/install/rsysmsg/share/ament_index/resource_index/rosidl_interfaces/rsysmsg
[2.838s] -- Up-to-date: /home/rai-m/robosys/install/rsysmsg/include/rsysmsg/rsysmsg
[2.838s] -- Up-to-date: /home/rai-m/robosys/install/rsysmsg/include/rsysmsg/rsysmsg/msg
[2.838s] -- Up-to-date: /home/rai-m/robosys/install/rsysmsg/include/rsysmsg/rsysmsg/msg/rosidl_generator_c__visibility_control.h
[2.838s] -- Up-to-date: /home/rai-m/robosys/install/rsysmsg/include/rsysmsg/rsysmsg/msg/detail
[2.838s] -- Up-to-date: /home/rai-m/robosys/install/rsysmsg/include/rsysmsg/rsysmsg/msg/detail/num__functions.h
[2.838s] -- Up-to-date: /home/rai-m/robosys/install/rsysmsg/include/rsysmsg/rsysmsg/msg/detail/num__functions.c
[2.838s] -- Up-to-date: /home/rai-m/robosys/install/rsysmsg/include/rsysmsg/rsysmsg/msg/detail/num__struct.h
[2.838s] -- Up-to-date: /home/rai-m/robosys/install/rsysmsg/include/rsysmsg/rsysmsg/msg/detail/num__type_support.h
[2.838s] -- Up-to-date: /home/rai-m/robosys/install/rsysmsg/include/rsysmsg/rsysmsg/msg/num.h
[2.838s] -- Up-to-date: /home/rai-m/robosys/install/rsysmsg/include/rsysmsg/rsysmsg/srv
[2.839s] -- Up-to-date: /home/rai-m/robosys/install/rsysmsg/include/rsysmsg/rsysmsg/srv/detail
[2.839s] -- Up-to-date: /home/rai-m/robosys/install/rsysmsg/include/rsysmsg/rsysmsg/srv/detail/name__functions.h
[2.839s] -- Up-to-date: /home/rai-m/robosys/install/rsysmsg/include/rsysmsg/rsysmsg/srv/detail/name__type_support.h
[2.839s] -- Up-to-date: /home/rai-m/robosys/install/rsysmsg/include/rsysmsg/rsysmsg/srv/detail/name__functions.c
[2.839s] -- Up-to-date: /home/rai-m/robosys/install/rsysmsg/include/rsysmsg/rsysmsg/srv/detail/name__struct.h
[2.839s] -- Up-to-date: /home/rai-m/robosys/install/rsysmsg/include/rsysmsg/rsysmsg/srv/name.h
[2.839s] -- Up-to-date: /home/rai-m/robosys/install/rsysmsg/include/rsysmsg/rsysmsg/action
[2.839s] -- Up-to-date: /home/rai-m/robosys/install/rsysmsg/include/rsysmsg/rsysmsg/action/monster.h
[2.839s] -- Up-to-date: /home/rai-m/robosys/install/rsysmsg/include/rsysmsg/rsysmsg/action/detail
[2.839s] -- Up-to-date: /home/rai-m/robosys/install/rsysmsg/include/rsysmsg/rsysmsg/action/detail/monster__functions.h
[2.839s] -- Up-to-date: /home/rai-m/robosys/install/rsysmsg/include/rsysmsg/rsysmsg/action/detail/monster__type_support.h
[2.839s] -- Up-to-date: /home/rai-m/robosys/install/rsysmsg/include/rsysmsg/rsysmsg/action/detail/monster__struct.h
[2.840s] -- Up-to-date: /home/rai-m/robosys/install/rsysmsg/include/rsysmsg/rsysmsg/action/detail/monster__functions.c
[2.840s] -- Up-to-date: /home/rai-m/robosys/install/rsysmsg/share/rsysmsg/environment/library_path.sh
[2.840s] -- Installing: /home/rai-m/robosys/install/rsysmsg/share/rsysmsg/environment/library_path.dsv
[2.840s] -- Up-to-date: /home/rai-m/robosys/install/rsysmsg/lib/librsysmsg__rosidl_generator_c.so
[2.840s] -- Up-to-date: /home/rai-m/robosys/install/rsysmsg/include/rsysmsg/rsysmsg
[2.840s] -- Up-to-date: /home/rai-m/robosys/install/rsysmsg/include/rsysmsg/rsysmsg/msg
[2.840s] -- Up-to-date: /home/rai-m/robosys/install/rsysmsg/include/rsysmsg/rsysmsg/msg/rosidl_typesupport_fastrtps_c__visibility_control.h
[2.840s] -- Up-to-date: /home/rai-m/robosys/install/rsysmsg/include/rsysmsg/rsysmsg/msg/detail
[2.840s] -- Up-to-date: /home/rai-m/robosys/install/rsysmsg/include/rsysmsg/rsysmsg/msg/detail/num__rosidl_typesupport_fastrtps_c.h
[2.840s] -- Up-to-date: /home/rai-m/robosys/install/rsysmsg/include/rsysmsg/rsysmsg/srv
[2.840s] -- Up-to-date: /home/rai-m/robosys/install/rsysmsg/include/rsysmsg/rsysmsg/srv/detail
[2.841s] -- Up-to-date: /home/rai-m/robosys/install/rsysmsg/include/rsysmsg/rsysmsg/srv/detail/name__rosidl_typesupport_fastrtps_c.h
[2.841s] -- Up-to-date: /home/rai-m/robosys/install/rsysmsg/include/rsysmsg/rsysmsg/action
[2.841s] -- Up-to-date: /home/rai-m/robosys/install/rsysmsg/include/rsysmsg/rsysmsg/action/detail
[2.841s] -- Up-to-date: /home/rai-m/robosys/install/rsysmsg/include/rsysmsg/rsysmsg/action/detail/monster__rosidl_typesupport_fastrtps_c.h
[2.841s] -- Up-to-date: /home/rai-m/robosys/install/rsysmsg/lib/librsysmsg__rosidl_typesupport_fastrtps_c.so
[2.841s] -- Up-to-date: /home/rai-m/robosys/install/rsysmsg/include/rsysmsg/rsysmsg
[2.841s] -- Up-to-date: /home/rai-m/robosys/install/rsysmsg/include/rsysmsg/rsysmsg/msg
[2.841s] -- Up-to-date: /home/rai-m/robosys/install/rsysmsg/include/rsysmsg/rsysmsg/msg/num.hpp
[2.841s] -- Up-to-date: /home/rai-m/robosys/install/rsysmsg/include/rsysmsg/rsysmsg/msg/detail
[2.841s] -- Up-to-date: /home/rai-m/robosys/install/rsysmsg/include/rsysmsg/rsysmsg/msg/detail/num__type_support.hpp
[2.841s] -- Up-to-date: /home/rai-m/robosys/install/rsysmsg/include/rsysmsg/rsysmsg/msg/detail/num__traits.hpp
[2.842s] -- Up-to-date: /home/rai-m/robosys/install/rsysmsg/include/rsysmsg/rsysmsg/msg/detail/num__struct.hpp
[2.842s] -- Up-to-date: /home/rai-m/robosys/install/rsysmsg/include/rsysmsg/rsysmsg/msg/detail/num__builder.hpp
[2.842s] -- Up-to-date: /home/rai-m/robosys/install/rsysmsg/include/rsysmsg/rsysmsg/msg/rosidl_generator_cpp__visibility_control.hpp
[2.842s] -- Up-to-date: /home/rai-m/robosys/install/rsysmsg/include/rsysmsg/rsysmsg/srv
[2.842s] -- Up-to-date: /home/rai-m/robosys/install/rsysmsg/include/rsysmsg/rsysmsg/srv/name.hpp
[2.842s] -- Up-to-date: /home/rai-m/robosys/install/rsysmsg/include/rsysmsg/rsysmsg/srv/detail
[2.842s] -- Up-to-date: /home/rai-m/robosys/install/rsysmsg/include/rsysmsg/rsysmsg/srv/detail/name__type_support.hpp
[2.842s] -- Up-to-date: /home/rai-m/robosys/install/rsysmsg/include/rsysmsg/rsysmsg/srv/detail/name__traits.hpp
[2.842s] -- Up-to-date: /home/rai-m/robosys/install/rsysmsg/include/rsysmsg/rsysmsg/srv/detail/name__builder.hpp
[2.842s] -- Up-to-date: /home/rai-m/robosys/install/rsysmsg/include/rsysmsg/rsysmsg/srv/detail/name__struct.hpp
[2.842s] -- Up-to-date: /home/rai-m/robosys/install/rsysmsg/include/rsysmsg/rsysmsg/action
[2.842s] -- Up-to-date: /home/rai-m/robosys/install/rsysmsg/include/rsysmsg/rsysmsg/action/monster.hpp
[2.842s] -- Up-to-date: /home/rai-m/robosys/install/rsysmsg/include/rsysmsg/rsysmsg/action/detail
[2.842s] -- Up-to-date: /home/rai-m/robosys/install/rsysmsg/include/rsysmsg/rsysmsg/action/detail/monster__type_support.hpp
[2.842s] -- Up-to-date: /home/rai-m/robosys/install/rsysmsg/include/rsysmsg/rsysmsg/action/detail/monster__traits.hpp
[2.842s] -- Up-to-date: /home/rai-m/robosys/install/rsysmsg/include/rsysmsg/rsysmsg/action/detail/monster__struct.hpp
[2.842s] -- Up-to-date: /home/rai-m/robosys/install/rsysmsg/include/rsysmsg/rsysmsg/action/detail/monster__builder.hpp
[2.842s] -- Up-to-date: /home/rai-m/robosys/install/rsysmsg/include/rsysmsg/rsysmsg
[2.842s] -- Up-to-date: /home/rai-m/robosys/install/rsysmsg/include/rsysmsg/rsysmsg/msg
[2.842s] -- Up-to-date: /home/rai-m/robosys/install/rsysmsg/include/rsysmsg/rsysmsg/msg/rosidl_typesupport_fastrtps_cpp__visibility_control.h
[2.842s] -- Up-to-date: /home/rai-m/robosys/install/rsysmsg/include/rsysmsg/rsysmsg/msg/detail
[2.842s] -- Up-to-date: /home/rai-m/robosys/install/rsysmsg/include/rsysmsg/rsysmsg/msg/detail/dds_fastrtps
[2.843s] -- Up-to-date: /home/rai-m/robosys/install/rsysmsg/include/rsysmsg/rsysmsg/msg/detail/num__rosidl_typesupport_fastrtps_cpp.hpp
[2.843s] -- Up-to-date: /home/rai-m/robosys/install/rsysmsg/include/rsysmsg/rsysmsg/srv
[2.843s] -- Up-to-date: /home/rai-m/robosys/install/rsysmsg/include/rsysmsg/rsysmsg/srv/detail
[2.843s] -- Up-to-date: /home/rai-m/robosys/install/rsysmsg/include/rsysmsg/rsysmsg/srv/detail/name__rosidl_typesupport_fastrtps_cpp.hpp
[2.843s] -- Up-to-date: /home/rai-m/robosys/install/rsysmsg/include/rsysmsg/rsysmsg/srv/detail/dds_fastrtps
[2.843s] -- Up-to-date: /home/rai-m/robosys/install/rsysmsg/include/rsysmsg/rsysmsg/action
[2.844s] -- Up-to-date: /home/rai-m/robosys/install/rsysmsg/include/rsysmsg/rsysmsg/action/detail
[2.844s] -- Up-to-date: /home/rai-m/robosys/install/rsysmsg/include/rsysmsg/rsysmsg/action/detail/dds_fastrtps
[2.844s] -- Up-to-date: /home/rai-m/robosys/install/rsysmsg/include/rsysmsg/rsysmsg/action/detail/monster__rosidl_typesupport_fastrtps_cpp.hpp
[2.844s] -- Up-to-date: /home/rai-m/robosys/install/rsysmsg/lib/librsysmsg__rosidl_typesupport_fastrtps_cpp.so
[2.844s] -- Up-to-date: /home/rai-m/robosys/install/rsysmsg/include/rsysmsg/rsysmsg
[2.844s] -- Up-to-date: /home/rai-m/robosys/install/rsysmsg/include/rsysmsg/rsysmsg/msg
[2.844s] -- Up-to-date: /home/rai-m/robosys/install/rsysmsg/include/rsysmsg/rsysmsg/msg/rosidl_typesupport_introspection_c__visibility_control.h
[2.844s] -- Up-to-date: /home/rai-m/robosys/install/rsysmsg/include/rsysmsg/rsysmsg/msg/detail
[2.844s] -- Up-to-date: /home/rai-m/robosys/install/rsysmsg/include/rsysmsg/rsysmsg/msg/detail/num__type_support.c
[2.844s] -- Up-to-date: /home/rai-m/robosys/install/rsysmsg/include/rsysmsg/rsysmsg/msg/detail/num__rosidl_typesupport_introspection_c.h
[2.844s] -- Up-to-date: /home/rai-m/robosys/install/rsysmsg/include/rsysmsg/rsysmsg/srv
[2.844s] -- Up-to-date: /home/rai-m/robosys/install/rsysmsg/include/rsysmsg/rsysmsg/srv/detail
[2.844s] -- Up-to-date: /home/rai-m/robosys/install/rsysmsg/include/rsysmsg/rsysmsg/srv/detail/name__type_support.c
[2.844s] -- Up-to-date: /home/rai-m/robosys/install/rsysmsg/include/rsysmsg/rsysmsg/srv/detail/name__rosidl_typesupport_introspection_c.h
[2.844s] -- Up-to-date: /home/rai-m/robosys/install/rsysmsg/include/rsysmsg/rsysmsg/action
[2.844s] -- Up-to-date: /home/rai-m/robosys/install/rsysmsg/include/rsysmsg/rsysmsg/action/detail
[2.844s] -- Up-to-date: /home/rai-m/robosys/install/rsysmsg/include/rsysmsg/rsysmsg/action/detail/monster__type_support.c
[2.844s] -- Up-to-date: /home/rai-m/robosys/install/rsysmsg/include/rsysmsg/rsysmsg/action/detail/monster__rosidl_typesupport_introspection_c.h
[2.844s] -- Up-to-date: /home/rai-m/robosys/install/rsysmsg/lib/librsysmsg__rosidl_typesupport_introspection_c.so
[2.844s] -- Up-to-date: /home/rai-m/robosys/install/rsysmsg/lib/librsysmsg__rosidl_typesupport_c.so
[2.844s] -- Up-to-date: /home/rai-m/robosys/install/rsysmsg/include/rsysmsg/rsysmsg
[2.844s] -- Up-to-date: /home/rai-m/robosys/install/rsysmsg/include/rsysmsg/rsysmsg/msg
[2.845s] -- Up-to-date: /home/rai-m/robosys/install/rsysmsg/include/rsysmsg/rsysmsg/msg/detail
[2.845s] -- Up-to-date: /home/rai-m/robosys/install/rsysmsg/include/rsysmsg/rsysmsg/msg/detail/num__rosidl_typesupport_introspection_cpp.hpp
[2.845s] -- Up-to-date: /home/rai-m/robosys/install/rsysmsg/include/rsysmsg/rsysmsg/msg/detail/num__type_support.cpp
[2.845s] -- Up-to-date: /home/rai-m/robosys/install/rsysmsg/include/rsysmsg/rsysmsg/srv
[2.845s] -- Up-to-date: /home/rai-m/robosys/install/rsysmsg/include/rsysmsg/rsysmsg/srv/detail
[2.845s] -- Up-to-date: /home/rai-m/robosys/install/rsysmsg/include/rsysmsg/rsysmsg/srv/detail/name__type_support.cpp
[2.845s] -- Up-to-date: /home/rai-m/robosys/install/rsysmsg/include/rsysmsg/rsysmsg/srv/detail/name__rosidl_typesupport_introspection_cpp.hpp
[2.845s] -- Up-to-date: /home/rai-m/robosys/install/rsysmsg/include/rsysmsg/rsysmsg/action
[2.845s] -- Up-to-date: /home/rai-m/robosys/install/rsysmsg/include/rsysmsg/rsysmsg/action/detail
[2.845s] -- Up-to-date: /home/rai-m/robosys/install/rsysmsg/include/rsysmsg/rsysmsg/action/detail/monster__type_support.cpp
[2.845s] -- Up-to-date: /home/rai-m/robosys/install/rsysmsg/include/rsysmsg/rsysmsg/action/detail/monster__rosidl_typesupport_introspection_cpp.hpp
[2.845s] -- Up-to-date: /home/rai-m/robosys/install/rsysmsg/lib/librsysmsg__rosidl_typesupport_introspection_cpp.so
[2.845s] -- Up-to-date: /home/rai-m/robosys/install/rsysmsg/lib/librsysmsg__rosidl_typesupport_cpp.so
[2.846s] -- Up-to-date: /home/rai-m/robosys/install/rsysmsg/share/rsysmsg/environment/pythonpath.sh
[2.846s] -- Installing: /home/rai-m/robosys/install/rsysmsg/share/rsysmsg/environment/pythonpath.dsv
[2.846s] -- Up-to-date: /home/rai-m/robosys/install/rsysmsg/local/lib/python3.10/dist-packages/rsysmsg-0.0.0-py3.10.egg-info
[2.846s] -- Installing: /home/rai-m/robosys/install/rsysmsg/local/lib/python3.10/dist-packages/rsysmsg-0.0.0-py3.10.egg-info/SOURCES.txt
[2.846s] -- Installing: /home/rai-m/robosys/install/rsysmsg/local/lib/python3.10/dist-packages/rsysmsg-0.0.0-py3.10.egg-info/dependency_links.txt
[2.846s] -- Installing: /home/rai-m/robosys/install/rsysmsg/local/lib/python3.10/dist-packages/rsysmsg-0.0.0-py3.10.egg-info/top_level.txt
[2.846s] -- Installing: /home/rai-m/robosys/install/rsysmsg/local/lib/python3.10/dist-packages/rsysmsg-0.0.0-py3.10.egg-info/PKG-INFO
[2.846s] -- Up-to-date: /home/rai-m/robosys/install/rsysmsg/local/lib/python3.10/dist-packages/rsysmsg
[2.846s] -- Up-to-date: /home/rai-m/robosys/install/rsysmsg/local/lib/python3.10/dist-packages/rsysmsg/msg
[2.846s] -- Up-to-date: /home/rai-m/robosys/install/rsysmsg/local/lib/python3.10/dist-packages/rsysmsg/msg/_num.py
[2.846s] -- Up-to-date: /home/rai-m/robosys/install/rsysmsg/local/lib/python3.10/dist-packages/rsysmsg/msg/_num_s.c
[2.846s] -- Up-to-date: /home/rai-m/robosys/install/rsysmsg/local/lib/python3.10/dist-packages/rsysmsg/msg/__init__.py
[2.847s] -- Up-to-date: /home/rai-m/robosys/install/rsysmsg/local/lib/python3.10/dist-packages/rsysmsg/librsysmsg__rosidl_generator_py.so
[2.847s] -- Up-to-date: /home/rai-m/robosys/install/rsysmsg/local/lib/python3.10/dist-packages/rsysmsg/srv
[2.847s] -- Up-to-date: /home/rai-m/robosys/install/rsysmsg/local/lib/python3.10/dist-packages/rsysmsg/srv/_name.py
[2.847s] -- Up-to-date: /home/rai-m/robosys/install/rsysmsg/local/lib/python3.10/dist-packages/rsysmsg/srv/_name_s.c
[2.847s] -- Up-to-date: /home/rai-m/robosys/install/rsysmsg/local/lib/python3.10/dist-packages/rsysmsg/srv/__init__.py
[2.847s] -- Up-to-date: /home/rai-m/robosys/install/rsysmsg/local/lib/python3.10/dist-packages/rsysmsg/action
[2.847s] -- Up-to-date: /home/rai-m/robosys/install/rsysmsg/local/lib/python3.10/dist-packages/rsysmsg/action/_monster_s.c
[2.847s] -- Up-to-date: /home/rai-m/robosys/install/rsysmsg/local/lib/python3.10/dist-packages/rsysmsg/action/_monster.py
[2.847s] -- Up-to-date: /home/rai-m/robosys/install/rsysmsg/local/lib/python3.10/dist-packages/rsysmsg/action/__init__.py
[2.847s] -- Up-to-date: /home/rai-m/robosys/install/rsysmsg/local/lib/python3.10/dist-packages/rsysmsg/_rsysmsg_s.ep.rosidl_typesupport_introspection_c.c
[2.847s] -- Up-to-date: /home/rai-m/robosys/install/rsysmsg/local/lib/python3.10/dist-packages/rsysmsg/rsysmsg_s__rosidl_typesupport_fastrtps_c.cpython-310-x86_64-linux-gnu.so
[2.847s] -- Up-to-date: /home/rai-m/robosys/install/rsysmsg/local/lib/python3.10/dist-packages/rsysmsg/rsysmsg_s__rosidl_typesupport_c.cpython-310-x86_64-linux-gnu.so
[2.847s] -- Up-to-date: /home/rai-m/robosys/install/rsysmsg/local/lib/python3.10/dist-packages/rsysmsg/_rsysmsg_s.ep.rosidl_typesupport_c.c
[2.847s] -- Up-to-date: /home/rai-m/robosys/install/rsysmsg/local/lib/python3.10/dist-packages/rsysmsg/_rsysmsg_s.ep.rosidl_typesupport_fastrtps_c.c
[2.847s] -- Installing: /home/rai-m/robosys/install/rsysmsg/local/lib/python3.10/dist-packages/rsysmsg/__init__.py
[2.847s] -- Up-to-date: /home/rai-m/robosys/install/rsysmsg/local/lib/python3.10/dist-packages/rsysmsg/rsysmsg_s__rosidl_typesupport_introspection_c.cpython-310-x86_64-linux-gnu.so
[2.897s] Listing '/home/rai-m/robosys/install/rsysmsg/local/lib/python3.10/dist-packages/rsysmsg'...
[2.897s] Compiling '/home/rai-m/robosys/install/rsysmsg/local/lib/python3.10/dist-packages/rsysmsg/__init__.py'...
[2.897s] Listing '/home/rai-m/robosys/install/rsysmsg/local/lib/python3.10/dist-packages/rsysmsg/action'...
[2.897s] Listing '/home/rai-m/robosys/install/rsysmsg/local/lib/python3.10/dist-packages/rsysmsg/msg'...
[2.898s] Listing '/home/rai-m/robosys/install/rsysmsg/local/lib/python3.10/dist-packages/rsysmsg/srv'...
[2.903s] -- Up-to-date: /home/rai-m/robosys/install/rsysmsg/local/lib/python3.10/dist-packages/rsysmsg/rsysmsg_s__rosidl_typesupport_fastrtps_c.cpython-310-x86_64-linux-gnu.so
[2.903s] -- Up-to-date: /home/rai-m/robosys/install/rsysmsg/local/lib/python3.10/dist-packages/rsysmsg/rsysmsg_s__rosidl_typesupport_introspection_c.cpython-310-x86_64-linux-gnu.so
[2.904s] -- Up-to-date: /home/rai-m/robosys/install/rsysmsg/local/lib/python3.10/dist-packages/rsysmsg/rsysmsg_s__rosidl_typesupport_c.cpython-310-x86_64-linux-gnu.so
[2.904s] -- Up-to-date: /home/rai-m/robosys/install/rsysmsg/lib/librsysmsg__rosidl_generator_py.so
[2.904s] -- Up-to-date: /home/rai-m/robosys/install/rsysmsg/share/rsysmsg/msg/Num.idl
[2.905s] -- Up-to-date: /home/rai-m/robosys/install/rsysmsg/share/rsysmsg/srv/Name.idl
[2.905s] -- Up-to-date: /home/rai-m/robosys/install/rsysmsg/share/rsysmsg/action/Monster.idl
[2.905s] -- Up-to-date: /home/rai-m/robosys/install/rsysmsg/share/rsysmsg/msg/Num.msg
[2.905s] -- Up-to-date: /home/rai-m/robosys/install/rsysmsg/share/rsysmsg/srv/Name.srv
[2.905s] -- Up-to-date: /home/rai-m/robosys/install/rsysmsg/share/rsysmsg/srv/Name_Request.msg
[2.906s] -- Up-to-date: /home/rai-m/robosys/install/rsysmsg/share/rsysmsg/srv/Name_Response.msg
[2.906s] -- Up-to-date: /home/rai-m/robosys/install/rsysmsg/share/rsysmsg/action/Monster.action
[2.906s] -- Up-to-date: /home/rai-m/robosys/install/rsysmsg/share/ament_index/resource_index/package_run_dependencies/rsysmsg
[2.906s] -- Up-to-date: /home/rai-m/robosys/install/rsysmsg/share/ament_index/resource_index/parent_prefix_path/rsysmsg
[2.907s] -- Up-to-date: /home/rai-m/robosys/install/rsysmsg/share/rsysmsg/environment/ament_prefix_path.sh
[2.907s] -- Installing: /home/rai-m/robosys/install/rsysmsg/share/rsysmsg/environment/ament_prefix_path.dsv
[2.907s] -- Up-to-date: /home/rai-m/robosys/install/rsysmsg/share/rsysmsg/environment/path.sh
[2.907s] -- Installing: /home/rai-m/robosys/install/rsysmsg/share/rsysmsg/environment/path.dsv
[2.907s] -- Up-to-date: /home/rai-m/robosys/install/rsysmsg/share/rsysmsg/local_setup.bash
[2.907s] -- Up-to-date: /home/rai-m/robosys/install/rsysmsg/share/rsysmsg/local_setup.sh
[2.907s] -- Up-to-date: /home/rai-m/robosys/install/rsysmsg/share/rsysmsg/local_setup.zsh
[2.907s] -- Installing: /home/rai-m/robosys/install/rsysmsg/share/rsysmsg/local_setup.dsv
[2.908s] -- Installing: /home/rai-m/robosys/install/rsysmsg/share/rsysmsg/package.dsv
[2.908s] -- Up-to-date: /home/rai-m/robosys/install/rsysmsg/share/ament_index/resource_index/packages/rsysmsg
[2.908s] -- Up-to-date: /home/rai-m/robosys/install/rsysmsg/share/rsysmsg/cmake/export_rsysmsg__rosidl_generator_cExport.cmake
[2.908s] -- Up-to-date: /home/rai-m/robosys/install/rsysmsg/share/rsysmsg/cmake/export_rsysmsg__rosidl_generator_cExport-noconfig.cmake
[2.914s] -- Up-to-date: /home/rai-m/robosys/install/rsysmsg/share/rsysmsg/cmake/export_rsysmsg__rosidl_typesupport_fastrtps_cExport.cmake
[2.914s] -- Up-to-date: /home/rai-m/robosys/install/rsysmsg/share/rsysmsg/cmake/export_rsysmsg__rosidl_typesupport_fastrtps_cExport-noconfig.cmake
[2.915s] -- Up-to-date: /home/rai-m/robosys/install/rsysmsg/share/rsysmsg/cmake/export_rsysmsg__rosidl_generator_cppExport.cmake
[2.915s] -- Up-to-date: /home/rai-m/robosys/install/rsysmsg/share/rsysmsg/cmake/export_rsysmsg__rosidl_typesupport_fastrtps_cppExport.cmake
[2.915s] -- Up-to-date: /home/rai-m/robosys/install/rsysmsg/share/rsysmsg/cmake/export_rsysmsg__rosidl_typesupport_fastrtps_cppExport-noconfig.cmake
[2.915s] -- Up-to-date: /home/rai-m/robosys/install/rsysmsg/share/rsysmsg/cmake/rsysmsg__rosidl_typesupport_introspection_cExport.cmake
[2.915s] -- Up-to-date: /home/rai-m/robosys/install/rsysmsg/share/rsysmsg/cmake/rsysmsg__rosidl_typesupport_introspection_cExport-noconfig.cmake
[2.915s] -- Up-to-date: /home/rai-m/robosys/install/rsysmsg/share/rsysmsg/cmake/rsysmsg__rosidl_typesupport_cExport.cmake
[2.915s] -- Up-to-date: /home/rai-m/robosys/install/rsysmsg/share/rsysmsg/cmake/rsysmsg__rosidl_typesupport_cExport-noconfig.cmake
[2.915s] -- Up-to-date: /home/rai-m/robosys/install/rsysmsg/share/rsysmsg/cmake/rsysmsg__rosidl_typesupport_introspection_cppExport.cmake
[2.916s] -- Up-to-date: /home/rai-m/robosys/install/rsysmsg/share/rsysmsg/cmake/rsysmsg__rosidl_typesupport_introspection_cppExport-noconfig.cmake
[2.916s] -- Up-to-date: /home/rai-m/robosys/install/rsysmsg/share/rsysmsg/cmake/rsysmsg__rosidl_typesupport_cppExport.cmake
[2.916s] -- Up-to-date: /home/rai-m/robosys/install/rsysmsg/share/rsysmsg/cmake/rsysmsg__rosidl_typesupport_cppExport-noconfig.cmake
[2.916s] -- Up-to-date: /home/rai-m/robosys/install/rsysmsg/share/rsysmsg/cmake/export_rsysmsg__rosidl_generator_pyExport.cmake
[2.916s] -- Up-to-date: /home/rai-m/robosys/install/rsysmsg/share/rsysmsg/cmake/export_rsysmsg__rosidl_generator_pyExport-noconfig.cmake
[2.917s] -- Up-to-date: /home/rai-m/robosys/install/rsysmsg/share/rsysmsg/cmake/rosidl_cmake-extras.cmake
[2.917s] -- Up-to-date: /home/rai-m/robosys/install/rsysmsg/share/rsysmsg/cmake/ament_cmake_export_dependencies-extras.cmake
[2.917s] -- Up-to-date: /home/rai-m/robosys/install/rsysmsg/share/rsysmsg/cmake/ament_cmake_export_include_directories-extras.cmake
[2.917s] -- Up-to-date: /home/rai-m/robosys/install/rsysmsg/share/rsysmsg/cmake/ament_cmake_export_libraries-extras.cmake
[2.917s] -- Up-to-date: /home/rai-m/robosys/install/rsysmsg/share/rsysmsg/cmake/ament_cmake_export_targets-extras.cmake
[2.917s] -- Up-to-date: /home/rai-m/robosys/install/rsysmsg/share/rsysmsg/cmake/rosidl_cmake_export_typesupport_targets-extras.cmake
[2.918s] -- Up-to-date: /home/rai-m/robosys/install/rsysmsg/share/rsysmsg/cmake/rosidl_cmake_export_typesupport_libraries-extras.cmake
[2.918s] -- Up-to-date: /home/rai-m/robosys/install/rsysmsg/share/rsysmsg/cmake/rsysmsgConfig.cmake
[2.918s] -- Up-to-date: /home/rai-m/robosys/install/rsysmsg/share/rsysmsg/cmake/rsysmsgConfig-version.cmake
[2.918s] -- Up-to-date: /home/rai-m/robosys/install/rsysmsg/share/rsysmsg/package.xml
[2.918s] Invoked command in '/home/rai-m/robosys/build/rsysmsg' returned '0': CMAKE_PREFIX_PATH=${CMAKE_PREFIX_PATH}:/home/rai-m/robosys/install/fight:/home/rai-m/mlr01_ws/install/lp01:/home/rai-m/test1_ws/install/robo02:/home/rai-m/test1_ws/install/robo01:/home/rai-m/test1_ws/install/py_pubsub:/home/rai-m/test1_ws/install/my_package2:/home/rai-m/test1_ws/install/my_package:/home/rai-m/test1_ws/install/multi01:/opt/ros/humble /usr/bin/cmake --install /home/rai-m/robosys/build/rsysmsg
