[1.123s] Invoking command in '/home/rai-m/robosys/src/fight': PYTHONPATH=/home/rai-m/robosys/build/fight/prefix_override:/usr/lib/python3/dist-packages/colcon_core/task/python/colcon_distutils_commands:/home/rai-m/robosys/install/fight/lib/python3.10/site-packages:${PYTHONPATH} /usr/bin/python3 -W ignore:setup.py install is deprecated -W ignore:easy_install command is deprecated setup.py egg_info --egg-base ../../build/fight build --build-base /home/rai-m/robosys/build/fight/build install --record /home/rai-m/robosys/build/fight/install.log --single-version-externally-managed install_data
[1.421s] running egg_info
[1.422s] writing ../../build/fight/fight.egg-info/PKG-INFO
[1.422s] writing dependency_links to ../../build/fight/fight.egg-info/dependency_links.txt
[1.423s] writing entry points to ../../build/fight/fight.egg-info/entry_points.txt
[1.425s] writing requirements to ../../build/fight/fight.egg-info/requires.txt
[1.425s] writing top-level names to ../../build/fight/fight.egg-info/top_level.txt
[1.426s] reading manifest file '../../build/fight/fight.egg-info/SOURCES.txt'
[1.426s] adding license file 'LICENSE'
[1.428s] writing manifest file '../../build/fight/fight.egg-info/SOURCES.txt'
[1.428s] running build
[1.428s] running build_py
[1.428s] copying fight/fightClient.py -> /home/rai-m/robosys/build/fight/build/lib/fight
[1.428s] copying fight/fightClientK.py -> /home/rai-m/robosys/build/fight/build/lib/fight
[1.429s] copying fight/fightServerK.py -> /home/rai-m/robosys/build/fight/build/lib/fight
[1.430s] running install
[1.430s] running install_lib
[1.430s] copying /home/rai-m/robosys/build/fight/build/lib/fight/fightClient.py -> /home/rai-m/robosys/install/fight/lib/python3.10/site-packages/fight
[1.431s] copying /home/rai-m/robosys/build/fight/build/lib/fight/fightClientK.py -> /home/rai-m/robosys/install/fight/lib/python3.10/site-packages/fight
[1.431s] copying /home/rai-m/robosys/build/fight/build/lib/fight/fightServerK.py -> /home/rai-m/robosys/install/fight/lib/python3.10/site-packages/fight
[1.431s] byte-compiling /home/rai-m/robosys/install/fight/lib/python3.10/site-packages/fight/fightClient.py to fightClient.cpython-310.pyc
[1.434s] byte-compiling /home/rai-m/robosys/install/fight/lib/python3.10/site-packages/fight/fightClientK.py to fightClientK.cpython-310.pyc
[1.435s]   File "/home/rai-m/robosys/install/fight/lib/python3.10/site-packages/fight/fightClientK.py", line 25
[1.435s]     continue
[1.435s]     ^^^^^^^^
[1.435s] SyntaxError: 'continue' not properly in loop
[1.435s] 
[1.435s] byte-compiling /home/rai-m/robosys/install/fight/lib/python3.10/site-packages/fight/fightServerK.py to fightServerK.cpython-310.pyc
[1.437s] byte-compiling /home/rai-m/robosys/install/fight/lib/python3.10/site-packages/fight/fighterClient.py to fighterClient.cpython-310.pyc
[1.438s] Sorry: IndentationError: expected an indented block after function definition on line 14 (fighterClient.py, line 18)
[1.439s] running install_data
[1.439s] running install_egg_info
[1.442s] removing '/home/rai-m/robosys/install/fight/lib/python3.10/site-packages/fight-0.0.0-py3.10.egg-info' (and everything under it)
[1.442s] Copying ../../build/fight/fight.egg-info to /home/rai-m/robosys/install/fight/lib/python3.10/site-packages/fight-0.0.0-py3.10.egg-info
[1.444s] running install_scripts
[1.475s] Installing fightCli script to /home/rai-m/robosys/install/fight/lib/fight
[1.476s] Installing fightGui script to /home/rai-m/robosys/install/fight/lib/fight
[1.477s] Installing fightSv script to /home/rai-m/robosys/install/fight/lib/fight
[1.478s] writing list of installed files to '/home/rai-m/robosys/build/fight/install.log'
[1.515s] Invoked command in '/home/rai-m/robosys/src/fight' returned '0': PYTHONPATH=/home/rai-m/robosys/build/fight/prefix_override:/usr/lib/python3/dist-packages/colcon_core/task/python/colcon_distutils_commands:/home/rai-m/robosys/install/fight/lib/python3.10/site-packages:${PYTHONPATH} /usr/bin/python3 -W ignore:setup.py install is deprecated -W ignore:easy_install command is deprecated setup.py egg_info --egg-base ../../build/fight build --build-base /home/rai-m/robosys/build/fight/build install --record /home/rai-m/robosys/build/fight/install.log --single-version-externally-managed install_data
