[1.606s] Invoking command in '/home/rai-m/robosys/src/fight': PYTHONPATH=/home/rai-m/robosys/build/fight/prefix_override:/usr/lib/python3/dist-packages/colcon_core/task/python/colcon_distutils_commands:/home/rai-m/robosys/install/fight/lib/python3.10/site-packages:${PYTHONPATH} /usr/bin/python3 -W ignore:setup.py install is deprecated -W ignore:easy_install command is deprecated setup.py egg_info --egg-base ../../build/fight build --build-base /home/rai-m/robosys/build/fight/build install --record /home/rai-m/robosys/build/fight/install.log --single-version-externally-managed install_data
[1.883s] running egg_info
[1.883s] writing ../../build/fight/fight.egg-info/PKG-INFO
[1.885s] writing dependency_links to ../../build/fight/fight.egg-info/dependency_links.txt
[1.886s] writing entry points to ../../build/fight/fight.egg-info/entry_points.txt
[1.887s] writing requirements to ../../build/fight/fight.egg-info/requires.txt
[1.887s] writing top-level names to ../../build/fight/fight.egg-info/top_level.txt
[1.889s] reading manifest file '../../build/fight/fight.egg-info/SOURCES.txt'
[1.891s] adding license file 'LICENSE'
[1.892s] writing manifest file '../../build/fight/fight.egg-info/SOURCES.txt'
[1.892s] running build
[1.892s] running build_py
[1.893s] copying fight/fightClientK.py -> /home/rai-m/robosys/build/fight/build/lib/fight
[1.895s] copying fight/fightServerK.py -> /home/rai-m/robosys/build/fight/build/lib/fight
[1.897s] running install
[1.897s] running install_lib
[1.898s] copying /home/rai-m/robosys/build/fight/build/lib/fight/fightClientK.py -> /home/rai-m/robosys/install/fight/lib/python3.10/site-packages/fight
[1.900s] copying /home/rai-m/robosys/build/fight/build/lib/fight/fightServerK.py -> /home/rai-m/robosys/install/fight/lib/python3.10/site-packages/fight
[1.902s] byte-compiling /home/rai-m/robosys/install/fight/lib/python3.10/site-packages/fight/fightClientK.py to fightClientK.cpython-310.pyc
[1.905s]   File "/home/rai-m/robosys/install/fight/lib/python3.10/site-packages/fight/fightClientK.py", line 176
[1.905s]     def fightingSub_callback(self. msg):
[1.905s]                                  ^
[1.905s] SyntaxError: invalid syntax
[1.905s] 
[1.905s] byte-compiling /home/rai-m/robosys/install/fight/lib/python3.10/site-packages/fight/fightServerK.py to fightServerK.cpython-310.pyc
[1.910s] running install_data
[1.911s] running install_egg_info
[1.914s] removing '/home/rai-m/robosys/install/fight/lib/python3.10/site-packages/fight-0.0.0-py3.10.egg-info' (and everything under it)
[1.915s] Copying ../../build/fight/fight.egg-info to /home/rai-m/robosys/install/fight/lib/python3.10/site-packages/fight-0.0.0-py3.10.egg-info
[1.918s] running install_scripts
[1.944s] Installing fightCli script to /home/rai-m/robosys/install/fight/lib/fight
[1.944s] Installing fightGui script to /home/rai-m/robosys/install/fight/lib/fight
[1.945s] Installing fightSv script to /home/rai-m/robosys/install/fight/lib/fight
[1.947s] writing list of installed files to '/home/rai-m/robosys/build/fight/install.log'
[1.978s] Invoked command in '/home/rai-m/robosys/src/fight' returned '0': PYTHONPATH=/home/rai-m/robosys/build/fight/prefix_override:/usr/lib/python3/dist-packages/colcon_core/task/python/colcon_distutils_commands:/home/rai-m/robosys/install/fight/lib/python3.10/site-packages:${PYTHONPATH} /usr/bin/python3 -W ignore:setup.py install is deprecated -W ignore:easy_install command is deprecated setup.py egg_info --egg-base ../../build/fight build --build-base /home/rai-m/robosys/build/fight/build install --record /home/rai-m/robosys/build/fight/install.log --single-version-externally-managed install_data
